../mycode/OLED.c:10:6:OLED_display	4	static
../mycode/OLED.c:27:6:OLED_I2C_Init	8	static
../mycode/OLED.c:40:6:OLED_I2C_Start	8	static
../mycode/OLED.c:53:6:OLED_I2C_Stop	8	static
../mycode/OLED.c:65:6:OLED_I2C_SendByte	24	static
../mycode/OLED.c:83:6:OLED_WriteCommand	16	static
../mycode/OLED.c:97:6:OLED_WriteData	16	static
../mycode/OLED.c:112:6:OLED_SetCursor	16	static
../mycode/OLED.c:124:6:OLED_Clear	16	static
../mycode/OLED.c:144:6:OLED_ShowChar	24	static
../mycode/OLED.c:166:6:OLED_ShowString	24	static
../mycode/OLED.c:179:10:OLED_Pow	24	static
../mycode/OLED.c:197:6:OLED_ShowNum	32	static
../mycode/OLED.c:214:6:OLED_ShowSignedNum	32	static
../mycode/OLED.c:242:6:OLED_ShowHexNum	24	static
../mycode/OLED.c:267:6:OLED_ShowBinNum	32	static
../mycode/OLED.c:281:6:OLED_Init	16	static
