Component: Arm Compiler for Embedded 6.21 Tool: armlink [5ec1fa00]

==============================================================================

Section Cross References

    empty.o(.text.main) refers to ti_msp_dl_config.o(.text.SYSCFG_DL_init) for SYSCFG_DL_init
    empty.o(.text.main) refers to clock.o(.text.SysTick_Init) for SysTick_Init
    empty.o(.text.main) refers to oled.o(.text.OLED_Init) for OLED_Init
    empty.o(.text.main) refers to interrupt.o(.text.Interrupt_Init) for Interrupt_Init
    empty.o(.text.main) refers to servo.o(.text.SERVO_SetAngle1) for SERVO_SetAngle1
    empty.o(.text.main) refers to servo.o(.text.SERVO_SetAngle2) for SERVO_SetAngle2
    empty.o(.text.main) refers to led.o(.text.LED_ON) for LED_ON
    empty.o(.text.main) refers to oled.o(.text.OLED_ShowString) for OLED_ShowString
    empty.o(.text.main) refers to oled.o(.text.Update_Encoder_Display) for Update_Encoder_Display
    empty.o(.text.main) refers to oled.o(.text.delay_ms) for delay_ms
    empty.o(.text.main) refers to motor.o(.text.Motor1_front) for Motor1_front
    empty.o(.text.main) refers to motor.o(.text.Motor2_front) for Motor2_front
    empty.o(.text.main) refers to oled.o(.text.OLED_Clear) for OLED_Clear
    empty.o(.ARM.exidx.text.main) refers to empty.o(.text.main) for [Anonymous Symbol]
    startup_mspm0g350x_uvision.o(STACK) refers (Special) to heapauxi.o(.text) for __use_two_region_memory
    startup_mspm0g350x_uvision.o(HEAP) refers (Special) to heapauxi.o(.text) for __use_two_region_memory
    startup_mspm0g350x_uvision.o(RESET) refers (Special) to heapauxi.o(.text) for __use_two_region_memory
    startup_mspm0g350x_uvision.o(RESET) refers to startup_mspm0g350x_uvision.o(STACK) for __initial_sp
    startup_mspm0g350x_uvision.o(RESET) refers to startup_mspm0g350x_uvision.o(.text) for Reset_Handler
    startup_mspm0g350x_uvision.o(RESET) refers to interrupt.o(.text.SysTick_Handler) for SysTick_Handler
    startup_mspm0g350x_uvision.o(RESET) refers to encoder.o(.text.GROUP1_IRQHandler) for GROUP1_IRQHandler
    startup_mspm0g350x_uvision.o(.text) refers (Special) to heapauxi.o(.text) for __use_two_region_memory
    startup_mspm0g350x_uvision.o(.text) refers to __main.o(!!!main) for __main
    startup_mspm0g350x_uvision.o(.text) refers to startup_mspm0g350x_uvision.o(HEAP) for Heap_Mem
    startup_mspm0g350x_uvision.o(.text) refers to startup_mspm0g350x_uvision.o(STACK) for Stack_Mem
    ti_msp_dl_config.o(.text.SYSCFG_DL_init) refers to ti_msp_dl_config.o(.text.SYSCFG_DL_initPower) for SYSCFG_DL_initPower
    ti_msp_dl_config.o(.text.SYSCFG_DL_init) refers to ti_msp_dl_config.o(.text.SYSCFG_DL_GPIO_init) for SYSCFG_DL_GPIO_init
    ti_msp_dl_config.o(.text.SYSCFG_DL_init) refers to ti_msp_dl_config.o(.text.SYSCFG_DL_SYSCTL_init) for SYSCFG_DL_SYSCTL_init
    ti_msp_dl_config.o(.text.SYSCFG_DL_init) refers to ti_msp_dl_config.o(.text.SYSCFG_DL_PWM_SERVO_init) for SYSCFG_DL_PWM_SERVO_init
    ti_msp_dl_config.o(.text.SYSCFG_DL_init) refers to ti_msp_dl_config.o(.text.SYSCFG_DL_PWM_MOTOR_init) for SYSCFG_DL_PWM_MOTOR_init
    ti_msp_dl_config.o(.text.SYSCFG_DL_init) refers to ti_msp_dl_config.o(.text.SYSCFG_DL_TIMER_0_init) for SYSCFG_DL_TIMER_0_init
    ti_msp_dl_config.o(.text.SYSCFG_DL_init) refers to ti_msp_dl_config.o(.text.SYSCFG_DL_I2C_OLED_init) for SYSCFG_DL_I2C_OLED_init
    ti_msp_dl_config.o(.text.SYSCFG_DL_init) refers to ti_msp_dl_config.o(.text.SYSCFG_DL_UART_0_init) for SYSCFG_DL_UART_0_init
    ti_msp_dl_config.o(.text.SYSCFG_DL_init) refers to ti_msp_dl_config.o(.bss.gPWM_MOTORBackup) for gPWM_MOTORBackup
    ti_msp_dl_config.o(.ARM.exidx.text.SYSCFG_DL_init) refers to ti_msp_dl_config.o(.text.SYSCFG_DL_init) for [Anonymous Symbol]
    ti_msp_dl_config.o(.text.SYSCFG_DL_initPower) refers to dl_common.o(.text.DL_Common_delayCycles) for DL_Common_delayCycles
    ti_msp_dl_config.o(.ARM.exidx.text.SYSCFG_DL_initPower) refers to ti_msp_dl_config.o(.text.SYSCFG_DL_initPower) for [Anonymous Symbol]
    ti_msp_dl_config.o(.ARM.exidx.text.SYSCFG_DL_GPIO_init) refers to ti_msp_dl_config.o(.text.SYSCFG_DL_GPIO_init) for [Anonymous Symbol]
    ti_msp_dl_config.o(.ARM.exidx.text.SYSCFG_DL_SYSCTL_init) refers to ti_msp_dl_config.o(.text.SYSCFG_DL_SYSCTL_init) for [Anonymous Symbol]
    ti_msp_dl_config.o(.text.SYSCFG_DL_PWM_SERVO_init) refers to dl_timer.o(.text.DL_Timer_setClockConfig) for DL_Timer_setClockConfig
    ti_msp_dl_config.o(.text.SYSCFG_DL_PWM_SERVO_init) refers to dl_timer.o(.text.DL_Timer_initFourCCPWMMode) for DL_Timer_initFourCCPWMMode
    ti_msp_dl_config.o(.text.SYSCFG_DL_PWM_SERVO_init) refers to dl_timer.o(.text.DL_Timer_setCaptureCompareOutCtl) for DL_Timer_setCaptureCompareOutCtl
    ti_msp_dl_config.o(.text.SYSCFG_DL_PWM_SERVO_init) refers to dl_timer.o(.text.DL_Timer_setCaptCompUpdateMethod) for DL_Timer_setCaptCompUpdateMethod
[...]

Removing Unused input sections from the image.

    Removing empty.o(.text), (0 bytes).
    Removing empty.o(.ARM.exidx.text.main), (8 bytes).
    Removing empty.o(.bss.oled_buffer), (32 bytes).
    Removing empty.o(.ARM.use_no_argv), (4 bytes).
    Removing ti_msp_dl_config.o(.text), (0 bytes).
    Removing ti_msp_dl_config.o(.ARM.exidx.text.SYSCFG_DL_init), (8 bytes).
    Removing ti_msp_dl_config.o(.ARM.exidx.text.SYSCFG_DL_initPower), (8 bytes).
    Removing ti_msp_dl_config.o(.ARM.exidx.text.SYSCFG_DL_GPIO_init), (8 bytes).
    Removing ti_msp_dl_config.o(.ARM.exidx.text.SYSCFG_DL_SYSCTL_init), (8 bytes).
    Removing ti_msp_dl_config.o(.ARM.exidx.text.SYSCFG_DL_PWM_SERVO_init), (8 bytes).
    Removing ti_msp_dl_config.o(.ARM.exidx.text.SYSCFG_DL_PWM_MOTOR_init), (8 bytes).
    Removing ti_msp_dl_config.o(.ARM.exidx.text.SYSCFG_DL_TIMER_0_init), (8 bytes).
    Removing ti_msp_dl_config.o(.ARM.exidx.text.SYSCFG_DL_I2C_OLED_init), (8 bytes).
    Removing ti_msp_dl_config.o(.ARM.exidx.text.SYSCFG_DL_UART_0_init), (8 bytes).
    Removing ti_msp_dl_config.o(.text.SYSCFG_DL_saveConfiguration), (20 bytes).
    Removing ti_msp_dl_config.o(.ARM.exidx.text.SYSCFG_DL_saveConfiguration), (8 bytes).
    Removing ti_msp_dl_config.o(.text.SYSCFG_DL_restoreConfiguration), (24 bytes).
    Removing ti_msp_dl_config.o(.ARM.exidx.text.SYSCFG_DL_restoreConfiguration), (8 bytes).
    Removing oled.o(.text), (0 bytes).
    Removing oled.o(.ARM.exidx.text.delay_ms), (8 bytes).
    Removing oled.o(.text.oled_i2c_sda_unlock), (140 bytes).
    Removing oled.o(.ARM.exidx.text.oled_i2c_sda_unlock), (8 bytes).
    Removing oled.o(.text.OLED_ColorTurn), (24 bytes).
    Removing oled.o(.ARM.exidx.text.OLED_ColorTurn), (8 bytes).
    Removing oled.o(.ARM.exidx.text.OLED_WR_Byte), (8 bytes).
    Removing oled.o(.text.OLED_DisplayTurn), (38 bytes).
    Removing oled.o(.ARM.exidx.text.OLED_DisplayTurn), (8 bytes).
    Removing oled.o(.text.OLED_Set_Pos), (38 bytes).
    Removing oled.o(.ARM.exidx.text.OLED_Set_Pos), (8 bytes).
    Removing oled.o(.text.OLED_Display_On), (30 bytes).
    Removing oled.o(.ARM.exidx.text.OLED_Display_On), (8 bytes).
    Removing oled.o(.text.OLED_Display_Off), (30 bytes).
    Removing oled.o(.ARM.exidx.text.OLED_Display_Off), (8 bytes).
    Removing oled.o(.ARM.exidx.text.OLED_Clear), (8 bytes).
    Removing oled.o(.ARM.exidx.text.OLED_ShowChar), (8 bytes).
    Removing oled.o(.text.oled_pow), (68 bytes).
    Removing oled.o(.ARM.exidx.text.oled_pow), (8 bytes).
    Removing oled.o(.text.OLED_ShowNum), (236 bytes).
    Removing oled.o(.ARM.exidx.text.OLED_ShowNum), (8 bytes).
    Removing oled.o(.ARM.exidx.text.OLED_ShowString), (8 bytes).
    Removing oled.o(.text.OLED_ShowChinese), (124 bytes).
    Removing oled.o(.ARM.exidx.text.OLED_ShowChinese), (8 bytes).
    Removing oled.o(.text.OLED_DrawBMP), (122 bytes).
    Removing oled.o(.ARM.exidx.text.OLED_DrawBMP), (8 bytes).
    Removing oled.o(.ARM.exidx.text.OLED_Init), (8 bytes).
    Removing oled.o(.ARM.exidx.text.Update_Encoder_Display), (8 bytes).
    Removing oled.o(.rodata.Hzk), (224 bytes).
    Removing clock.o(.text), (0 bytes).
    Removing clock.o(.ARM.exidx.text.mspm0_delay_ms), (8 bytes).
    Removing clock.o(.ARM.exidx.text.mspm0_get_clock_ms), (8 bytes).
    Removing clock.o(.ARM.exidx.text.SysTick_Init), (8 bytes).
    Removing interrupt.o(.text), (0 bytes).
    Removing interrupt.o(.ARM.exidx.text.Interrupt_Init), (8 bytes).
    Removing interrupt.o(.ARM.exidx.text.SysTick_Handler), (8 bytes).
    Removing led.o(.text), (0 bytes).
    Removing led.o(.ARM.exidx.text.LED_ON), (8 bytes).
    Removing led.o(.text.LED_OFF), (16 bytes).
    Removing led.o(.ARM.exidx.text.LED_OFF), (8 bytes).
    Removing key.o(.text), (0 bytes).
    Removing key.o(.text.key_Init), (28 bytes).
    Removing key.o(.ARM.exidx.text.key_Init), (8 bytes).
    Removing uart.o(.text), (0 bytes).
    Removing servo.o(.text), (0 bytes).
    Removing servo.o(.ARM.exidx.text.SERVO_SetAngle1), (8 bytes).
    Removing servo.o(.ARM.exidx.text.SERVO_SetAngle2), (8 bytes).
    Removing motor.o(.text), (0 bytes).
    Removing motor.o(.ARM.exidx.text.Motor1_front), (8 bytes).
    Removing motor.o(.ARM.exidx.text.Motor2_front), (8 bytes).
    Removing motor.o(.text.Motor1_back), (20 bytes).
    Removing motor.o(.ARM.exidx.text.Motor1_back), (8 bytes).
    Removing motor.o(.text.Motor1_stop), (20 bytes).
    Removing motor.o(.ARM.exidx.text.Motor1_stop), (8 bytes).
    Removing encoder.o(.text), (0 bytes).
    Removing encoder.o(.ARM.exidx.text.GROUP1_IRQHandler), (8 bytes).
    Removing encoder.o(.bss.encoderA_cnt), (4 bytes).
    Removing encoder.o(.bss.PWMA), (4 bytes).
    Removing encoder.o(.bss.encoderB_cnt), (4 bytes).
    Removing dl_common.o(.text), (0 bytes).
    Removing dl_common.o(.ARM.exidx.text.DL_Common_delayCycles), (8 bytes).
    Removing dl_i2c.o(.text), (0 bytes).
    Removing dl_i2c.o(.ARM.exidx.text.DL_I2C_setClockConfig), (8 bytes).
    Removing dl_i2c.o(.text.DL_I2C_getClockConfig), (26 bytes).
    Removing dl_i2c.o(.ARM.exidx.text.DL_I2C_getClockConfig), (8 bytes).
    Removing dl_i2c.o(.ARM.exidx.text.DL_I2C_fillControllerTXFIFO), (8 bytes).
    Removing dl_i2c.o(.text.DL_I2C_flushControllerTXFIFO), (40 bytes).
    Removing dl_i2c.o(.ARM.exidx.text.DL_I2C_flushControllerTXFIFO), (8 bytes).
    Removing dl_i2c.o(.text.DL_I2C_flushControllerRXFIFO), (32 bytes).
    Removing dl_i2c.o(.ARM.exidx.text.DL_I2C_flushControllerRXFIFO), (8 bytes).
    Removing dl_i2c.o(.text.DL_I2C_fillTargetTXFIFO), (48 bytes).
    Removing dl_i2c.o(.ARM.exidx.text.DL_I2C_fillTargetTXFIFO), (8 bytes).
    Removing dl_i2c.o(.text.DL_I2C_flushTargetTXFIFO), (40 bytes).
    Removing dl_i2c.o(.ARM.exidx.text.DL_I2C_flushTargetTXFIFO), (8 bytes).
    Removing dl_i2c.o(.text.DL_I2C_flushTargetRXFIFO), (32 bytes).
    Removing dl_i2c.o(.ARM.exidx.text.DL_I2C_flushTargetRXFIFO), (8 bytes).
    Removing dl_i2c.o(.text.DL_I2C_transmitTargetDataBlocking), (20 bytes).
    Removing dl_i2c.o(.ARM.exidx.text.DL_I2C_transmitTargetDataBlocking), (8 bytes).
    Removing dl_i2c.o(.text.DL_I2C_transmitTargetDataCheck), (32 bytes).
    Removing dl_i2c.o(.ARM.exidx.text.DL_I2C_transmitTargetDataCheck), (8 bytes).
    Removing dl_i2c.o(.text.DL_I2C_receiveTargetDataBlocking), (20 bytes).
    Removing dl_i2c.o(.ARM.exidx.text.DL_I2C_receiveTargetDataBlocking), (8 bytes).
    Removing dl_i2c.o(.text.DL_I2C_receiveTargetDataCheck), (32 bytes).
    Removing dl_i2c.o(.ARM.exidx.text.DL_I2C_receiveTargetDataCheck), (8 bytes).
    Removing dl_timer.o(.text), (0 bytes).
    Removing dl_timer.o(.ARM.exidx.text.DL_Timer_setClockConfig), (8 bytes).
    Removing dl_timer.o(.text.DL_Timer_getClockConfig), (28 bytes).
    Removing dl_timer.o(.ARM.exidx.text.DL_Timer_getClockConfig), (8 bytes).
    Removing dl_timer.o(.ARM.exidx.text.DL_Timer_initTimerMode), (8 bytes).
    Removing dl_timer.o(.ARM.exidx.text.DL_Timer_setCaptureCompareValue), (8 bytes).
    Removing dl_timer.o(.text.DL_Timer_setCaptureCompareCtl), (40 bytes).
    Removing dl_timer.o(.ARM.exidx.text.DL_Timer_setCaptureCompareCtl), (8 bytes).
    Removing dl_timer.o(.text.DL_Timer_initCaptureMode), (272 bytes).
    Removing dl_timer.o(.ARM.exidx.text.DL_Timer_initCaptureMode), (8 bytes).
    Removing dl_timer.o(.text.DL_Timer_setCaptureCompareInput), (26 bytes).
    Removing dl_timer.o(.ARM.exidx.text.DL_Timer_setCaptureCompareInput), (8 bytes).
    Removing dl_timer.o(.text.DL_Timer_initCaptureTriggerMode), (124 bytes).
    Removing dl_timer.o(.ARM.exidx.text.DL_Timer_initCaptureTriggerMode), (8 bytes).
    Removing dl_timer.o(.text.DL_Timer_initCaptureCombinedMode), (232 bytes).
    Removing dl_timer.o(.ARM.exidx.text.DL_Timer_initCaptureCombinedMode), (8 bytes).
    Removing dl_timer.o(.text.DL_Timer_initCompareMode), (168 bytes).
    Removing dl_timer.o(.ARM.exidx.text.DL_Timer_initCompareMode), (8 bytes).
    Removing dl_timer.o(.text.DL_Timer_initCompareTriggerMode), (112 bytes).
    Removing dl_timer.o(.ARM.exidx.text.DL_Timer_initCompareTriggerMode), (8 bytes).
    Removing dl_timer.o(.text.DL_Timer_getCaptureCompareValue), (16 bytes).
    Removing dl_timer.o(.ARM.exidx.text.DL_Timer_getCaptureCompareValue), (8 bytes).
    Removing dl_timer.o(.text.DL_Timer_getCaptureCompareCtl), (24 bytes).
    Removing dl_timer.o(.ARM.exidx.text.DL_Timer_getCaptureCompareCtl), (8 bytes).
    Removing dl_timer.o(.text.DL_Timer_setSecondCompSrcDn), (28 bytes).
    Removing dl_timer.o(.ARM.exidx.text.DL_Timer_setSecondCompSrcDn), (8 bytes).
    Removing dl_timer.o(.text.DL_Timer_getSecondCompSrcDn), (20 bytes).
    Removing dl_timer.o(.ARM.exidx.text.DL_Timer_getSecondCompSrcDn), (8 bytes).
    Removing dl_timer.o(.text.DL_Timer_setSecondCompSrcUp), (28 bytes).
    Removing dl_timer.o(.ARM.exidx.text.DL_Timer_setSecondCompSrcUp), (8 bytes).
    Removing dl_timer.o(.text.DL_Timer_getSecondCompSrcUp), (20 bytes).
    Removing dl_timer.o(.ARM.exidx.text.DL_Timer_getSecondCompSrcUp), (8 bytes).
    Removing dl_timer.o(.text.DL_Timer_setSecondCompActionDn), (28 bytes).
    Removing dl_timer.o(.ARM.exidx.text.DL_Timer_setSecondCompActionDn), (8 bytes).
    Removing dl_timer.o(.text.DL_Timer_getSecondCompActionDn), (20 bytes).
    Removing dl_timer.o(.ARM.exidx.text.DL_Timer_getSecondCompActionDn), (8 bytes).
    Removing dl_timer.o(.text.DL_Timer_setSecondCompActionUp), (28 bytes).
    Removing dl_timer.o(.ARM.exidx.text.DL_Timer_setSecondCompActionUp), (8 bytes).
    Removing dl_timer.o(.text.DL_Timer_getSecondCompActionUp), (20 bytes).
    Removing dl_timer.o(.ARM.exidx.text.DL_Timer_getSecondCompActionUp), (8 bytes).
    Removing dl_timer.o(.text.DL_Timer_enableSuppressionOfCompEvent), (24 bytes).
    Removing dl_timer.o(.ARM.exidx.text.DL_Timer_enableSuppressionOfCompEvent), (8 bytes).
    Removing dl_timer.o(.text.DL_Timer_disableSuppressionOfCompEvent), (24 bytes).
    Removing dl_timer.o(.ARM.exidx.text.DL_Timer_disableSuppressionOfCompEvent), (8 bytes).
    Removing dl_timer.o(.ARM.exidx.text.DL_Timer_setCaptCompUpdateMethod), (8 bytes).
    Removing dl_timer.o(.text.DL_Timer_getCaptCompUpdateMethod), (20 bytes).
    Removing dl_timer.o(.ARM.exidx.text.DL_Timer_getCaptCompUpdateMethod), (8 bytes).
    Removing dl_timer.o(.ARM.exidx.text.DL_Timer_setCaptureCompareOutCtl), (8 bytes).
    Removing dl_timer.o(.text.DL_Timer_getCaptureCompareOutCtl), (16 bytes).
    Removing dl_timer.o(.ARM.exidx.text.DL_Timer_getCaptureCompareOutCtl), (8 bytes).
    Removing dl_timer.o(.text.DL_Timer_setCaptureCompareAction), (36 bytes).
    Removing dl_timer.o(.ARM.exidx.text.DL_Timer_setCaptureCompareAction), (8 bytes).
    Removing dl_timer.o(.text.DL_Timer_getCaptureCompareAction), (24 bytes).
    Removing dl_timer.o(.ARM.exidx.text.DL_Timer_getCaptureCompareAction), (8 bytes).
    Removing dl_timer.o(.text.DL_Timer_overrideCCPOut), (32 bytes).
    Removing dl_timer.o(.ARM.exidx.text.DL_Timer_overrideCCPOut), (8 bytes).
    Removing dl_timer.o(.text.DL_Timer_getCaptureCompareInput), (16 bytes).
    Removing dl_timer.o(.ARM.exidx.text.DL_Timer_getCaptureCompareInput), (8 bytes).
    Removing dl_timer.o(.text.DL_Timer_setCaptureCompareInputFilter), (28 bytes).
    Removing dl_timer.o(.ARM.exidx.text.DL_Timer_setCaptureCompareInputFilter), (8 bytes).
    Removing dl_timer.o(.text.DL_Timer_getCaptureCompareInputFilter), (18 bytes).
    Removing dl_timer.o(.ARM.exidx.text.DL_Timer_getCaptureCompareInputFilter), (8 bytes).
    Removing dl_timer.o(.text.DL_Timer_enableCaptureCompareInputFilter), (20 bytes).
    Removing dl_timer.o(.ARM.exidx.text.DL_Timer_enableCaptureCompareInputFilter), (8 bytes).
    Removing dl_timer.o(.text.DL_Timer_disableCaptureCompareInputFilter), (20 bytes).
    Removing dl_timer.o(.ARM.exidx.text.DL_Timer_disableCaptureCompareInputFilter), (8 bytes).
    Removing dl_timer.o(.text.DL_Timer_isCaptureCompareInputFilterEnabled), (20 bytes).
    Removing dl_timer.o(.ARM.exidx.text.DL_Timer_isCaptureCompareInputFilterEnabled), (8 bytes).
    Removing dl_timer.o(.text.DL_Timer_saveConfiguration), (236 bytes).
    Removing dl_timer.o(.ARM.exidx.text.DL_Timer_saveConfiguration), (8 bytes).
    Removing dl_timer.o(.text.DL_Timer_restoreConfiguration), (244 bytes).
    Removing dl_timer.o(.ARM.exidx.text.DL_Timer_restoreConfiguration), (8 bytes).
    Removing dl_timer.o(.ARM.exidx.text.DL_Timer_initFourCCPWMMode), (8 bytes).
    Removing dl_timer.o(.text.DL_Timer_setFaultSourceConfig), (44 bytes).
    Removing dl_timer.o(.ARM.exidx.text.DL_Timer_setFaultSourceConfig), (8 bytes).
    Removing dl_timer.o(.text.DL_Timer_getFaultSourceConfig), (32 bytes).
    Removing dl_timer.o(.ARM.exidx.text.DL_Timer_getFaultSourceConfig), (8 bytes).
    Removing dl_timer.o(.text.DL_TimerA_saveConfiguration), (264 bytes).
    Removing dl_timer.o(.ARM.exidx.text.DL_TimerA_saveConfiguration), (8 bytes).
    Removing dl_timer.o(.text.DL_TimerA_restoreConfiguration), (276 bytes).
    Removing dl_timer.o(.ARM.exidx.text.DL_TimerA_restoreConfiguration), (8 bytes).
    Removing dl_timer.o(.text.DL_Timer_configQEIHallInputMode), (36 bytes).
    Removing dl_timer.o(.ARM.exidx.text.DL_Timer_configQEIHallInputMode), (8 bytes).
    Removing dl_timer.o(.rodata..Lswitch.table.DL_Timer_initCompareMode), (12 bytes).
    Removing dl_uart.o(.text), (0 bytes).
    Removing dl_uart.o(.ARM.exidx.text.DL_UART_init), (8 bytes).
    Removing dl_uart.o(.ARM.exidx.text.DL_UART_setClockConfig), (8 bytes).
    Removing dl_uart.o(.text.DL_UART_getClockConfig), (16 bytes).
    Removing dl_uart.o(.ARM.exidx.text.DL_UART_getClockConfig), (8 bytes).
    Removing dl_uart.o(.text.DL_UART_configBaudRate), (140 bytes).
    Removing dl_uart.o(.ARM.exidx.text.DL_UART_configBaudRate), (8 bytes).
    Removing dl_uart.o(.text.DL_UART_configIrDAMode), (60 bytes).
    Removing dl_uart.o(.ARM.exidx.text.DL_UART_configIrDAMode), (8 bytes).
    Removing dl_uart.o(.text.DL_UART_setIrDAPulseLength), (42 bytes).
    Removing dl_uart.o(.ARM.exidx.text.DL_UART_setIrDAPulseLength), (8 bytes).
    Removing dl_uart.o(.text.DL_UART_receiveDataBlocking), (20 bytes).
    Removing dl_uart.o(.ARM.exidx.text.DL_UART_receiveDataBlocking), (8 bytes).
    Removing dl_uart.o(.text.DL_UART_transmitDataBlocking), (20 bytes).
    Removing dl_uart.o(.ARM.exidx.text.DL_UART_transmitDataBlocking), (8 bytes).
    Removing dl_uart.o(.text.DL_UART_receiveDataCheck), (28 bytes).
    Removing dl_uart.o(.ARM.exidx.text.DL_UART_receiveDataCheck), (8 bytes).
    Removing dl_uart.o(.text.DL_UART_transmitDataCheck), (24 bytes).
    Removing dl_uart.o(.ARM.exidx.text.DL_UART_transmitDataCheck), (8 bytes).
    Removing dl_uart.o(.text.DL_UART_drainRXFIFO), (40 bytes).
    Removing dl_uart.o(.ARM.exidx.text.DL_UART_drainRXFIFO), (8 bytes).
    Removing dl_uart.o(.text.DL_UART_fillTXFIFO), (40 bytes).
    Removing dl_uart.o(.ARM.exidx.text.DL_UART_fillTXFIFO), (8 bytes).
    Removing dl_uart.o(.text.DL_UART_Main_saveConfiguration), (88 bytes).
    Removing dl_uart.o(.ARM.exidx.text.DL_UART_Main_saveConfiguration), (8 bytes).
    Removing dl_uart.o(.text.DL_UART_Main_restoreConfiguration), (120 bytes).
    Removing dl_uart.o(.ARM.exidx.text.DL_UART_Main_restoreConfiguration), (8 bytes).
    Removing dl_uart.o(.text.DL_UART_Extend_saveConfiguration), (104 bytes).
    Removing dl_uart.o(.ARM.exidx.text.DL_UART_Extend_saveConfiguration), (8 bytes).
    Removing dl_uart.o(.text.DL_UART_Extend_restoreConfiguration), (132 bytes).
    Removing dl_uart.o(.ARM.exidx.text.DL_UART_Extend_restoreConfiguration), (8 bytes).

217 unused section(s) (total 6058 bytes) removed from the image.

==============================================================================

Image Symbol Table

    Local Symbols

    Symbol Name                              Value     Ov Type        Size  Object(Section)

    ../clib/angel/boardlib.s                 0x00000000   Number         0  boardinit1.o ABSOLUTE
    ../clib/angel/boardlib.s                 0x00000000   Number         0  boardinit2.o ABSOLUTE
    ../clib/angel/boardlib.s                 0x00000000   Number         0  boardinit3.o ABSOLUTE
    ../clib/angel/boardlib.s                 0x00000000   Number         0  boardshut.o ABSOLUTE
    ../clib/angel/handlers.s                 0x00000000   Number         0  __scatter_zi.o ABSOLUTE
    ../clib/angel/kernel.s                   0x00000000   Number         0  __rtentry.o ABSOLUTE
    ../clib/angel/kernel.s                   0x00000000   Number         0  __rtentry2.o ABSOLUTE
    ../clib/angel/kernel.s                   0x00000000   Number         0  __rtentry4.o ABSOLUTE
    ../clib/angel/kernel.s                   0x00000000   Number         0  rtexit.o ABSOLUTE
    ../clib/angel/kernel.s                   0x00000000   Number         0  rtexit2.o ABSOLUTE
    ../clib/angel/rt.s                       0x00000000   Number         0  aeabi_idiv0.o ABSOLUTE
    ../clib/angel/rt.s                       0x00000000   Number         0  aeabi_idiv0_sigfpe.o ABSOLUTE
    ../clib/angel/rt.s                       0x00000000   Number         0  rt_div0.o ABSOLUTE
    ../clib/angel/rt.s                       0x00000000   Number         0  rt_raise.o ABSOLUTE
    ../clib/angel/scatterp.s                 0x00000000   Number         0  __scatter.o ABSOLUTE
    ../clib/angel/startup.s                  0x00000000   Number         0  __main.o ABSOLUTE
    ../clib/angel/sys.s                      0x00000000   Number         0  sys_stackheap_outer.o ABSOLUTE
    ../clib/angel/sys.s                      0x00000000   Number         0  libspace.o ABSOLUTE
    ../clib/angel/sys.s                      0x00000000   Number         0  tempstk.o ABSOLUTE
    ../clib/angel/sys.s                      0x00000000   Number         0  use_no_semi.o ABSOLUTE
    ../clib/angel/sys.s                      0x00000000   Number         0  indicate_semi.o ABSOLUTE
    ../clib/angel/sysapp.c                   0x00000000   Number         0  sys_exit.o ABSOLUTE
    ../clib/angel/sysapp.c                   0x00000000   Number         0  sys_exit_hlt.o ABSOLUTE
    ../clib/angel/sysapp.c                   0x00000000   Number         0  sys_wrch.o ABSOLUTE
    ../clib/angel/sysapp.c                   0x00000000   Number         0  sys_wrch_hlt.o ABSOLUTE
    ../clib/angel/sysapp.c                   0x00000000   Number         0  sys_command.o ABSOLUTE
    ../clib/angel/sysapp.c                   0x00000000   Number         0  sys_command_hlt.o ABSOLUTE
    ../clib/armsys.c                         0x00000000   Number         0  argv_veneer.o ABSOLUTE
    ../clib/armsys.c                         0x00000000   Number         0  _get_argv_nomalloc.o ABSOLUTE
    ../clib/armsys.c                         0x00000000   Number         0  no_argv.o ABSOLUTE
    ../clib/division.s                       0x00000000   Number         0  aeabi_sdivfast.o ABSOLUTE
    ../clib/division.s                       0x00000000   Number         0  aeabi_sdivfast_div0.o ABSOLUTE
    ../clib/heapalloc.c                      0x00000000   Number         0  hrguard.o ABSOLUTE
    ../clib/heapaux.c                        0x00000000   Number         0  heapauxi.o ABSOLUTE
    ../clib/libinit.s                        0x00000000   Number         0  libinit.o ABSOLUTE
    ../clib/libinit.s                        0x00000000   Number         0  libinit2.o ABSOLUTE
    ../clib/libinit.s                        0x00000000   Number         0  libshutdown.o ABSOLUTE
    ../clib/libinit.s                        0x00000000   Number         0  libshutdown2.o ABSOLUTE
    ../clib/signal.c                         0x00000000   Number         0  defsig_fpe_outer.o ABSOLUTE
    ../clib/signal.c                         0x00000000   Number         0  defsig_fpe_formal.o ABSOLUTE
    ../clib/signal.c                         0x00000000   Number         0  defsig_exit.o ABSOLUTE
    ../clib/signal.c                         0x00000000   Number         0  defsig_fpe_inner.o ABSOLUTE
    ../clib/signal.c                         0x00000000   Number         0  __raise.o ABSOLUTE
    ../clib/signal.c                         0x00000000   Number         0  defsig_general.o ABSOLUTE
    ../clib/signal.c                         0x00000000   Number         0  defsig_abrt_inner.o ABSOLUTE
    ../clib/signal.c                         0x00000000   Number         0  defsig_rtred_inner.o ABSOLUTE
    ../clib/signal.c                         0x00000000   Number         0  defsig_rtmem_inner.o ABSOLUTE
    ../clib/signal.c                         0x00000000   Number         0  defsig_rtmem_outer.o ABSOLUTE
    ../clib/signal.c                         0x00000000   Number         0  defsig_rtmem_formal.o ABSOLUTE
    ../clib/signal.c                         0x00000000   Number         0  defsig_stak_inner.o ABSOLUTE
    ../clib/signal.c                         0x00000000   Number         0  defsig_pvfn_inner.o ABSOLUTE
    ../clib/signal.c                         0x00000000   Number         0  defsig_cppl_inner.o ABSOLUTE
    ../clib/signal.c                         0x00000000   Number         0  defsig_segv_inner.o ABSOLUTE
    ../clib/signal.c                         0x00000000   Number         0  defsig_other.o ABSOLUTE
    ../clib/signal.s                         0x00000000   Number         0  defsig.o ABSOLUTE
    ../clib/stdlib.c                         0x00000000   Number         0  exit.o ABSOLUTE
    ../fplib/cfplib/cmp.c                    0x00000000   Number         0  fcmp.o ABSOLUTE
    ../fplib/cfplib/cmpret.c                 0x00000000   Number         0  cmpret.o ABSOLUTE
    ../fplib/cfplib/fcmpin.c                 0x00000000   Number         0  fcmpin.o ABSOLUTE
    ../fplib/cfplib/fdiv.c                   0x00000000   Number         0  fdiv.o ABSOLUTE
    ../fplib/cfplib/ffix.c                   0x00000000   Number         0  ffixi.o ABSOLUTE
    ../fplib/cfplib/fpinit.c                 0x00000000   Number         0  fpinit.o ABSOLUTE
    ../fplib/cfplib/nan2.c                   0x00000000   Number         0  fnan2.o ABSOLUTE
    ../fplib/cfplib/retnan.c                 0x00000000   Number         0  retnan.o ABSOLUTE
    ../fplib/feqf6m.s                        0x00000000   Number         0  feqf.o ABSOLUTE
    ../fplib/fgeqf6m.s                       0x00000000   Number         0  fgef.o ABSOLUTE
    ../fplib/fleqf6m.s                       0x00000000   Number         0  flef.o ABSOLUTE
    ../fplib/fmul6m.s                        0x00000000   Number         0  fmul.o ABSOLUTE
    ../fplib/usenofp.s                       0x00000000   Number         0  usenofp.o ABSOLUTE
    OLED.c                                   0x00000000   Number         0  oled.o ABSOLUTE
    clock.c                                  0x00000000   Number         0  clock.o ABSOLUTE
    dc.s                                     0x00000000   Number         0  dc.o ABSOLUTE
    dl_common.c                              0x00000000   Number         0  dl_common.o ABSOLUTE
    dl_i2c.c                                 0x00000000   Number         0  dl_i2c.o ABSOLUTE
    dl_timer.c                               0x00000000   Number         0  dl_timer.o ABSOLUTE
    dl_uart.c                                0x00000000   Number         0  dl_uart.o ABSOLUTE
    empty.c                                  0x00000000   Number         0  empty.o ABSOLUTE
    encoder.c                                0x00000000   Number         0  encoder.o ABSOLUTE
    interrupt.c                              0x00000000   Number         0  interrupt.o ABSOLUTE
    key.c                                    0x00000000   Number         0  key.o ABSOLUTE
    led.c                                    0x00000000   Number         0  led.o ABSOLUTE
    motor.c                                  0x00000000   Number         0  motor.o ABSOLUTE
    servo.c                                  0x00000000   Number         0  servo.o ABSOLUTE
    startup_mspm0g350x_uvision.s             0x00000000   Number         0  startup_mspm0g350x_uvision.o ABSOLUTE
    ti_msp_dl_config.c                       0x00000000   Number         0  ti_msp_dl_config.o ABSOLUTE
    uart.c                                   0x00000000   Number         0  uart.o ABSOLUTE
    RESET                                    0x00000000   Section      192  startup_mspm0g350x_uvision.o(RESET)
    !!!main                                  0x000000c0   Section        8  __main.o(!!!main)
    !!!scatter                               0x000000c8   Section       84  __scatter.o(!!!scatter)
    !!handler_null                           0x00000120   Section        2  __scatter.o(!!handler_null)
    !!handler_zi                             0x00000128   Section       28  __scatter_zi.o(!!handler_zi)
    .ARM.Collect$$libinit$$00000000          0x00000144   Section        2  libinit.o(.ARM.Collect$$libinit$$00000000)
    .ARM.Collect$$libinit$$00000002          0x00000146   Section        0  libinit2.o(.ARM.Collect$$libinit$$00000002)
    .ARM.Collect$$libinit$$00000004          0x00000146   Section        0  libinit2.o(.ARM.Collect$$libinit$$00000004)
    .ARM.Collect$$libinit$$00000006          0x00000146   Section        0  libinit2.o(.ARM.Collect$$libinit$$00000006)
    .ARM.Collect$$libinit$$0000000C          0x00000146   Section        0  libinit2.o(.ARM.Collect$$libinit$$0000000C)
    .ARM.Collect$$libinit$$0000000E          0x00000146   Section        0  libinit2.o(.ARM.Collect$$libinit$$0000000E)
    .ARM.Collect$$libinit$$00000010          0x00000146   Section        0  libinit2.o(.ARM.Collect$$libinit$$00000010)
    .ARM.Collect$$libinit$$00000013          0x00000146   Section        0  libinit2.o(.ARM.Collect$$libinit$$00000013)
    .ARM.Collect$$libinit$$00000015          0x00000146   Section        0  libinit2.o(.ARM.Collect$$libinit$$00000015)
    .ARM.Collect$$libinit$$00000017          0x00000146   Section        0  libinit2.o(.ARM.Collect$$libinit$$00000017)
    .ARM.Collect$$libinit$$00000019          0x00000146   Section        0  libinit2.o(.ARM.Collect$$libinit$$00000019)
    .ARM.Collect$$libinit$$0000001B          0x00000146   Section        0  libinit2.o(.ARM.Collect$$libinit$$0000001B)
    .ARM.Collect$$libinit$$0000001D          0x00000146   Section        0  libinit2.o(.ARM.Collect$$libinit$$0000001D)
    .ARM.Collect$$libinit$$0000001F          0x00000146   Section        0  libinit2.o(.ARM.Collect$$libinit$$0000001F)
    .ARM.Collect$$libinit$$00000021          0x00000146   Section        0  libinit2.o(.ARM.Collect$$libinit$$00000021)
    .ARM.Collect$$libinit$$00000023          0x00000146   Section        0  libinit2.o(.ARM.Collect$$libinit$$00000023)
    .ARM.Collect$$libinit$$00000025          0x00000146   Section        0  libinit2.o(.ARM.Collect$$libinit$$00000025)
    .ARM.Collect$$libinit$$00000027          0x00000146   Section        0  libinit2.o(.ARM.Collect$$libinit$$00000027)
    .ARM.Collect$$libinit$$0000002E          0x00000146   Section        0  libinit2.o(.ARM.Collect$$libinit$$0000002E)
    .ARM.Collect$$libinit$$00000030          0x00000146   Section        0  libinit2.o(.ARM.Collect$$libinit$$00000030)
    .ARM.Collect$$libinit$$00000032          0x00000146   Section        0  libinit2.o(.ARM.Collect$$libinit$$00000032)
    .ARM.Collect$$libinit$$00000034          0x00000146   Section        0  libinit2.o(.ARM.Collect$$libinit$$00000034)
    .ARM.Collect$$libinit$$00000035          0x00000146   Section        2  libinit2.o(.ARM.Collect$$libinit$$00000035)
    .ARM.Collect$$libshutdown$$00000000      0x00000148   Section        2  libshutdown.o(.ARM.Collect$$libshutdown$$00000000)
    .ARM.Collect$$libshutdown$$00000002      0x0000014a   Section        0  libshutdown2.o(.ARM.Collect$$libshutdown$$00000002)
    .ARM.Collect$$libshutdown$$00000004      0x0000014a   Section        0  libshutdown2.o(.ARM.Collect$$libshutdown$$00000004)
    .ARM.Collect$$libshutdown$$00000007      0x0000014a   Section        0  libshutdown2.o(.ARM.Collect$$libshutdown$$00000007)
    .ARM.Collect$$libshutdown$$0000000A      0x0000014a   Section        0  libshutdown2.o(.ARM.Collect$$libshutdown$$0000000A)
    .ARM.Collect$$libshutdown$$0000000C      0x0000014a   Section        0  libshutdown2.o(.ARM.Collect$$libshutdown$$0000000C)
    .ARM.Collect$$libshutdown$$0000000F      0x0000014a   Section        0  libshutdown2.o(.ARM.Collect$$libshutdown$$0000000F)
    .ARM.Collect$$libshutdown$$00000010      0x0000014a   Section        2  libshutdown2.o(.ARM.Collect$$libshutdown$$00000010)
    .ARM.Collect$$rtentry$$00000000          0x0000014c   Section        0  __rtentry.o(.ARM.Collect$$rtentry$$00000000)
    .ARM.Collect$$rtentry$$00000002          0x0000014c   Section        0  __rtentry2.o(.ARM.Collect$$rtentry$$00000002)
    .ARM.Collect$$rtentry$$00000004          0x0000014c   Section        6  __rtentry4.o(.ARM.Collect$$rtentry$$00000004)
    .ARM.Collect$$rtentry$$00000009          0x00000152   Section        0  __rtentry2.o(.ARM.Collect$$rtentry$$00000009)
    .ARM.Collect$$rtentry$$0000000A          0x00000152   Section        4  __rtentry2.o(.ARM.Collect$$rtentry$$0000000A)
    .ARM.Collect$$rtentry$$0000000C          0x00000156   Section        0  __rtentry2.o(.ARM.Collect$$rtentry$$0000000C)
    .ARM.Collect$$rtentry$$0000000D          0x00000156   Section        8  __rtentry2.o(.ARM.Collect$$rtentry$$0000000D)
    .ARM.Collect$$rtexit$$00000000           0x0000015e   Section        2  rtexit.o(.ARM.Collect$$rtexit$$00000000)
    .ARM.Collect$$rtexit$$00000002           0x00000160   Section        0  rtexit2.o(.ARM.Collect$$rtexit$$00000002)
    .ARM.Collect$$rtexit$$00000003           0x00000160   Section        4  rtexit2.o(.ARM.Collect$$rtexit$$00000003)
    .ARM.Collect$$rtexit$$00000004           0x00000164   Section        6  rtexit2.o(.ARM.Collect$$rtexit$$00000004)
    .text                                    0x0000016c   Section       44  startup_mspm0g350x_uvision.o(.text)
    .text                                    0x00000198   Section      504  aeabi_sdivfast.o(.text)
    .text                                    0x00000390   Section        0  heapauxi.o(.text)
    .text                                    0x00000398   Section        0  fdiv.o(.text)
    .text                                    0x000004f8   Section        0  ffixi.o(.text)
    .text                                    0x00000544   Section        0  fcmpin.o(.text)
    .text                                    0x000005a8   Section       62  sys_stackheap_outer.o(.text)
    .text                                    0x000005e6   Section        0  exit.o(.text)
    .text                                    0x000005f6   Section        0  cmpret.o(.text)
    .text                                    0x00000624   Section        0  fnan2.o(.text)
    .text                                    0x00000634   Section        8  libspace.o(.text)
    .text                                    0x0000063c   Section        0  retnan.o(.text)
    .text                                    0x0000069c   Section        0  sys_exit.o(.text)
    .text                                    0x000006a8   Section        2  use_no_semi.o(.text)
    [Anonymous Symbol]                       0x000006aa   Section        0  dl_common.o(.text.DL_Common_delayCycles)
    .text                                    0x000006aa   Section        0  indicate_semi.o(.text)
    [Anonymous Symbol]                       0x000006b4   Section        0  dl_i2c.o(.text.DL_I2C_fillControllerTXFIFO)
    [Anonymous Symbol]                       0x000006e0   Section        0  dl_i2c.o(.text.DL_I2C_setClockConfig)
    [Anonymous Symbol]                       0x00000708   Section        0  dl_timer.o(.text.DL_Timer_initFourCCPWMMode)
    __arm_cp.38_1                            0x000007fc   Number         4  dl_timer.o(.text.DL_Timer_initFourCCPWMMode)
    __arm_cp.38_2                            0x00000800   Number         4  dl_timer.o(.text.DL_Timer_initFourCCPWMMode)
    __arm_cp.38_4                            0x00000804   Number         4  dl_timer.o(.text.DL_Timer_initFourCCPWMMode)
    __arm_cp.38_5                            0x00000808   Number         4  dl_timer.o(.text.DL_Timer_initFourCCPWMMode)
    __arm_cp.38_6                            0x0000080c   Number         4  dl_timer.o(.text.DL_Timer_initFourCCPWMMode)
    [Anonymous Symbol]                       0x00000810   Section        0  dl_timer.o(.text.DL_Timer_initTimerMode)
    __arm_cp.2_0                             0x000008f0   Number         4  dl_timer.o(.text.DL_Timer_initTimerMode)
    __arm_cp.2_1                             0x000008f4   Number         4  dl_timer.o(.text.DL_Timer_initTimerMode)
    __arm_cp.2_2                             0x000008f8   Number         4  dl_timer.o(.text.DL_Timer_initTimerMode)
    __arm_cp.2_3                             0x000008fc   Number         4  dl_timer.o(.text.DL_Timer_initTimerMode)
    [Anonymous Symbol]                       0x00000900   Section        0  dl_timer.o(.text.DL_Timer_setCaptCompUpdateMethod)
    __arm_cp.23_0                            0x00000918   Number         4  dl_timer.o(.text.DL_Timer_setCaptCompUpdateMethod)
    [Anonymous Symbol]                       0x0000091c   Section        0  dl_timer.o(.text.DL_Timer_setCaptureCompareOutCtl)
    __arm_cp.25_0                            0x00000930   Number         4  dl_timer.o(.text.DL_Timer_setCaptureCompareOutCtl)
    [Anonymous Symbol]                       0x00000934   Section        0  dl_timer.o(.text.DL_Timer_setCaptureCompareValue)
    __arm_cp.3_0                             0x00000940   Number         4  dl_timer.o(.text.DL_Timer_setCaptureCompareValue)
    [Anonymous Symbol]                       0x00000944   Section        0  dl_timer.o(.text.DL_Timer_setClockConfig)
    __arm_cp.0_0                             0x0000095c   Number         4  dl_timer.o(.text.DL_Timer_setClockConfig)
    [Anonymous Symbol]                       0x00000960   Section        0  dl_uart.o(.text.DL_UART_init)
    __arm_cp.0_0                             0x000009a0   Number         4  dl_uart.o(.text.DL_UART_init)
    __arm_cp.0_1                             0x000009a4   Number         4  dl_uart.o(.text.DL_UART_init)
    [Anonymous Symbol]                       0x000009a8   Section        0  dl_uart.o(.text.DL_UART_setClockConfig)
    [Anonymous Symbol]                       0x000009bc   Section        0  encoder.o(.text.GROUP1_IRQHandler)
    __arm_cp.0_0                             0x00000a60   Number         4  encoder.o(.text.GROUP1_IRQHandler)
    __arm_cp.0_1                             0x00000a64   Number         4  encoder.o(.text.GROUP1_IRQHandler)
    __arm_cp.0_2                             0x00000a68   Number         4  encoder.o(.text.GROUP1_IRQHandler)
    __arm_cp.0_3                             0x00000a6c   Number         4  encoder.o(.text.GROUP1_IRQHandler)
    __arm_cp.0_4                             0x00000a70   Number         4  encoder.o(.text.GROUP1_IRQHandler)
    __arm_cp.0_5                             0x00000a74   Number         4  encoder.o(.text.GROUP1_IRQHandler)
    [Anonymous Symbol]                       0x00000a78   Section        0  interrupt.o(.text.Interrupt_Init)
    __arm_cp.0_0                             0x00000a88   Number         4  interrupt.o(.text.Interrupt_Init)
    __arm_cp.0_1                             0x00000a8c   Number         4  interrupt.o(.text.Interrupt_Init)
    [Anonymous Symbol]                       0x00000a90   Section        0  led.o(.text.LED_ON)
    __arm_cp.0_0                             0x00000a9c   Number         4  led.o(.text.LED_ON)
    [Anonymous Symbol]                       0x00000aa0   Section        0  motor.o(.text.Motor1_front)
    [Anonymous Symbol]                       0x00000abc   Section        0  motor.o(.text.Motor2_front)
    __arm_cp.1_0                             0x00000ad4   Number         4  motor.o(.text.Motor2_front)
    __arm_cp.1_1                             0x00000ad8   Number         4  motor.o(.text.Motor2_front)
    [Anonymous Symbol]                       0x00000adc   Section        0  oled.o(.text.OLED_Clear)
    [Anonymous Symbol]                       0x00000c30   Section        0  oled.o(.text.OLED_Init)
    __arm_cp.15_0                            0x00000d9c   Number         4  oled.o(.text.OLED_Init)
    [Anonymous Symbol]                       0x00000da0   Section        0  oled.o(.text.OLED_ShowChar)
    __arm_cp.9_0                             0x00000e74   Number         4  oled.o(.text.OLED_ShowChar)
    __arm_cp.9_1                             0x00000e78   Number         4  oled.o(.text.OLED_ShowChar)
    [Anonymous Symbol]                       0x00000e7c   Section        0  oled.o(.text.OLED_ShowString)
    [Anonymous Symbol]                       0x00000ebc   Section        0  oled.o(.text.OLED_WR_Byte)
    __arm_cp.3_1                             0x00000f98   Number         4  oled.o(.text.OLED_WR_Byte)
    __arm_cp.3_2                             0x00000f9c   Number         4  oled.o(.text.OLED_WR_Byte)
    __arm_cp.3_3                             0x00000fa0   Number         4  oled.o(.text.OLED_WR_Byte)
    __arm_cp.3_4                             0x00000fa4   Number         4  oled.o(.text.OLED_WR_Byte)
    __arm_cp.3_5                             0x00000fa8   Number         4  oled.o(.text.OLED_WR_Byte)
    __arm_cp.3_6                             0x00000fac   Number         4  oled.o(.text.OLED_WR_Byte)
    __arm_cp.3_7                             0x00000fb0   Number         4  oled.o(.text.OLED_WR_Byte)
    __arm_cp.3_8                             0x00000fb4   Number         4  oled.o(.text.OLED_WR_Byte)
    __arm_cp.3_9                             0x00000fb8   Number         4  oled.o(.text.OLED_WR_Byte)
    __arm_cp.3_10                            0x00000fbc   Number         4  oled.o(.text.OLED_WR_Byte)
    __arm_cp.3_11                            0x00000fc0   Number         4  oled.o(.text.OLED_WR_Byte)
    __arm_cp.3_12                            0x00000fc4   Number         4  oled.o(.text.OLED_WR_Byte)
    [Anonymous Symbol]                       0x00000fc8   Section        0  servo.o(.text.SERVO_SetAngle1)
    [Anonymous Symbol]                       0x0000100c   Section        0  servo.o(.text.SERVO_SetAngle2)
    __arm_cp.1_0                             0x00001050   Number         4  servo.o(.text.SERVO_SetAngle2)
    __arm_cp.1_1                             0x00001054   Number         4  servo.o(.text.SERVO_SetAngle2)
    __arm_cp.1_2                             0x00001058   Number         4  servo.o(.text.SERVO_SetAngle2)
    [Anonymous Symbol]                       0x0000105c   Section        0  ti_msp_dl_config.o(.text.SYSCFG_DL_GPIO_init)
    __arm_cp.2_0                             0x0000110c   Number         4  ti_msp_dl_config.o(.text.SYSCFG_DL_GPIO_init)
    __arm_cp.2_1                             0x00001110   Number         4  ti_msp_dl_config.o(.text.SYSCFG_DL_GPIO_init)
    __arm_cp.2_2                             0x00001114   Number         4  ti_msp_dl_config.o(.text.SYSCFG_DL_GPIO_init)
    __arm_cp.2_3                             0x00001118   Number         4  ti_msp_dl_config.o(.text.SYSCFG_DL_GPIO_init)
    __arm_cp.2_4                             0x0000111c   Number         4  ti_msp_dl_config.o(.text.SYSCFG_DL_GPIO_init)
    __arm_cp.2_5                             0x00001120   Number         4  ti_msp_dl_config.o(.text.SYSCFG_DL_GPIO_init)
    __arm_cp.2_6                             0x00001124   Number         4  ti_msp_dl_config.o(.text.SYSCFG_DL_GPIO_init)
    __arm_cp.2_7                             0x00001128   Number         4  ti_msp_dl_config.o(.text.SYSCFG_DL_GPIO_init)
    __arm_cp.2_8                             0x0000112c   Number         4  ti_msp_dl_config.o(.text.SYSCFG_DL_GPIO_init)
    [Anonymous Symbol]                       0x00001130   Section        0  ti_msp_dl_config.o(.text.SYSCFG_DL_I2C_OLED_init)
    __arm_cp.7_0                             0x00001178   Number         4  ti_msp_dl_config.o(.text.SYSCFG_DL_I2C_OLED_init)
    __arm_cp.7_1                             0x0000117c   Number         4  ti_msp_dl_config.o(.text.SYSCFG_DL_I2C_OLED_init)
    __arm_cp.7_2                             0x00001180   Number         4  ti_msp_dl_config.o(.text.SYSCFG_DL_I2C_OLED_init)
    [Anonymous Symbol]                       0x00001184   Section        0  ti_msp_dl_config.o(.text.SYSCFG_DL_PWM_MOTOR_init)
    __arm_cp.5_0                             0x000011f0   Number         4  ti_msp_dl_config.o(.text.SYSCFG_DL_PWM_MOTOR_init)
    __arm_cp.5_1                             0x000011f4   Number         4  ti_msp_dl_config.o(.text.SYSCFG_DL_PWM_MOTOR_init)
    __arm_cp.5_2                             0x000011f8   Number         4  ti_msp_dl_config.o(.text.SYSCFG_DL_PWM_MOTOR_init)
    __arm_cp.5_3                             0x000011fc   Number         4  ti_msp_dl_config.o(.text.SYSCFG_DL_PWM_MOTOR_init)
    __arm_cp.5_4                             0x00001200   Number         4  ti_msp_dl_config.o(.text.SYSCFG_DL_PWM_MOTOR_init)
    [Anonymous Symbol]                       0x00001204   Section        0  ti_msp_dl_config.o(.text.SYSCFG_DL_PWM_SERVO_init)
    __arm_cp.4_0                             0x00001274   Number         4  ti_msp_dl_config.o(.text.SYSCFG_DL_PWM_SERVO_init)
    __arm_cp.4_1                             0x00001278   Number         4  ti_msp_dl_config.o(.text.SYSCFG_DL_PWM_SERVO_init)
    __arm_cp.4_2                             0x0000127c   Number         4  ti_msp_dl_config.o(.text.SYSCFG_DL_PWM_SERVO_init)
    __arm_cp.4_3                             0x00001280   Number         4  ti_msp_dl_config.o(.text.SYSCFG_DL_PWM_SERVO_init)
    [Anonymous Symbol]                       0x00001284   Section        0  ti_msp_dl_config.o(.text.SYSCFG_DL_SYSCTL_init)
    __arm_cp.3_0                             0x000012c8   Number         4  ti_msp_dl_config.o(.text.SYSCFG_DL_SYSCTL_init)
    __arm_cp.3_1                             0x000012cc   Number         4  ti_msp_dl_config.o(.text.SYSCFG_DL_SYSCTL_init)
    __arm_cp.3_2                             0x000012d0   Number         4  ti_msp_dl_config.o(.text.SYSCFG_DL_SYSCTL_init)
    [Anonymous Symbol]                       0x000012d4   Section        0  ti_msp_dl_config.o(.text.SYSCFG_DL_TIMER_0_init)
    __arm_cp.6_0                             0x00001308   Number         4  ti_msp_dl_config.o(.text.SYSCFG_DL_TIMER_0_init)
    __arm_cp.6_1                             0x0000130c   Number         4  ti_msp_dl_config.o(.text.SYSCFG_DL_TIMER_0_init)
    __arm_cp.6_2                             0x00001310   Number         4  ti_msp_dl_config.o(.text.SYSCFG_DL_TIMER_0_init)
    __arm_cp.6_3                             0x00001314   Number         4  ti_msp_dl_config.o(.text.SYSCFG_DL_TIMER_0_init)
    __arm_cp.6_4                             0x00001318   Number         4  ti_msp_dl_config.o(.text.SYSCFG_DL_TIMER_0_init)
    __arm_cp.6_5                             0x0000131c   Number         4  ti_msp_dl_config.o(.text.SYSCFG_DL_TIMER_0_init)
    [Anonymous Symbol]                       0x00001320   Section        0  ti_msp_dl_config.o(.text.SYSCFG_DL_UART_0_init)
    __arm_cp.8_0                             0x00001378   Number         4  ti_msp_dl_config.o(.text.SYSCFG_DL_UART_0_init)
    __arm_cp.8_1                             0x0000137c   Number         4  ti_msp_dl_config.o(.text.SYSCFG_DL_UART_0_init)
    __arm_cp.8_2                             0x00001380   Number         4  ti_msp_dl_config.o(.text.SYSCFG_DL_UART_0_init)
    __arm_cp.8_3                             0x00001384   Number         4  ti_msp_dl_config.o(.text.SYSCFG_DL_UART_0_init)
    __arm_cp.8_4                             0x00001388   Number         4  ti_msp_dl_config.o(.text.SYSCFG_DL_UART_0_init)
    __arm_cp.8_5                             0x0000138c   Number         4  ti_msp_dl_config.o(.text.SYSCFG_DL_UART_0_init)
    [Anonymous Symbol]                       0x00001390   Section        0  ti_msp_dl_config.o(.text.SYSCFG_DL_init)
    __arm_cp.0_0                             0x000013bc   Number         4  ti_msp_dl_config.o(.text.SYSCFG_DL_init)
    [Anonymous Symbol]                       0x000013c0   Section        0  ti_msp_dl_config.o(.text.SYSCFG_DL_initPower)
    __arm_cp.1_0                             0x000013fc   Number         4  ti_msp_dl_config.o(.text.SYSCFG_DL_initPower)
    __arm_cp.1_1                             0x00001400   Number         4  ti_msp_dl_config.o(.text.SYSCFG_DL_initPower)
    __arm_cp.1_2                             0x00001404   Number         4  ti_msp_dl_config.o(.text.SYSCFG_DL_initPower)
    __arm_cp.1_3                             0x00001408   Number         4  ti_msp_dl_config.o(.text.SYSCFG_DL_initPower)
    __arm_cp.1_4                             0x0000140c   Number         4  ti_msp_dl_config.o(.text.SYSCFG_DL_initPower)
    __arm_cp.1_5                             0x00001410   Number         4  ti_msp_dl_config.o(.text.SYSCFG_DL_initPower)
    __arm_cp.1_6                             0x00001414   Number         4  ti_msp_dl_config.o(.text.SYSCFG_DL_initPower)
    __arm_cp.1_7                             0x00001418   Number         4  ti_msp_dl_config.o(.text.SYSCFG_DL_initPower)
    __arm_cp.1_8                             0x0000141c   Number         4  ti_msp_dl_config.o(.text.SYSCFG_DL_initPower)
    [Anonymous Symbol]                       0x00001420   Section        0  interrupt.o(.text.SysTick_Handler)
    [Anonymous Symbol]                       0x0000142c   Section        0  clock.o(.text.SysTick_Init)
    __arm_cp.2_0                             0x00001454   Number         4  clock.o(.text.SysTick_Init)
    __arm_cp.2_1                             0x00001458   Number         4  clock.o(.text.SysTick_Init)
    __arm_cp.2_2                             0x0000145c   Number         4  clock.o(.text.SysTick_Init)
    __arm_cp.2_3                             0x00001460   Number         4  clock.o(.text.SysTick_Init)
    [Anonymous Symbol]                       0x00001464   Section        0  oled.o(.text.Update_Encoder_Display)
    __arm_cp.16_0                            0x0000163c   Number         4  oled.o(.text.Update_Encoder_Display)
    __arm_cp.16_1                            0x00001640   Number         4  oled.o(.text.Update_Encoder_Display)
    __arm_cp.16_2                            0x00001644   Number         4  oled.o(.text.Update_Encoder_Display)
    [Anonymous Symbol]                       0x00001648   Section        0  oled.o(.text.delay_ms)
    [Anonymous Symbol]                       0x00001650   Section        0  empty.o(.text.main)
    __arm_cp.0_0                             0x000016bc   Number         4  empty.o(.text.main)
    __arm_cp.0_3                             0x000016d0   Number         4  empty.o(.text.main)
    __arm_cp.0_4                             0x000016d4   Number         4  empty.o(.text.main)
    [Anonymous Symbol]                       0x000016d8   Section        0  clock.o(.text.mspm0_delay_ms)
    __arm_cp.0_1                             0x00001710   Number         4  clock.o(.text.mspm0_delay_ms)
    [Anonymous Symbol]                       0x00001714   Section        0  clock.o(.text.mspm0_get_clock_ms)
    __arm_cp.1_0                             0x00001728   Number         4  clock.o(.text.mspm0_get_clock_ms)
    .text_divfast                            0x0000172c   Section      502  aeabi_sdivfast.o(.text_divfast)
    i._fgr                                   0x00001922   Section        0  fcmp.o(i._fgr)
    i._fls                                   0x00001938   Section        0  fcmp.o(i._fls)
    x$fpl$fgeqf                              0x00001950   Section       84  fgef.o(x$fpl$fgeqf)
    x$fpl$fleqf                              0x000019a4   Section       84  flef.o(x$fpl$fleqf)
    x$fpl$fmul                               0x000019f8   Section      176  fmul.o(x$fpl$fmul)
    fdiv_tab                                 0x00001aa8   Data          64  fdiv.o(.constdata)
    .constdata                               0x00001aa8   Section       64  fdiv.o(.constdata)
    x$fpl$usenofp                            0x00001aa8   Section        0  usenofp.o(x$fpl$usenofp)
    gI2C_OLEDClockConfig                     0x00002300   Data           2  ti_msp_dl_config.o(.rodata.gI2C_OLEDClockConfig)
    [Anonymous Symbol]                       0x00002300   Section        0  ti_msp_dl_config.o(.rodata.gI2C_OLEDClockConfig)
    gPWM_MOTORClockConfig                    0x00002302   Data           3  ti_msp_dl_config.o(.rodata.gPWM_MOTORClockConfig)
    [Anonymous Symbol]                       0x00002302   Section        0  ti_msp_dl_config.o(.rodata.gPWM_MOTORClockConfig)
    gPWM_MOTORConfig                         0x00002308   Data           8  ti_msp_dl_config.o(.rodata.gPWM_MOTORConfig)
    [Anonymous Symbol]                       0x00002308   Section        0  ti_msp_dl_config.o(.rodata.gPWM_MOTORConfig)
    gPWM_SERVOClockConfig                    0x00002310   Data           3  ti_msp_dl_config.o(.rodata.gPWM_SERVOClockConfig)
    [Anonymous Symbol]                       0x00002310   Section        0  ti_msp_dl_config.o(.rodata.gPWM_SERVOClockConfig)
    gPWM_SERVOConfig                         0x00002314   Data           8  ti_msp_dl_config.o(.rodata.gPWM_SERVOConfig)
    [Anonymous Symbol]                       0x00002314   Section        0  ti_msp_dl_config.o(.rodata.gPWM_SERVOConfig)
    gTIMER_0ClockConfig                      0x0000231c   Data           3  ti_msp_dl_config.o(.rodata.gTIMER_0ClockConfig)
    [Anonymous Symbol]                       0x0000231c   Section        0  ti_msp_dl_config.o(.rodata.gTIMER_0ClockConfig)
    gTIMER_0TimerConfig                      0x00002320   Data          20  ti_msp_dl_config.o(.rodata.gTIMER_0TimerConfig)
    [Anonymous Symbol]                       0x00002320   Section        0  ti_msp_dl_config.o(.rodata.gTIMER_0TimerConfig)
    gUART_0ClockConfig                       0x00002334   Data           2  ti_msp_dl_config.o(.rodata.gUART_0ClockConfig)
    [Anonymous Symbol]                       0x00002334   Section        0  ti_msp_dl_config.o(.rodata.gUART_0ClockConfig)
    gUART_0Config                            0x00002336   Data          10  ti_msp_dl_config.o(.rodata.gUART_0Config)
    [Anonymous Symbol]                       0x00002336   Section        0  ti_msp_dl_config.o(.rodata.gUART_0Config)
    .bss                                     0x20200000   Section       96  libspace.o(.bss)
    Heap_Mem                                 0x20200138   Data           0  startup_mspm0g350x_uvision.o(HEAP)
    Stack_Mem                                0x20200138   Data         256  startup_mspm0g350x_uvision.o(STACK)
    HEAP                                     0x20200138   Section        0  startup_mspm0g350x_uvision.o(HEAP)
    STACK                                    0x20200138   Section      256  startup_mspm0g350x_uvision.o(STACK)
    __initial_sp                             0x20200238   Data           0  startup_mspm0g350x_uvision.o(STACK)

    Global Symbols

    Symbol Name                              Value     Ov Type        Size  Object(Section)

    BuildAttributes$$THM_ISAv3M$S$PE$A:L22$X:L11$S22$IEEE1$IW$~IW$USESV6$~STKCKD$USESV7$~SHL$OTIME$ROPI$EBA8$UX$STANDARDLIB$REQ8$PRES8$EABIv2 0x00000000   Number         0  anon$$obj.o ABSOLUTE
    __Vectors                                0x00000000   Data           4  startup_mspm0g350x_uvision.o(RESET)
    __ARM_exceptions_init                     - Undefined Weak Reference
    __alloca_initialize                       - Undefined Weak Reference
    __arm_preinit_                            - Undefined Weak Reference
    __arm_relocate_pie_                       - Undefined Weak Reference
    __cpp_initialize__aeabi_                  - Undefined Weak Reference
    __cxa_finalize                            - Undefined Weak Reference
    __rt_locale                               - Undefined Weak Reference
    __sigvec_lookup                           - Undefined Weak Reference
    _atexit_init                              - Undefined Weak Reference
    _call_atexit_fns                          - Undefined Weak Reference
    _clock_init                               - Undefined Weak Reference
    _fp_trap_init                             - Undefined Weak Reference
    _fp_trap_shutdown                         - Undefined Weak Reference
    _get_lc_collate                           - Undefined Weak Reference
    _get_lc_ctype                             - Undefined Weak Reference
    _get_lc_monetary                          - Undefined Weak Reference
    _get_lc_numeric                           - Undefined Weak Reference
    _get_lc_time                              - Undefined Weak Reference
    _getenv_init                              - Undefined Weak Reference
    _handle_redirection                       - Undefined Weak Reference
    _init_alloc                               - Undefined Weak Reference
    _init_user_alloc                          - Undefined Weak Reference
    _initio                                   - Undefined Weak Reference
    _rand_init                                - Undefined Weak Reference
    _signal_finish                            - Undefined Weak Reference
    _signal_init                              - Undefined Weak Reference
    _terminate_alloc                          - Undefined Weak Reference
    _terminate_user_alloc                     - Undefined Weak Reference
    _terminateio                              - Undefined Weak Reference
    __Vectors_End                            0x000000c0   Data           0  startup_mspm0g350x_uvision.o(RESET)
    __Vectors_Size                           0x000000c0   Number         0  startup_mspm0g350x_uvision.o ABSOLUTE
    __main                                   0x000000c1   Thumb Code     8  __main.o(!!!main)
    __scatterload                            0x000000c9   Thumb Code     0  __scatter.o(!!!scatter)
    __scatterload_rt2                        0x000000c9   Thumb Code    74  __scatter.o(!!!scatter)
    __scatterload_rt2_thumb_only             0x000000c9   Thumb Code     0  __scatter.o(!!!scatter)
    __scatterload_loop                       0x000000d3   Thumb Code     0  __scatter.o(!!!scatter)
    __scatterload_null                       0x00000121   Thumb Code     2  __scatter.o(!!handler_null)
    __scatterload_zeroinit                   0x00000129   Thumb Code    28  __scatter_zi.o(!!handler_zi)
    __rt_lib_init                            0x00000145   Thumb Code     0  libinit.o(.ARM.Collect$$libinit$$00000000)
    __rt_lib_init_alloca_1                   0x00000147   Thumb Code     0  libinit2.o(.ARM.Collect$$libinit$$00000030)
    __rt_lib_init_argv_1                     0x00000147   Thumb Code     0  libinit2.o(.ARM.Collect$$libinit$$0000002E)
    __rt_lib_init_atexit_1                   0x00000147   Thumb Code     0  libinit2.o(.ARM.Collect$$libinit$$0000001D)
    __rt_lib_init_clock_1                    0x00000147   Thumb Code     0  libinit2.o(.ARM.Collect$$libinit$$00000023)
    __rt_lib_init_cpp_1                      0x00000147   Thumb Code     0  libinit2.o(.ARM.Collect$$libinit$$00000034)
    __rt_lib_init_exceptions_1               0x00000147   Thumb Code     0  libinit2.o(.ARM.Collect$$libinit$$00000032)
    __rt_lib_init_fp_1                       0x00000147   Thumb Code     0  libinit2.o(.ARM.Collect$$libinit$$00000002)
    __rt_lib_init_fp_trap_1                  0x00000147   Thumb Code     0  libinit2.o(.ARM.Collect$$libinit$$00000021)
    __rt_lib_init_getenv_1                   0x00000147   Thumb Code     0  libinit2.o(.ARM.Collect$$libinit$$00000025)
    __rt_lib_init_heap_1                     0x00000147   Thumb Code     0  libinit2.o(.ARM.Collect$$libinit$$0000000C)
    __rt_lib_init_lc_collate_1               0x00000147   Thumb Code     0  libinit2.o(.ARM.Collect$$libinit$$00000013)
    __rt_lib_init_lc_ctype_1                 0x00000147   Thumb Code     0  libinit2.o(.ARM.Collect$$libinit$$00000015)
    __rt_lib_init_lc_monetary_1              0x00000147   Thumb Code     0  libinit2.o(.ARM.Collect$$libinit$$00000017)
    __rt_lib_init_lc_numeric_1               0x00000147   Thumb Code     0  libinit2.o(.ARM.Collect$$libinit$$00000019)
    __rt_lib_init_lc_time_1                  0x00000147   Thumb Code     0  libinit2.o(.ARM.Collect$$libinit$$0000001B)
    __rt_lib_init_preinit_1                  0x00000147   Thumb Code     0  libinit2.o(.ARM.Collect$$libinit$$00000006)
    __rt_lib_init_rand_1                     0x00000147   Thumb Code     0  libinit2.o(.ARM.Collect$$libinit$$00000010)
    __rt_lib_init_relocate_pie_1             0x00000147   Thumb Code     0  libinit2.o(.ARM.Collect$$libinit$$00000004)
    __rt_lib_init_return                     0x00000147   Thumb Code     0  libinit2.o(.ARM.Collect$$libinit$$00000035)
    __rt_lib_init_signal_1                   0x00000147   Thumb Code     0  libinit2.o(.ARM.Collect$$libinit$$0000001F)
    __rt_lib_init_stdio_1                    0x00000147   Thumb Code     0  libinit2.o(.ARM.Collect$$libinit$$00000027)
    __rt_lib_init_user_alloc_1               0x00000147   Thumb Code     0  libinit2.o(.ARM.Collect$$libinit$$0000000E)
    __rt_lib_shutdown                        0x00000149   Thumb Code     0  libshutdown.o(.ARM.Collect$$libshutdown$$00000000)
    __rt_lib_shutdown_cpp_1                  0x0000014b   Thumb Code     0  libshutdown2.o(.ARM.Collect$$libshutdown$$00000002)
    __rt_lib_shutdown_fp_trap_1              0x0000014b   Thumb Code     0  libshutdown2.o(.ARM.Collect$$libshutdown$$00000007)
    __rt_lib_shutdown_heap_1                 0x0000014b   Thumb Code     0  libshutdown2.o(.ARM.Collect$$libshutdown$$0000000F)
    __rt_lib_shutdown_return                 0x0000014b   Thumb Code     0  libshutdown2.o(.ARM.Collect$$libshutdown$$00000010)
    __rt_lib_shutdown_signal_1               0x0000014b   Thumb Code     0  libshutdown2.o(.ARM.Collect$$libshutdown$$0000000A)
    __rt_lib_shutdown_stdio_1                0x0000014b   Thumb Code     0  libshutdown2.o(.ARM.Collect$$libshutdown$$00000004)
    __rt_lib_shutdown_user_alloc_1           0x0000014b   Thumb Code     0  libshutdown2.o(.ARM.Collect$$libshutdown$$0000000C)
    __rt_entry                               0x0000014d   Thumb Code     0  __rtentry.o(.ARM.Collect$$rtentry$$00000000)
    __rt_entry_presh_1                       0x0000014d   Thumb Code     0  __rtentry2.o(.ARM.Collect$$rtentry$$00000002)
    __rt_entry_sh                            0x0000014d   Thumb Code     0  __rtentry4.o(.ARM.Collect$$rtentry$$00000004)
    __rt_entry_li                            0x00000153   Thumb Code     0  __rtentry2.o(.ARM.Collect$$rtentry$$0000000A)
    __rt_entry_postsh_1                      0x00000153   Thumb Code     0  __rtentry2.o(.ARM.Collect$$rtentry$$00000009)
    __rt_entry_main                          0x00000157   Thumb Code     0  __rtentry2.o(.ARM.Collect$$rtentry$$0000000D)
    __rt_entry_postli_1                      0x00000157   Thumb Code     0  __rtentry2.o(.ARM.Collect$$rtentry$$0000000C)
    __rt_exit                                0x0000015f   Thumb Code     0  rtexit.o(.ARM.Collect$$rtexit$$00000000)
    __rt_exit_ls                             0x00000161   Thumb Code     0  rtexit2.o(.ARM.Collect$$rtexit$$00000003)
    __rt_exit_prels_1                        0x00000161   Thumb Code     0  rtexit2.o(.ARM.Collect$$rtexit$$00000002)
    __rt_exit_exit                           0x00000165   Thumb Code     0  rtexit2.o(.ARM.Collect$$rtexit$$00000004)
    Reset_Handler                            0x0000016d   Thumb Code     4  startup_mspm0g350x_uvision.o(.text)
    NMI_Handler                              0x00000171   Thumb Code     2  startup_mspm0g350x_uvision.o(.text)
    HardFault_Handler                        0x00000173   Thumb Code     2  startup_mspm0g350x_uvision.o(.text)
    SVC_Handler                              0x00000175   Thumb Code     2  startup_mspm0g350x_uvision.o(.text)
    PendSV_Handler                           0x00000177   Thumb Code     2  startup_mspm0g350x_uvision.o(.text)
    ADC0_IRQHandler                          0x0000017b   Thumb Code     0  startup_mspm0g350x_uvision.o(.text)
    ADC1_IRQHandler                          0x0000017b   Thumb Code     0  startup_mspm0g350x_uvision.o(.text)
    AES_IRQHandler                           0x0000017b   Thumb Code     0  startup_mspm0g350x_uvision.o(.text)
    CANFD0_IRQHandler                        0x0000017b   Thumb Code     0  startup_mspm0g350x_uvision.o(.text)
    DAC0_IRQHandler                          0x0000017b   Thumb Code     0  startup_mspm0g350x_uvision.o(.text)
    DMA_IRQHandler                           0x0000017b   Thumb Code     0  startup_mspm0g350x_uvision.o(.text)
    Default_Handler                          0x0000017b   Thumb Code     2  startup_mspm0g350x_uvision.o(.text)
    GROUP0_IRQHandler                        0x0000017b   Thumb Code     0  startup_mspm0g350x_uvision.o(.text)
    I2C0_IRQHandler                          0x0000017b   Thumb Code     0  startup_mspm0g350x_uvision.o(.text)
    I2C1_IRQHandler                          0x0000017b   Thumb Code     0  startup_mspm0g350x_uvision.o(.text)
    RTC_IRQHandler                           0x0000017b   Thumb Code     0  startup_mspm0g350x_uvision.o(.text)
    SPI0_IRQHandler                          0x0000017b   Thumb Code     0  startup_mspm0g350x_uvision.o(.text)
    SPI1_IRQHandler                          0x0000017b   Thumb Code     0  startup_mspm0g350x_uvision.o(.text)
    TIMA0_IRQHandler                         0x0000017b   Thumb Code     0  startup_mspm0g350x_uvision.o(.text)
    TIMA1_IRQHandler                         0x0000017b   Thumb Code     0  startup_mspm0g350x_uvision.o(.text)
    TIMG0_IRQHandler                         0x0000017b   Thumb Code     0  startup_mspm0g350x_uvision.o(.text)
    TIMG12_IRQHandler                        0x0000017b   Thumb Code     0  startup_mspm0g350x_uvision.o(.text)
    TIMG6_IRQHandler                         0x0000017b   Thumb Code     0  startup_mspm0g350x_uvision.o(.text)
    TIMG7_IRQHandler                         0x0000017b   Thumb Code     0  startup_mspm0g350x_uvision.o(.text)
    TIMG8_IRQHandler                         0x0000017b   Thumb Code     0  startup_mspm0g350x_uvision.o(.text)
    UART0_IRQHandler                         0x0000017b   Thumb Code     0  startup_mspm0g350x_uvision.o(.text)
    UART1_IRQHandler                         0x0000017b   Thumb Code     0  startup_mspm0g350x_uvision.o(.text)
    UART2_IRQHandler                         0x0000017b   Thumb Code     0  startup_mspm0g350x_uvision.o(.text)
    UART3_IRQHandler                         0x0000017b   Thumb Code     0  startup_mspm0g350x_uvision.o(.text)
    __user_initial_stackheap                 0x0000017d   Thumb Code    10  startup_mspm0g350x_uvision.o(.text)
    __aeabi_uidivmod                         0x00000199   Thumb Code    28  aeabi_sdivfast.o(.text)
    __aeabi_idivmod                          0x000001b5   Thumb Code   472  aeabi_sdivfast.o(.text)
    __use_two_region_memory                  0x00000391   Thumb Code     2  heapauxi.o(.text)
    __rt_heap_escrow$2region                 0x00000393   Thumb Code     2  heapauxi.o(.text)
    __rt_heap_expand$2region                 0x00000395   Thumb Code     2  heapauxi.o(.text)
    __aeabi_fdiv                             0x00000399   Thumb Code     0  fdiv.o(.text)
    _fdiv                                    0x00000399   Thumb Code   334  fdiv.o(.text)
    _frdiv                                   0x000004e7   Thumb Code     8  fdiv.o(.text)
    __aeabi_f2iz                             0x000004f9   Thumb Code     0  ffixi.o(.text)
    _ffix                                    0x000004f9   Thumb Code    76  ffixi.o(.text)
    __fpl_fcmp_InfNaN                        0x00000545   Thumb Code    96  fcmpin.o(.text)
    __user_setup_stackheap                   0x000005a9   Thumb Code    62  sys_stackheap_outer.o(.text)
    exit                                     0x000005e7   Thumb Code    16  exit.o(.text)
    __fpl_cmpreturn                          0x000005f7   Thumb Code    46  cmpret.o(.text)
    __fpl_fcheck_NaN2                        0x00000625   Thumb Code    10  fnan2.o(.text)
    __user_libspace                          0x00000635   Thumb Code     8  libspace.o(.text)
    __user_perproc_libspace                  0x00000635   Thumb Code     0  libspace.o(.text)
    __user_perthread_libspace                0x00000635   Thumb Code     0  libspace.o(.text)
    __fpl_return_NaN                         0x0000063d   Thumb Code    94  retnan.o(.text)
    _sys_exit                                0x0000069d   Thumb Code     8  sys_exit.o(.text)
    __I$use$semihosting                      0x000006a9   Thumb Code     0  use_no_semi.o(.text)
    __use_no_semihosting_swi                 0x000006a9   Thumb Code     2  use_no_semi.o(.text)
    DL_Common_delayCycles                    0x000006ab   Thumb Code    10  dl_common.o(.text.DL_Common_delayCycles)
    __semihosting_library_function           0x000006ab   Thumb Code     0  indicate_semi.o(.text)
    DL_I2C_fillControllerTXFIFO              0x000006b5   Thumb Code    44  dl_i2c.o(.text.DL_I2C_fillControllerTXFIFO)
    DL_I2C_setClockConfig                    0x000006e1   Thumb Code    38  dl_i2c.o(.text.DL_I2C_setClockConfig)
    DL_Timer_initFourCCPWMMode               0x00000709   Thumb Code   264  dl_timer.o(.text.DL_Timer_initFourCCPWMMode)
    DL_Timer_initTimerMode                   0x00000811   Thumb Code   240  dl_timer.o(.text.DL_Timer_initTimerMode)
    DL_Timer_setCaptCompUpdateMethod         0x00000901   Thumb Code    28  dl_timer.o(.text.DL_Timer_setCaptCompUpdateMethod)
    DL_Timer_setCaptureCompareOutCtl         0x0000091d   Thumb Code    24  dl_timer.o(.text.DL_Timer_setCaptureCompareOutCtl)
    DL_Timer_setCaptureCompareValue          0x00000935   Thumb Code    16  dl_timer.o(.text.DL_Timer_setCaptureCompareValue)
    DL_Timer_setClockConfig                  0x00000945   Thumb Code    28  dl_timer.o(.text.DL_Timer_setClockConfig)
    DL_UART_init                             0x00000961   Thumb Code    72  dl_uart.o(.text.DL_UART_init)
    DL_UART_setClockConfig                   0x000009a9   Thumb Code    18  dl_uart.o(.text.DL_UART_setClockConfig)
    GROUP1_IRQHandler                        0x000009bd   Thumb Code   164  encoder.o(.text.GROUP1_IRQHandler)
    Interrupt_Init                           0x00000a79   Thumb Code    16  interrupt.o(.text.Interrupt_Init)
    LED_ON                                   0x00000a91   Thumb Code    12  led.o(.text.LED_ON)
    Motor1_front                             0x00000aa1   Thumb Code    28  motor.o(.text.Motor1_front)
    Motor2_front                             0x00000abd   Thumb Code    24  motor.o(.text.Motor2_front)
    OLED_Clear                               0x00000add   Thumb Code   340  oled.o(.text.OLED_Clear)
    OLED_Init                                0x00000c31   Thumb Code   364  oled.o(.text.OLED_Init)
    OLED_ShowChar                            0x00000da1   Thumb Code   212  oled.o(.text.OLED_ShowChar)
    OLED_ShowString                          0x00000e7d   Thumb Code    64  oled.o(.text.OLED_ShowString)
    OLED_WR_Byte                             0x00000ebd   Thumb Code   220  oled.o(.text.OLED_WR_Byte)
    SERVO_SetAngle1                          0x00000fc9   Thumb Code    68  servo.o(.text.SERVO_SetAngle1)
    SERVO_SetAngle2                          0x0000100d   Thumb Code    68  servo.o(.text.SERVO_SetAngle2)
    SYSCFG_DL_GPIO_init                      0x0000105d   Thumb Code   176  ti_msp_dl_config.o(.text.SYSCFG_DL_GPIO_init)
    SYSCFG_DL_I2C_OLED_init                  0x00001131   Thumb Code    72  ti_msp_dl_config.o(.text.SYSCFG_DL_I2C_OLED_init)
    SYSCFG_DL_PWM_MOTOR_init                 0x00001185   Thumb Code   108  ti_msp_dl_config.o(.text.SYSCFG_DL_PWM_MOTOR_init)
    SYSCFG_DL_PWM_SERVO_init                 0x00001205   Thumb Code   112  ti_msp_dl_config.o(.text.SYSCFG_DL_PWM_SERVO_init)
    SYSCFG_DL_SYSCTL_init                    0x00001285   Thumb Code    68  ti_msp_dl_config.o(.text.SYSCFG_DL_SYSCTL_init)
    SYSCFG_DL_TIMER_0_init                   0x000012d5   Thumb Code    52  ti_msp_dl_config.o(.text.SYSCFG_DL_TIMER_0_init)
    SYSCFG_DL_UART_0_init                    0x00001321   Thumb Code    88  ti_msp_dl_config.o(.text.SYSCFG_DL_UART_0_init)
    SYSCFG_DL_init                           0x00001391   Thumb Code    44  ti_msp_dl_config.o(.text.SYSCFG_DL_init)
    SYSCFG_DL_initPower                      0x000013c1   Thumb Code    60  ti_msp_dl_config.o(.text.SYSCFG_DL_initPower)
    SysTick_Handler                          0x00001421   Thumb Code    12  interrupt.o(.text.SysTick_Handler)
    SysTick_Init                             0x0000142d   Thumb Code    40  clock.o(.text.SysTick_Init)
    Update_Encoder_Display                   0x00001465   Thumb Code   472  oled.o(.text.Update_Encoder_Display)
    delay_ms                                 0x00001649   Thumb Code     8  oled.o(.text.delay_ms)
    main                                     0x00001651   Thumb Code   108  empty.o(.text.main)
    mspm0_delay_ms                           0x000016d9   Thumb Code    56  clock.o(.text.mspm0_delay_ms)
    mspm0_get_clock_ms                       0x00001715   Thumb Code    20  clock.o(.text.mspm0_get_clock_ms)
    __aeabi_uidiv                            0x0000172d   Thumb Code    68  aeabi_sdivfast.o(.text_divfast)
    __aeabi_idiv                             0x00001771   Thumb Code   434  aeabi_sdivfast.o(.text_divfast)
    __aeabi_fcmpgt                           0x00001923   Thumb Code     0  fcmp.o(i._fgr)
    _fgr                                     0x00001923   Thumb Code    22  fcmp.o(i._fgr)
    __aeabi_fcmplt                           0x00001939   Thumb Code     0  fcmp.o(i._fls)
    _fls                                     0x00001939   Thumb Code    22  fcmp.o(i._fls)
    _fcmpge                                  0x00001951   Thumb Code    78  fgef.o(x$fpl$fgeqf)
    __aeabi_cfcmple                          0x000019a5   Thumb Code     0  flef.o(x$fpl$fleqf)
    _fcmple                                  0x000019a5   Thumb Code    78  flef.o(x$fpl$fleqf)
    __aeabi_fmul                             0x000019f9   Thumb Code     0  fmul.o(x$fpl$fmul)
    _fmul                                    0x000019f9   Thumb Code   172  fmul.o(x$fpl$fmul)
    __I$use$fp                               0x00001aa8   Number         0  usenofp.o(x$fpl$usenofp)
    asc2_0806                                0x00001ae8   Data         552  oled.o(.rodata.asc2_0806)
    asc2_1608                                0x00001d10   Data        1520  oled.o(.rodata.asc2_1608)
    Region$$Table$$Base                      0x00002340   Number         0  anon$$obj.o(Region$$Table)
    Region$$Table$$Limit                     0x00002350   Number         0  anon$$obj.o(Region$$Table)
    __libspace_start                         0x20200000   Data          96  libspace.o(.bss)
    Get_Encoder_countA                       0x20200060   Data           4  encoder.o(.bss.Get_Encoder_countA)
    __temporary_stack_top$libspace           0x20200060   Data           0  libspace.o(.bss)
    Get_Encoder_countB                       0x20200064   Data           4  encoder.o(.bss.Get_Encoder_countB)
    enable_group1_irq                        0x20200068   Data           1  interrupt.o(.bss.enable_group1_irq)
    gPWM_MOTORBackup                         0x2020006c   Data         188  ti_msp_dl_config.o(.bss.gPWM_MOTORBackup)
    gpio_interrup1                           0x20200128   Data           4  encoder.o(.bss.gpio_interrup1)
    gpio_interrup2                           0x2020012c   Data           4  encoder.o(.bss.gpio_interrup2)
    start_time                               0x20200130   Data           4  clock.o(.bss.start_time)
    tick_ms                                  0x20200134   Data           4  clock.o(.bss.tick_ms)



==============================================================================

Memory Map of the image

  Image Entry point : 0x000000c1

  Load Region LR_IROM1 (Base: 0x00000000, Size: 0x00002350, Max: 0x00020000, ABSOLUTE)

    Execution Region ER_IROM1 (Exec base: 0x00000000, Load base: 0x00000000, Size: 0x00002350, Max: 0x00020000, ABSOLUTE)

    Exec Addr    Load Addr    Size         Type   Attr      Idx    E Section Name        Object

    0x00000000   0x00000000   0x000000c0   Data   RO           13    RESET               startup_mspm0g350x_uvision.o
    0x000000c0   0x000000c0   0x00000008   Code   RO          387  * !!!main             c_p.l(__main.o)
    0x000000c8   0x000000c8   0x00000054   Code   RO          598    !!!scatter          c_p.l(__scatter.o)
    0x0000011c   0x0000011c   0x00000004   PAD
    0x00000120   0x00000120   0x00000002   Code   RO          599    !!handler_null      c_p.l(__scatter.o)
    0x00000122   0x00000122   0x00000006   PAD
    0x00000128   0x00000128   0x0000001c   Code   RO          602    !!handler_zi        c_p.l(__scatter_zi.o)
    0x00000144   0x00000144   0x00000002   Code   RO          453    .ARM.Collect$$libinit$$00000000  c_p.l(libinit.o)
    0x00000146   0x00000146   0x00000000   Code   RO          471    .ARM.Collect$$libinit$$00000002  c_p.l(libinit2.o)
    0x00000146   0x00000146   0x00000000   Code   RO          473    .ARM.Collect$$libinit$$00000004  c_p.l(libinit2.o)
    0x00000146   0x00000146   0x00000000   Code   RO          475    .ARM.Collect$$libinit$$00000006  c_p.l(libinit2.o)
    0x00000146   0x00000146   0x00000000   Code   RO          478    .ARM.Collect$$libinit$$0000000C  c_p.l(libinit2.o)
    0x00000146   0x00000146   0x00000000   Code   RO          480    .ARM.Collect$$libinit$$0000000E  c_p.l(libinit2.o)
    0x00000146   0x00000146   0x00000000   Code   RO          482    .ARM.Collect$$libinit$$00000010  c_p.l(libinit2.o)
    0x00000146   0x00000146   0x00000000   Code   RO          485    .ARM.Collect$$libinit$$00000013  c_p.l(libinit2.o)
    0x00000146   0x00000146   0x00000000   Code   RO          487    .ARM.Collect$$libinit$$00000015  c_p.l(libinit2.o)
    0x00000146   0x00000146   0x00000000   Code   RO          489    .ARM.Collect$$libinit$$00000017  c_p.l(libinit2.o)
    0x00000146   0x00000146   0x00000000   Code   RO          491    .ARM.Collect$$libinit$$00000019  c_p.l(libinit2.o)
    0x00000146   0x00000146   0x00000000   Code   RO          493    .ARM.Collect$$libinit$$0000001B  c_p.l(libinit2.o)
    0x00000146   0x00000146   0x00000000   Code   RO          495    .ARM.Collect$$libinit$$0000001D  c_p.l(libinit2.o)
    0x00000146   0x00000146   0x00000000   Code   RO          497    .ARM.Collect$$libinit$$0000001F  c_p.l(libinit2.o)
    0x00000146   0x00000146   0x00000000   Code   RO          499    .ARM.Collect$$libinit$$00000021  c_p.l(libinit2.o)
    0x00000146   0x00000146   0x00000000   Code   RO          501    .ARM.Collect$$libinit$$00000023  c_p.l(libinit2.o)
    0x00000146   0x00000146   0x00000000   Code   RO          503    .ARM.Collect$$libinit$$00000025  c_p.l(libinit2.o)
    0x00000146   0x00000146   0x00000000   Code   RO          505    .ARM.Collect$$libinit$$00000027  c_p.l(libinit2.o)
    0x00000146   0x00000146   0x00000000   Code   RO          509    .ARM.Collect$$libinit$$0000002E  c_p.l(libinit2.o)
    0x00000146   0x00000146   0x00000000   Code   RO          511    .ARM.Collect$$libinit$$00000030  c_p.l(libinit2.o)
    0x00000146   0x00000146   0x00000000   Code   RO          513    .ARM.Collect$$libinit$$00000032  c_p.l(libinit2.o)
    0x00000146   0x00000146   0x00000000   Code   RO          515    .ARM.Collect$$libinit$$00000034  c_p.l(libinit2.o)
    0x00000146   0x00000146   0x00000002   Code   RO          516    .ARM.Collect$$libinit$$00000035  c_p.l(libinit2.o)
    0x00000148   0x00000148   0x00000002   Code   RO          553    .ARM.Collect$$libshutdown$$00000000  c_p.l(libshutdown.o)
    0x0000014a   0x0000014a   0x00000000   Code   RO          581    .ARM.Collect$$libshutdown$$00000002  c_p.l(libshutdown2.o)
    0x0000014a   0x0000014a   0x00000000   Code   RO          583    .ARM.Collect$$libshutdown$$00000004  c_p.l(libshutdown2.o)
    0x0000014a   0x0000014a   0x00000000   Code   RO          586    .ARM.Collect$$libshutdown$$00000007  c_p.l(libshutdown2.o)
    0x0000014a   0x0000014a   0x00000000   Code   RO          589    .ARM.Collect$$libshutdown$$0000000A  c_p.l(libshutdown2.o)
    0x0000014a   0x0000014a   0x00000000   Code   RO          591    .ARM.Collect$$libshutdown$$0000000C  c_p.l(libshutdown2.o)
    0x0000014a   0x0000014a   0x00000000   Code   RO          594    .ARM.Collect$$libshutdown$$0000000F  c_p.l(libshutdown2.o)
    0x0000014a   0x0000014a   0x00000002   Code   RO          595    .ARM.Collect$$libshutdown$$00000010  c_p.l(libshutdown2.o)
    0x0000014c   0x0000014c   0x00000000   Code   RO          408    .ARM.Collect$$rtentry$$00000000  c_p.l(__rtentry.o)
    0x0000014c   0x0000014c   0x00000000   Code   RO          421    .ARM.Collect$$rtentry$$00000002  c_p.l(__rtentry2.o)
    0x0000014c   0x0000014c   0x00000006   Code   RO          433    .ARM.Collect$$rtentry$$00000004  c_p.l(__rtentry4.o)
    0x00000152   0x00000152   0x00000000   Code   RO          423    .ARM.Collect$$rtentry$$00000009  c_p.l(__rtentry2.o)
    0x00000152   0x00000152   0x00000004   Code   RO          424    .ARM.Collect$$rtentry$$0000000A  c_p.l(__rtentry2.o)
    0x00000156   0x00000156   0x00000000   Code   RO          426    .ARM.Collect$$rtentry$$0000000C  c_p.l(__rtentry2.o)
    0x00000156   0x00000156   0x00000008   Code   RO          427    .ARM.Collect$$rtentry$$0000000D  c_p.l(__rtentry2.o)
    0x0000015e   0x0000015e   0x00000002   Code   RO          462    .ARM.Collect$$rtexit$$00000000  c_p.l(rtexit.o)
    0x00000160   0x00000160   0x00000000   Code   RO          524    .ARM.Collect$$rtexit$$00000002  c_p.l(rtexit2.o)
    0x00000160   0x00000160   0x00000004   Code   RO          525    .ARM.Collect$$rtexit$$00000003  c_p.l(rtexit2.o)
    0x00000164   0x00000164   0x00000006   Code   RO          526    .ARM.Collect$$rtexit$$00000004  c_p.l(rtexit2.o)
    0x0000016a   0x0000016a   0x00000002   PAD
    0x0000016c   0x0000016c   0x0000002c   Code   RO           14    .text               startup_mspm0g350x_uvision.o
    0x00000198   0x00000198   0x000001f8   Code   RO          377    .text               c_p.l(aeabi_sdivfast.o)
    0x00000390   0x00000390   0x00000006   Code   RO          385    .text               c_p.l(heapauxi.o)
    0x00000396   0x00000396   0x00000002   PAD
    0x00000398   0x00000398   0x00000160   Code   RO          401    .text               fz_ps.l(fdiv.o)
    0x000004f8   0x000004f8   0x0000004c   Code   RO          404    .text               fz_ps.l(ffixi.o)
    0x00000544   0x00000544   0x00000064   Code   RO          437    .text               fz_ps.l(fcmpin.o)
    0x000005a8   0x000005a8   0x0000003e   Code   RO          439    .text               c_p.l(sys_stackheap_outer.o)
    0x000005e6   0x000005e6   0x00000010   Code   RO          442    .text               c_p.l(exit.o)
    0x000005f6   0x000005f6   0x0000002e   Code   RO          454    .text               fz_ps.l(cmpret.o)
    0x00000624   0x00000624   0x00000010   Code   RO          456    .text               fz_ps.l(fnan2.o)
    0x00000634   0x00000634   0x00000008   Code   RO          458    .text               c_p.l(libspace.o)
    0x0000063c   0x0000063c   0x0000005e   Code   RO          517    .text               fz_ps.l(retnan.o)
    0x0000069a   0x0000069a   0x00000002   PAD
    0x0000069c   0x0000069c   0x0000000c   Code   RO          519    .text               c_p.l(sys_exit.o)
    0x000006a8   0x000006a8   0x00000002   Code   RO          542    .text               c_p.l(use_no_semi.o)
    0x000006aa   0x000006aa   0x00000000   Code   RO          544    .text               c_p.l(indicate_semi.o)
    0x000006aa   0x000006aa   0x0000000a   Code   RO          198    .text.DL_Common_delayCycles  driverlib.a(dl_common.o)
    0x000006b4   0x000006b4   0x0000002c   Code   RO          211    .text.DL_I2C_fillControllerTXFIFO  driverlib.a(dl_i2c.o)
    0x000006e0   0x000006e0   0x00000026   Code   RO          207    .text.DL_I2C_setClockConfig  driverlib.a(dl_i2c.o)
    0x00000706   0x00000706   0x00000002   PAD
    0x00000708   0x00000708   0x00000108   Code   RO          315    .text.DL_Timer_initFourCCPWMMode  driverlib.a(dl_timer.o)
    0x00000810   0x00000810   0x000000f0   Code   RO          243    .text.DL_Timer_initTimerMode  driverlib.a(dl_timer.o)
    0x00000900   0x00000900   0x0000001c   Code   RO          285    .text.DL_Timer_setCaptCompUpdateMethod  driverlib.a(dl_timer.o)
    0x0000091c   0x0000091c   0x00000018   Code   RO          289    .text.DL_Timer_setCaptureCompareOutCtl  driverlib.a(dl_timer.o)
    0x00000934   0x00000934   0x00000010   Code   RO          245    .text.DL_Timer_setCaptureCompareValue  driverlib.a(dl_timer.o)
    0x00000944   0x00000944   0x0000001c   Code   RO          239    .text.DL_Timer_setClockConfig  driverlib.a(dl_timer.o)
    0x00000960   0x00000960   0x00000048   Code   RO          336    .text.DL_UART_init  driverlib.a(dl_uart.o)
    0x000009a8   0x000009a8   0x00000012   Code   RO          338    .text.DL_UART_setClockConfig  driverlib.a(dl_uart.o)
    0x000009ba   0x000009ba   0x00000002   PAD
    0x000009bc   0x000009bc   0x000000bc   Code   RO          182    .text.GROUP1_IRQHandler  encoder.o
    0x00000a78   0x00000a78   0x00000018   Code   RO          122    .text.Interrupt_Init  interrupt.o
    0x00000a90   0x00000a90   0x00000010   Code   RO          134    .text.LED_ON        led.o
    0x00000aa0   0x00000aa0   0x0000001c   Code   RO          166    .text.Motor1_front  motor.o
    0x00000abc   0x00000abc   0x00000020   Code   RO          168    .text.Motor2_front  motor.o
    0x00000adc   0x00000adc   0x00000154   Code   RO           77    .text.OLED_Clear    oled.o
    0x00000c30   0x00000c30   0x00000170   Code   RO           91    .text.OLED_Init     oled.o
    0x00000da0   0x00000da0   0x000000dc   Code   RO           79    .text.OLED_ShowChar  oled.o
    0x00000e7c   0x00000e7c   0x00000040   Code   RO           85    .text.OLED_ShowString  oled.o
    0x00000ebc   0x00000ebc   0x0000010c   Code   RO           67    .text.OLED_WR_Byte  oled.o
    0x00000fc8   0x00000fc8   0x00000044   Code   RO          154    .text.SERVO_SetAngle1  servo.o
    0x0000100c   0x0000100c   0x00000050   Code   RO          156    .text.SERVO_SetAngle2  servo.o
    0x0000105c   0x0000105c   0x000000d4   Code   RO           25    .text.SYSCFG_DL_GPIO_init  ti_msp_dl_config.o
    0x00001130   0x00001130   0x00000054   Code   RO           35    .text.SYSCFG_DL_I2C_OLED_init  ti_msp_dl_config.o
    0x00001184   0x00001184   0x00000080   Code   RO           31    .text.SYSCFG_DL_PWM_MOTOR_init  ti_msp_dl_config.o
    0x00001204   0x00001204   0x00000080   Code   RO           29    .text.SYSCFG_DL_PWM_SERVO_init  ti_msp_dl_config.o
    0x00001284   0x00001284   0x00000050   Code   RO           27    .text.SYSCFG_DL_SYSCTL_init  ti_msp_dl_config.o
    0x000012d4   0x000012d4   0x0000004c   Code   RO           33    .text.SYSCFG_DL_TIMER_0_init  ti_msp_dl_config.o
    0x00001320   0x00001320   0x00000070   Code   RO           37    .text.SYSCFG_DL_UART_0_init  ti_msp_dl_config.o
    0x00001390   0x00001390   0x00000030   Code   RO           21    .text.SYSCFG_DL_init  ti_msp_dl_config.o
    0x000013c0   0x000013c0   0x00000060   Code   RO           23    .text.SYSCFG_DL_initPower  ti_msp_dl_config.o
    0x00001420   0x00001420   0x0000000c   Code   RO          124    .text.SysTick_Handler  interrupt.o
    0x0000142c   0x0000142c   0x00000038   Code   RO          110    .text.SysTick_Init  clock.o
    0x00001464   0x00001464   0x000001e4   Code   RO           93    .text.Update_Encoder_Display  oled.o
    0x00001648   0x00001648   0x00000008   Code   RO           61    .text.delay_ms      oled.o
    0x00001650   0x00001650   0x00000088   Code   RO            2    .text.main          empty.o
    0x000016d8   0x000016d8   0x0000003c   Code   RO          106    .text.mspm0_delay_ms  clock.o
    0x00001714   0x00001714   0x00000018   Code   RO          108    .text.mspm0_get_clock_ms  clock.o
    0x0000172c   0x0000172c   0x000001f6   Code   RO          378    .text_divfast       c_p.l(aeabi_sdivfast.o)
    0x00001922   0x00001922   0x00000016   Code   RO          391    i._fgr              fz_ps.l(fcmp.o)
    0x00001938   0x00001938   0x00000016   Code   RO          393    i._fls              fz_ps.l(fcmp.o)
    0x0000194e   0x0000194e   0x00000002   PAD
    0x00001950   0x00001950   0x00000054   Code   RO          415    x$fpl$fgeqf         fz_ps.l(fgef.o)
    0x000019a4   0x000019a4   0x00000054   Code   RO          417    x$fpl$fleqf         fz_ps.l(flef.o)
    0x000019f8   0x000019f8   0x000000b0   Code   RO          406    x$fpl$fmul          fz_ps.l(fmul.o)
    0x00001aa8   0x00001aa8   0x00000000   Code   RO          419    x$fpl$usenofp       fz_ps.l(usenofp.o)
    0x00001aa8   0x00001aa8   0x00000040   Data   RO          402    .constdata          fz_ps.l(fdiv.o)
    0x00001ae8   0x00001ae8   0x00000228   Data   RO           95    .rodata.asc2_0806   oled.o
    0x00001d10   0x00001d10   0x000005f0   Data   RO           96    .rodata.asc2_1608   oled.o
    0x00002300   0x00002300   0x00000002   Data   RO           50    .rodata.gI2C_OLEDClockConfig  ti_msp_dl_config.o
    0x00002302   0x00002302   0x00000003   Data   RO           46    .rodata.gPWM_MOTORClockConfig  ti_msp_dl_config.o
    0x00002305   0x00002305   0x00000003   PAD
    0x00002308   0x00002308   0x00000008   Data   RO           47    .rodata.gPWM_MOTORConfig  ti_msp_dl_config.o
    0x00002310   0x00002310   0x00000003   Data   RO           44    .rodata.gPWM_SERVOClockConfig  ti_msp_dl_config.o
    0x00002313   0x00002313   0x00000001   PAD
    0x00002314   0x00002314   0x00000008   Data   RO           45    .rodata.gPWM_SERVOConfig  ti_msp_dl_config.o
    0x0000231c   0x0000231c   0x00000003   Data   RO           48    .rodata.gTIMER_0ClockConfig  ti_msp_dl_config.o
    0x0000231f   0x0000231f   0x00000001   PAD
    0x00002320   0x00002320   0x00000014   Data   RO           49    .rodata.gTIMER_0TimerConfig  ti_msp_dl_config.o
    0x00002334   0x00002334   0x00000002   Data   RO           51    .rodata.gUART_0ClockConfig  ti_msp_dl_config.o
    0x00002336   0x00002336   0x0000000a   Data   RO           52    .rodata.gUART_0Config  ti_msp_dl_config.o
    0x00002340   0x00002340   0x00000010   Data   RO          597    Region$$Table       anon$$obj.o


    Execution Region RW_IRAM2 (Exec base: 0x20200000, Load base: 0x00002350, Size: 0x00000238, Max: 0x00008000, ABSOLUTE)

    Exec Addr    Load Addr    Size         Type   Attr      Idx    E Section Name        Object

    0x20200000        -       0x00000060   Zero   RW          459    .bss                c_p.l(libspace.o)
    0x20200060        -       0x00000004   Zero   RW          187    .bss.Get_Encoder_countA  encoder.o
    0x20200064        -       0x00000004   Zero   RW          186    .bss.Get_Encoder_countB  encoder.o
    0x20200068        -       0x00000001   Zero   RW          126    .bss.enable_group1_irq  interrupt.o
    0x20200069   0x00002350   0x00000003   PAD
    0x2020006c        -       0x000000bc   Zero   RW           43    .bss.gPWM_MOTORBackup  ti_msp_dl_config.o
    0x20200128        -       0x00000004   Zero   RW          184    .bss.gpio_interrup1  encoder.o
    0x2020012c        -       0x00000004   Zero   RW          185    .bss.gpio_interrup2  encoder.o
    0x20200130        -       0x00000004   Zero   RW          113    .bss.start_time     clock.o
    0x20200134        -       0x00000004   Zero   RW          112    .bss.tick_ms        clock.o
    0x20200138        -       0x00000000   Zero   RW           12    HEAP                startup_mspm0g350x_uvision.o
    0x20200138        -       0x00000100   Zero   RW           11    STACK               startup_mspm0g350x_uvision.o



  Load Region LR_BCR (Base: 0x41c00000, Size: 0x00000000, Max: 0x00000100, ABSOLUTE)

    Execution Region BCR_CONFIG (Exec base: 0x41c00000, Load base: 0x41c00000, Size: 0x00000000, Max: 0x00000080, ABSOLUTE)

    **** No section assigned to this execution region ****



  Load Region LR_BSL (Base: 0x41c00100, Size: 0x00000000, Max: 0x00000100, ABSOLUTE)

    Execution Region BSL_CONFIG (Exec base: 0x41c00100, Load base: 0x41c00100, Size: 0x00000000, Max: 0x00000080, ABSOLUTE)

    **** No section assigned to this execution region ****


==============================================================================

Image component sizes


      Code (inc. data)   RO Data    RW Data    ZI Data      Debug   Object Name

       140         24          0          0          8       3126   clock.o
       136         28          0          0          0       2319   empty.o
       188         24          0          0         16       4319   encoder.o
        36          8          0          0          1       2250   interrupt.o
        16          4          0          0          0       3534   led.o
        60          8          0          0          0       6252   motor.o
      1752         72       2072          0          0      20053   oled.o
       148         12          0          0          0       3660   servo.o
        44         18        192          0        256        676   startup_mspm0g350x_uvision.o
       964        184         59          0        188      34378   ti_msp_dl_config.o

    ----------------------------------------------------------------------
      3484        382       2344          0        472      80567   Object Totals
         0          0         16          0          0          0   (incl. Generated)
         0          0          5          0          3          0   (incl. Padding)

    ----------------------------------------------------------------------

      Code (inc. data)   RO Data    RW Data    ZI Data      Debug   Library Member Name

         8          0          0          0          0         68   __main.o
         0          0          0          0          0          0   __rtentry.o
        12          0          0          0          0          0   __rtentry2.o
         6          0          0          0          0          0   __rtentry4.o
        86         10          0          0          0          0   __scatter.o
        28          0          0          0          0          0   __scatter_zi.o
      1006          4          0          0          0        184   aeabi_sdivfast.o
        16          0          0          0          0         68   exit.o
         6          0          0          0          0        136   heapauxi.o
         0          0          0          0          0          0   indicate_semi.o
         2          0          0          0          0          0   libinit.o
         2          0          0          0          0          0   libinit2.o
         2          0          0          0          0          0   libshutdown.o
         2          0          0          0          0          0   libshutdown2.o
         8          4          0          0         96         68   libspace.o
         2          0          0          0          0          0   rtexit.o
        10          0          0          0          0          0   rtexit2.o
        12          4          0          0          0         60   sys_exit.o
        62          0          0          0          0         80   sys_stackheap_outer.o
         2          0          0          0          0         68   use_no_semi.o
        10          0          0          0          0        803   dl_common.o
        82          0          0          0          0       8590   dl_i2c.o
       600        192          0          0          0      39888   dl_timer.o
        90          8          0          0          0      14128   dl_uart.o
        46          0          0          0          0         60   cmpret.o
        44          0          0          0          0        136   fcmp.o
       100          4          0          0          0         68   fcmpin.o
       352         10         64          0          0         92   fdiv.o
        76          0          0          0          0         68   ffixi.o
        84          4          0          0          0         76   fgef.o
        84          4          0          0          0         76   flef.o
       176          4          0          0          0         80   fmul.o
        16          6          0          0          0         68   fnan2.o
        94          0          0          0          0         68   retnan.o
         0          0          0          0          0          0   usenofp.o

    ----------------------------------------------------------------------
      3148        258         64          0         96      64933   Library Totals
        22          4          0          0          0          0   (incl. Padding)

    ----------------------------------------------------------------------

      Code (inc. data)   RO Data    RW Data    ZI Data      Debug   Library Name

      1272         22          0          0         96        732   c_p.l
       782        200          0          0          0      63409   driverlib.a
      1072         32         64          0          0        792   fz_ps.l

    ----------------------------------------------------------------------
      3148        258         64          0         96      64933   Library Totals

    ----------------------------------------------------------------------

==============================================================================


      Code (inc. data)   RO Data    RW Data    ZI Data      Debug   

      6632        640       2408          0        568     144556   Grand Totals
      6632        640       2408          0        568     144556   ELF Image Totals
      6632        640       2408          0          0          0   ROM Totals

==============================================================================

    Total RO  Size (Code + RO Data)                 9040 (   8.83kB)
    Total RW  Size (RW Data + ZI Data)               568 (   0.55kB)
    Total ROM Size (Code + RO Data + RW Data)       9040 (   8.83kB)

==============================================================================

