Archive member included to satisfy reference by file (symbol)

D:/STM32CubeIDE/STM32CubeIDE_1.19.0/STM32CubeIDE/plugins/com.st.stm32cube.ide.mcu.externaltools.gnu-tools-for-stm32.13.3.rel1.win32_1.0.0.202411081344/tools/bin/../lib/gcc/arm-none-eabi/13.3.1/../../../../arm-none-eabi/lib/thumb/v7-m/nofp\libc_nano.a(libc_a-exit.o)
                              D:/STM32CubeIDE/STM32CubeIDE_1.19.0/STM32CubeIDE/plugins/com.st.stm32cube.ide.mcu.externaltools.gnu-tools-for-stm32.13.3.rel1.win32_1.0.0.202411081344/tools/bin/../lib/gcc/arm-none-eabi/13.3.1/../../../../arm-none-eabi/lib/thumb/v7-m/nofp/crt0.o (exit)
D:/STM32CubeIDE/STM32CubeIDE_1.19.0/STM32CubeIDE/plugins/com.st.stm32cube.ide.mcu.externaltools.gnu-tools-for-stm32.13.3.rel1.win32_1.0.0.202411081344/tools/bin/../lib/gcc/arm-none-eabi/13.3.1/../../../../arm-none-eabi/lib/thumb/v7-m/nofp\libc_nano.a(libc_a-findfp.o)
                              D:/STM32CubeIDE/STM32CubeIDE_1.19.0/STM32CubeIDE/plugins/com.st.stm32cube.ide.mcu.externaltools.gnu-tools-for-stm32.13.3.rel1.win32_1.0.0.202411081344/tools/bin/../lib/gcc/arm-none-eabi/13.3.1/../../../../arm-none-eabi/lib/thumb/v7-m/nofp\libc_nano.a(libc_a-exit.o) (__stdio_exit_handler)
D:/STM32CubeIDE/STM32CubeIDE_1.19.0/STM32CubeIDE/plugins/com.st.stm32cube.ide.mcu.externaltools.gnu-tools-for-stm32.13.3.rel1.win32_1.0.0.202411081344/tools/bin/../lib/gcc/arm-none-eabi/13.3.1/../../../../arm-none-eabi/lib/thumb/v7-m/nofp\libc_nano.a(libc_a-fwalk.o)
                              D:/STM32CubeIDE/STM32CubeIDE_1.19.0/STM32CubeIDE/plugins/com.st.stm32cube.ide.mcu.externaltools.gnu-tools-for-stm32.13.3.rel1.win32_1.0.0.202411081344/tools/bin/../lib/gcc/arm-none-eabi/13.3.1/../../../../arm-none-eabi/lib/thumb/v7-m/nofp\libc_nano.a(libc_a-findfp.o) (_fwalk_sglue)
D:/STM32CubeIDE/STM32CubeIDE_1.19.0/STM32CubeIDE/plugins/com.st.stm32cube.ide.mcu.externaltools.gnu-tools-for-stm32.13.3.rel1.win32_1.0.0.202411081344/tools/bin/../lib/gcc/arm-none-eabi/13.3.1/../../../../arm-none-eabi/lib/thumb/v7-m/nofp\libc_nano.a(libc_a-stdio.o)
                              D:/STM32CubeIDE/STM32CubeIDE_1.19.0/STM32CubeIDE/plugins/com.st.stm32cube.ide.mcu.externaltools.gnu-tools-for-stm32.13.3.rel1.win32_1.0.0.202411081344/tools/bin/../lib/gcc/arm-none-eabi/13.3.1/../../../../arm-none-eabi/lib/thumb/v7-m/nofp\libc_nano.a(libc_a-findfp.o) (__sread)
D:/STM32CubeIDE/STM32CubeIDE_1.19.0/STM32CubeIDE/plugins/com.st.stm32cube.ide.mcu.externaltools.gnu-tools-for-stm32.13.3.rel1.win32_1.0.0.202411081344/tools/bin/../lib/gcc/arm-none-eabi/13.3.1/../../../../arm-none-eabi/lib/thumb/v7-m/nofp\libc_nano.a(libc_a-memset.o)
                              D:/STM32CubeIDE/STM32CubeIDE_1.19.0/STM32CubeIDE/plugins/com.st.stm32cube.ide.mcu.externaltools.gnu-tools-for-stm32.13.3.rel1.win32_1.0.0.202411081344/tools/bin/../lib/gcc/arm-none-eabi/13.3.1/../../../../arm-none-eabi/lib/thumb/v7-m/nofp/crt0.o (memset)
D:/STM32CubeIDE/STM32CubeIDE_1.19.0/STM32CubeIDE/plugins/com.st.stm32cube.ide.mcu.externaltools.gnu-tools-for-stm32.13.3.rel1.win32_1.0.0.202411081344/tools/bin/../lib/gcc/arm-none-eabi/13.3.1/../../../../arm-none-eabi/lib/thumb/v7-m/nofp\libc_nano.a(libc_a-closer.o)
                              D:/STM32CubeIDE/STM32CubeIDE_1.19.0/STM32CubeIDE/plugins/com.st.stm32cube.ide.mcu.externaltools.gnu-tools-for-stm32.13.3.rel1.win32_1.0.0.202411081344/tools/bin/../lib/gcc/arm-none-eabi/13.3.1/../../../../arm-none-eabi/lib/thumb/v7-m/nofp\libc_nano.a(libc_a-stdio.o) (_close_r)
D:/STM32CubeIDE/STM32CubeIDE_1.19.0/STM32CubeIDE/plugins/com.st.stm32cube.ide.mcu.externaltools.gnu-tools-for-stm32.13.3.rel1.win32_1.0.0.202411081344/tools/bin/../lib/gcc/arm-none-eabi/13.3.1/../../../../arm-none-eabi/lib/thumb/v7-m/nofp\libc_nano.a(libc_a-reent.o)
                              D:/STM32CubeIDE/STM32CubeIDE_1.19.0/STM32CubeIDE/plugins/com.st.stm32cube.ide.mcu.externaltools.gnu-tools-for-stm32.13.3.rel1.win32_1.0.0.202411081344/tools/bin/../lib/gcc/arm-none-eabi/13.3.1/../../../../arm-none-eabi/lib/thumb/v7-m/nofp\libc_nano.a(libc_a-closer.o) (errno)
D:/STM32CubeIDE/STM32CubeIDE_1.19.0/STM32CubeIDE/plugins/com.st.stm32cube.ide.mcu.externaltools.gnu-tools-for-stm32.13.3.rel1.win32_1.0.0.202411081344/tools/bin/../lib/gcc/arm-none-eabi/13.3.1/../../../../arm-none-eabi/lib/thumb/v7-m/nofp\libc_nano.a(libc_a-impure.o)
                              D:/STM32CubeIDE/STM32CubeIDE_1.19.0/STM32CubeIDE/plugins/com.st.stm32cube.ide.mcu.externaltools.gnu-tools-for-stm32.13.3.rel1.win32_1.0.0.202411081344/tools/bin/../lib/gcc/arm-none-eabi/13.3.1/../../../../arm-none-eabi/lib/thumb/v7-m/nofp\libc_nano.a(libc_a-reent.o) (_impure_ptr)
D:/STM32CubeIDE/STM32CubeIDE_1.19.0/STM32CubeIDE/plugins/com.st.stm32cube.ide.mcu.externaltools.gnu-tools-for-stm32.13.3.rel1.win32_1.0.0.202411081344/tools/bin/../lib/gcc/arm-none-eabi/13.3.1/../../../../arm-none-eabi/lib/thumb/v7-m/nofp\libc_nano.a(libc_a-lseekr.o)
[...]
Memory Configuration

Name             Origin             Length             Attributes
RAM              0x20000000         0x00010000         xrw
FLASH            0x08000000         0x00080000         xr
*default*        0x00000000         0xffffffff

Linker script and memory map

LOAD D:/STM32CubeIDE/STM32CubeIDE_1.19.0/STM32CubeIDE/plugins/com.st.stm32cube.ide.mcu.externaltools.gnu-tools-for-stm32.13.3.rel1.win32_1.0.0.202411081344/tools/bin/../lib/gcc/arm-none-eabi/13.3.1/thumb/v7-m/nofp/crti.o
LOAD D:/STM32CubeIDE/STM32CubeIDE_1.19.0/STM32CubeIDE/plugins/com.st.stm32cube.ide.mcu.externaltools.gnu-tools-for-stm32.13.3.rel1.win32_1.0.0.202411081344/tools/bin/../lib/gcc/arm-none-eabi/13.3.1/thumb/v7-m/nofp/crtbegin.o
LOAD D:/STM32CubeIDE/STM32CubeIDE_1.19.0/STM32CubeIDE/plugins/com.st.stm32cube.ide.mcu.externaltools.gnu-tools-for-stm32.13.3.rel1.win32_1.0.0.202411081344/tools/bin/../lib/gcc/arm-none-eabi/13.3.1/../../../../arm-none-eabi/lib/thumb/v7-m/nofp/crt0.o
LOAD ./Core/Src/gpio.o
LOAD ./Core/Src/main.o
LOAD ./Core/Src/stm32f1xx_hal_msp.o
LOAD ./Core/Src/stm32f1xx_it.o
LOAD ./Core/Src/syscalls.o
LOAD ./Core/Src/sysmem.o
LOAD ./Core/Src/system_stm32f1xx.o
LOAD ./Core/Src/tim.o
LOAD ./Core/Src/usart.o
LOAD ./Core/Startup/startup_stm32f103vetx.o
LOAD ./Drivers/STM32F1xx_HAL_Driver/Src/stm32f1xx_hal.o
LOAD ./Drivers/STM32F1xx_HAL_Driver/Src/stm32f1xx_hal_cortex.o
LOAD ./Drivers/STM32F1xx_HAL_Driver/Src/stm32f1xx_hal_dma.o
LOAD ./Drivers/STM32F1xx_HAL_Driver/Src/stm32f1xx_hal_exti.o
LOAD ./Drivers/STM32F1xx_HAL_Driver/Src/stm32f1xx_hal_flash.o
LOAD ./Drivers/STM32F1xx_HAL_Driver/Src/stm32f1xx_hal_flash_ex.o
LOAD ./Drivers/STM32F1xx_HAL_Driver/Src/stm32f1xx_hal_gpio.o
LOAD ./Drivers/STM32F1xx_HAL_Driver/Src/stm32f1xx_hal_gpio_ex.o
LOAD ./Drivers/STM32F1xx_HAL_Driver/Src/stm32f1xx_hal_pwr.o
LOAD ./Drivers/STM32F1xx_HAL_Driver/Src/stm32f1xx_hal_rcc.o
LOAD ./Drivers/STM32F1xx_HAL_Driver/Src/stm32f1xx_hal_rcc_ex.o
LOAD ./Drivers/STM32F1xx_HAL_Driver/Src/stm32f1xx_hal_tim.o
LOAD ./Drivers/STM32F1xx_HAL_Driver/Src/stm32f1xx_hal_tim_ex.o
LOAD ./Drivers/STM32F1xx_HAL_Driver/Src/stm32f1xx_hal_uart.o
LOAD ./mycode/Encoder.o
LOAD ./mycode/KEY.o
LOAD ./mycode/LED.o
LOAD ./mycode/Motor.o
LOAD ./mycode/OLED.o
LOAD ./mycode/PID.o
LOAD ./mycode/Servo.o
LOAD ./mycode/USART.o
LOAD ./mycode/jy62.o
START GROUP
LOAD D:/STM32CubeIDE/STM32CubeIDE_1.19.0/STM32CubeIDE/plugins/com.st.stm32cube.ide.mcu.externaltools.gnu-tools-for-stm32.13.3.rel1.win32_1.0.0.202411081344/tools/bin/../lib/gcc/arm-none-eabi/13.3.1/../../../../arm-none-eabi/lib/thumb/v7-m/nofp\libc_nano.a
LOAD D:/STM32CubeIDE/STM32CubeIDE_1.19.0/STM32CubeIDE/plugins/com.st.stm32cube.ide.mcu.externaltools.gnu-tools-for-stm32.13.3.rel1.win32_1.0.0.202411081344/tools/bin/../lib/gcc/arm-none-eabi/13.3.1/../../../../arm-none-eabi/lib/thumb/v7-m/nofp\libm.a
END GROUP
START GROUP
LOAD D:/STM32CubeIDE/STM32CubeIDE_1.19.0/STM32CubeIDE/plugins/com.st.stm32cube.ide.mcu.externaltools.gnu-tools-for-stm32.13.3.rel1.win32_1.0.0.202411081344/tools/bin/../lib/gcc/arm-none-eabi/13.3.1/thumb/v7-m/nofp\libgcc.a
LOAD D:/STM32CubeIDE/STM32CubeIDE_1.19.0/STM32CubeIDE/plugins/com.st.stm32cube.ide.mcu.externaltools.gnu-tools-for-stm32.13.3.rel1.win32_1.0.0.202411081344/tools/bin/../lib/gcc/arm-none-eabi/13.3.1/../../../../arm-none-eabi/lib/thumb/v7-m/nofp\libc_nano.a
END GROUP
START GROUP
LOAD D:/STM32CubeIDE/STM32CubeIDE_1.19.0/STM32CubeIDE/plugins/com.st.stm32cube.ide.mcu.externaltools.gnu-tools-for-stm32.13.3.rel1.win32_1.0.0.202411081344/tools/bin/../lib/gcc/arm-none-eabi/13.3.1/thumb/v7-m/nofp\libgcc.a
LOAD D:/STM32CubeIDE/STM32CubeIDE_1.19.0/STM32CubeIDE/plugins/com.st.stm32cube.ide.mcu.externaltools.gnu-tools-for-stm32.13.3.rel1.win32_1.0.0.202411081344/tools/bin/../lib/gcc/arm-none-eabi/13.3.1/../../../../arm-none-eabi/lib/thumb/v7-m/nofp\libc_nano.a
LOAD D:/STM32CubeIDE/STM32CubeIDE_1.19.0/STM32CubeIDE/plugins/com.st.stm32cube.ide.mcu.externaltools.gnu-tools-for-stm32.13.3.rel1.win32_1.0.0.202411081344/tools/bin/../lib/gcc/arm-none-eabi/13.3.1/../../../../arm-none-eabi/lib/thumb/v7-m/nofp\libnosys.a
END GROUP
START GROUP
LOAD D:/STM32CubeIDE/STM32CubeIDE_1.19.0/STM32CubeIDE/plugins/com.st.stm32cube.ide.mcu.externaltools.gnu-tools-for-stm32.13.3.rel1.win32_1.0.0.202411081344/tools/bin/../lib/gcc/arm-none-eabi/13.3.1/thumb/v7-m/nofp\libgcc.a
LOAD D:/STM32CubeIDE/STM32CubeIDE_1.19.0/STM32CubeIDE/plugins/com.st.stm32cube.ide.mcu.externaltools.gnu-tools-for-stm32.13.3.rel1.win32_1.0.0.202411081344/tools/bin/../lib/gcc/arm-none-eabi/13.3.1/../../../../arm-none-eabi/lib/thumb/v7-m/nofp\libc_nano.a
LOAD D:/STM32CubeIDE/STM32CubeIDE_1.19.0/STM32CubeIDE/plugins/com.st.stm32cube.ide.mcu.externaltools.gnu-tools-for-stm32.13.3.rel1.win32_1.0.0.202411081344/tools/bin/../lib/gcc/arm-none-eabi/13.3.1/../../../../arm-none-eabi/lib/thumb/v7-m/nofp\libnosys.a
END GROUP
LOAD D:/STM32CubeIDE/STM32CubeIDE_1.19.0/STM32CubeIDE/plugins/com.st.stm32cube.ide.mcu.externaltools.gnu-tools-for-stm32.13.3.rel1.win32_1.0.0.202411081344/tools/bin/../lib/gcc/arm-none-eabi/13.3.1/thumb/v7-m/nofp/crtend.o
LOAD D:/STM32CubeIDE/STM32CubeIDE_1.19.0/STM32CubeIDE/plugins/com.st.stm32cube.ide.mcu.externaltools.gnu-tools-for-stm32.13.3.rel1.win32_1.0.0.202411081344/tools/bin/../lib/gcc/arm-none-eabi/13.3.1/thumb/v7-m/nofp/crtn.o
                0x20010000                        _estack = (ORIGIN (RAM) + LENGTH (RAM))
                0x00000200                        _Min_Heap_Size = 0x200
                0x00000400                        _Min_Stack_Size = 0x400

.isr_vector     0x08000000      0x1e4
                0x08000000                        . = ALIGN (0x4)
 *(.isr_vector)
 .isr_vector    0x08000000      0x1e4 ./Core/Startup/startup_stm32f103vetx.o
                0x08000000                g_pfnVectors
                0x080001e4                        . = ALIGN (0x4)

.text           0x080001e8     0x56f8
                0x080001e8                        . = ALIGN (0x4)
 *(.text)
 .text          0x080001e8       0x40 D:/STM32CubeIDE/STM32CubeIDE_1.19.0/STM32CubeIDE/plugins/com.st.stm32cube.ide.mcu.externaltools.gnu-tools-for-stm32.13.3.rel1.win32_1.0.0.202411081344/tools/bin/../lib/gcc/arm-none-eabi/13.3.1/thumb/v7-m/nofp/crtbegin.o
 .text          0x08000228      0x254 D:/STM32CubeIDE/STM32CubeIDE_1.19.0/STM32CubeIDE/plugins/com.st.stm32cube.ide.mcu.externaltools.gnu-tools-for-stm32.13.3.rel1.win32_1.0.0.202411081344/tools/bin/../lib/gcc/arm-none-eabi/13.3.1/thumb/v7-m/nofp\libgcc.a(_arm_muldf3.o)
                0x08000228                __muldf3
                0x08000228                __aeabi_dmul
 .text          0x0800047c      0x378 D:/STM32CubeIDE/STM32CubeIDE_1.19.0/STM32CubeIDE/plugins/com.st.stm32cube.ide.mcu.externaltools.gnu-tools-for-stm32.13.3.rel1.win32_1.0.0.202411081344/tools/bin/../lib/gcc/arm-none-eabi/13.3.1/thumb/v7-m/nofp\libgcc.a(_arm_addsubdf3.o)
                0x0800047c                __aeabi_drsub
                0x08000484                __aeabi_dsub
                0x08000484                __subdf3
                0x08000488                __aeabi_dadd
                0x08000488                __adddf3
                0x08000700                __floatunsidf
                0x08000700                __aeabi_ui2d
                0x08000720                __floatsidf
                0x08000720                __aeabi_i2d
                0x08000744                __aeabi_f2d
                0x08000744                __extendsfdf2
                0x08000788                __floatundidf
                0x08000788                __aeabi_ul2d
                0x08000798                __floatdidf
                0x08000798                __aeabi_l2d
 .text          0x080007f4       0x40 D:/STM32CubeIDE/STM32CubeIDE_1.19.0/STM32CubeIDE/plugins/com.st.stm32cube.ide.mcu.externaltools.gnu-tools-for-stm32.13.3.rel1.win32_1.0.0.202411081344/tools/bin/../lib/gcc/arm-none-eabi/13.3.1/thumb/v7-m/nofp\libgcc.a(_arm_fixunsdfsi.o)
                0x080007f4                __aeabi_d2uiz
                0x080007f4                __fixunsdfsi
 .text          0x08000834      0x21c D:/STM32CubeIDE/STM32CubeIDE_1.19.0/STM32CubeIDE/plugins/com.st.stm32cube.ide.mcu.externaltools.gnu-tools-for-stm32.13.3.rel1.win32_1.0.0.202411081344/tools/bin/../lib/gcc/arm-none-eabi/13.3.1/thumb/v7-m/nofp\libgcc.a(_arm_addsubsf3.o)
                0x08000834                __aeabi_frsub
                0x0800083c                __subsf3
                0x0800083c                __aeabi_fsub
                0x08000840                __aeabi_fadd
                0x08000840                __addsf3
                0x080009a0                __aeabi_ui2f
                0x080009a0                __floatunsisf
                0x080009a8                __aeabi_i2f
                0x080009a8                __floatsisf
                0x080009c4                __aeabi_ul2f
                0x080009c4                __floatundisf
                0x080009d4                __aeabi_l2f
                0x080009d4                __floatdisf
 .text          0x08000a50      0x2a0 D:/STM32CubeIDE/STM32CubeIDE_1.19.0/STM32CubeIDE/plugins/com.st.stm32cube.ide.mcu.externaltools.gnu-tools-for-stm32.13.3.rel1.win32_1.0.0.202411081344/tools/bin/../lib/gcc/arm-none-eabi/13.3.1/thumb/v7-m/nofp\libgcc.a(_arm_muldivsf3.o)
                0x08000a50                __mulsf3
                0x08000a50                __aeabi_fmul
                0x08000bb8                __aeabi_fdiv
                0x08000bb8                __divsf3
 .text          0x08000cf0       0xec D:/STM32CubeIDE/STM32CubeIDE_1.19.0/STM32CubeIDE/plugins/com.st.stm32cube.ide.mcu.externaltools.gnu-tools-for-stm32.13.3.rel1.win32_1.0.0.202411081344/tools/bin/../lib/gcc/arm-none-eabi/13.3.1/thumb/v7-m/nofp\libgcc.a(_arm_cmpsf2.o)
                0x08000cf0                __gesf2
                0x08000cf0                __gtsf2
                0x08000cf8                __lesf2
                0x08000cf8                __ltsf2
                0x08000d00                __nesf2
                0x08000d00                __eqsf2
                0x08000d00                __cmpsf2
                0x08000d60                __aeabi_cfrcmple
                0x08000d68                __aeabi_cfcmpeq
                0x08000d68                __aeabi_cfcmple
                0x08000d78                __aeabi_fcmpeq
                0x08000d8c                __aeabi_fcmplt
                0x08000da0                __aeabi_fcmple
                0x08000db4                __aeabi_fcmpge
                0x08000dc8                __aeabi_fcmpgt
 .text          0x08000ddc       0x4c D:/STM32CubeIDE/STM32CubeIDE_1.19.0/STM32CubeIDE/plugins/com.st.stm32cube.ide.mcu.externaltools.gnu-tools-for-stm32.13.3.rel1.win32_1.0.0.202411081344/tools/bin/../lib/gcc/arm-none-eabi/13.3.1/thumb/v7-m/nofp\libgcc.a(_arm_fixsfsi.o)
                0x08000ddc                __aeabi_f2iz
                0x08000ddc                __fixsfsi
 *(.text*)
 .text.MX_GPIO_Init
                0x08000e28      0x170 ./Core/Src/gpio.o
                0x08000e28                MX_GPIO_Init
 .text.HAL_UART_RxCpltCallback
                0x08000f98       0x9c ./Core/Src/main.o
                0x08000f98                HAL_UART_RxCpltCallback
 .text.HAL_TIM_PeriodElapsedCallback
                0x08001034      0x2f8 ./Core/Src/main.o
                0x08001034                HAL_TIM_PeriodElapsedCallback
 .text.main     0x0800132c      0x1b8 ./Core/Src/main.o
                0x0800132c                main
 .text.SystemClock_Config
                0x080014e4       0x8a ./Core/Src/main.o
                0x080014e4                SystemClock_Config
 .text.Error_Handler
                0x0800156e        0xc ./Core/Src/main.o
                0x0800156e                Error_Handler
 *fill*         0x0800157a        0x2 
 .text.HAL_MspInit
                0x0800157c       0x64 ./Core/Src/stm32f1xx_hal_msp.o
                0x0800157c                HAL_MspInit
 .text.NMI_Handler
                0x080015e0        0x8 ./Core/Src/stm32f1xx_it.o
                0x080015e0                NMI_Handler
 .text.HardFault_Handler
                0x080015e8        0x8 ./Core/Src/stm32f1xx_it.o
                0x080015e8                HardFault_Handler
 .text.MemManage_Handler
                0x080015f0        0x8 ./Core/Src/stm32f1xx_it.o
                0x080015f0                MemManage_Handler
 .text.BusFault_Handler
                0x080015f8        0x8 ./Core/Src/stm32f1xx_it.o
                0x080015f8                BusFault_Handler
 .text.UsageFault_Handler
                0x08001600        0x8 ./Core/Src/stm32f1xx_it.o
                0x08001600                UsageFault_Handler
 .text.SVC_Handler
                0x08001608        0xc ./Core/Src/stm32f1xx_it.o
                0x08001608                SVC_Handler
 .text.DebugMon_Handler
                0x08001614        0xc ./Core/Src/stm32f1xx_it.o
                0x08001614                DebugMon_Handler
 .text.PendSV_Handler
                0x08001620        0xc ./Core/Src/stm32f1xx_it.o
                0x08001620                PendSV_Handler
 .text.SysTick_Handler
                0x0800162c        0xc ./Core/Src/stm32f1xx_it.o
                0x0800162c                SysTick_Handler
 .text.USART2_IRQHandler
                0x08001638       0x14 ./Core/Src/stm32f1xx_it.o
                0x08001638                USART2_IRQHandler
 .text.USART3_IRQHandler
                0x0800164c       0x14 ./Core/Src/stm32f1xx_it.o
                0x0800164c                USART3_IRQHandler
 .text.TIM6_IRQHandler
                0x08001660       0x14 ./Core/Src/stm32f1xx_it.o
                0x08001660                TIM6_IRQHandler
 .text.SystemInit
                0x08001674        0xc ./Core/Src/system_stm32f1xx.o
                0x08001674                SystemInit
 .text.MX_TIM1_Init
                0x08001680      0x158 ./Core/Src/tim.o
                0x08001680                MX_TIM1_Init
 .text.MX_TIM2_Init
                0x080017d8      0x100 ./Core/Src/tim.o
                0x080017d8                MX_TIM2_Init
 .text.MX_TIM3_Init
                0x080018d8       0xa8 ./Core/Src/tim.o
                0x080018d8                MX_TIM3_Init
 .text.MX_TIM4_Init
                0x08001980       0xa8 ./Core/Src/tim.o
                0x08001980                MX_TIM4_Init
 .text.MX_TIM5_Init
                0x08001a28       0xa8 ./Core/Src/tim.o
                0x08001a28                MX_TIM5_Init
 .text.MX_TIM6_Init
                0x08001ad0       0x6c ./Core/Src/tim.o
                0x08001ad0                MX_TIM6_Init
 .text.HAL_TIM_Base_MspInit
                0x08001b3c       0x98 ./Core/Src/tim.o
                0x08001b3c                HAL_TIM_Base_MspInit
 .text.HAL_TIM_Encoder_MspInit
                0x08001bd4      0x17c ./Core/Src/tim.o
                0x08001bd4                HAL_TIM_Encoder_MspInit
 .text.HAL_TIM_MspPostInit
                0x08001d50       0xd0 ./Core/Src/tim.o
                0x08001d50                HAL_TIM_MspPostInit
 .text.MX_USART2_UART_Init
                0x08001e20       0x54 ./Core/Src/usart.o
                0x08001e20                MX_USART2_UART_Init
 .text.MX_USART3_UART_Init
                0x08001e74       0x54 ./Core/Src/usart.o
                0x08001e74                MX_USART3_UART_Init
 .text.HAL_UART_MspInit
                0x08001ec8      0x16c ./Core/Src/usart.o
                0x08001ec8                HAL_UART_MspInit
 .text.Reset_Handler
                0x08002034       0x48 ./Core/Startup/startup_stm32f103vetx.o
                0x08002034                Reset_Handler
 .text.Default_Handler
                0x0800207c        0x2 ./Core/Startup/startup_stm32f103vetx.o
                0x0800207c                RTC_Alarm_IRQHandler
                0x0800207c                EXTI2_IRQHandler
                0x0800207c                TIM8_TRG_COM_IRQHandler
                0x0800207c                TIM8_CC_IRQHandler
                0x0800207c                TIM1_CC_IRQHandler
                0x0800207c                PVD_IRQHandler
                0x0800207c                SDIO_IRQHandler
                0x0800207c                EXTI3_IRQHandler
                0x0800207c                EXTI0_IRQHandler
                0x0800207c                I2C2_EV_IRQHandler
                0x0800207c                ADC1_2_IRQHandler
                0x0800207c                SPI1_IRQHandler
                0x0800207c                TAMPER_IRQHandler
                0x0800207c                TIM8_UP_IRQHandler
                0x0800207c                DMA2_Channel2_IRQHandler
                0x0800207c                DMA1_Channel4_IRQHandler
                0x0800207c                RTC_IRQHandler
                0x0800207c                DMA1_Channel7_IRQHandler
                0x0800207c                CAN1_RX1_IRQHandler
                0x0800207c                UART5_IRQHandler
                0x0800207c                ADC3_IRQHandler
                0x0800207c                TIM4_IRQHandler
                0x0800207c                DMA2_Channel1_IRQHandler
                0x0800207c                I2C1_EV_IRQHandler
                0x0800207c                DMA1_Channel6_IRQHandler
                0x0800207c                UART4_IRQHandler
                0x0800207c                TIM3_IRQHandler
                0x0800207c                RCC_IRQHandler
                0x0800207c                TIM1_TRG_COM_IRQHandler
                0x0800207c                DMA1_Channel1_IRQHandler
                0x0800207c                Default_Handler
                0x0800207c                EXTI15_10_IRQHandler
                0x0800207c                TIM7_IRQHandler
                0x0800207c                TIM5_IRQHandler
                0x0800207c                EXTI9_5_IRQHandler
                0x0800207c                SPI2_IRQHandler
                0x0800207c                DMA1_Channel5_IRQHandler
                0x0800207c                EXTI4_IRQHandler
                0x0800207c                USB_LP_CAN1_RX0_IRQHandler
                0x0800207c                USB_HP_CAN1_TX_IRQHandler
                0x0800207c                DMA1_Channel3_IRQHandler
                0x0800207c                FSMC_IRQHandler
                0x0800207c                TIM1_UP_IRQHandler
                0x0800207c                WWDG_IRQHandler
                0x0800207c                TIM2_IRQHandler
                0x0800207c                TIM1_BRK_IRQHandler
                0x0800207c                EXTI1_IRQHandler
                0x0800207c                DMA2_Channel4_5_IRQHandler
                0x0800207c                I2C2_ER_IRQHandler
                0x0800207c                DMA1_Channel2_IRQHandler
                0x0800207c                TIM8_BRK_IRQHandler
                0x0800207c                CAN1_SCE_IRQHandler
                0x0800207c                FLASH_IRQHandler
                0x0800207c                USART1_IRQHandler
                0x0800207c                SPI3_IRQHandler
                0x0800207c                I2C1_ER_IRQHandler
                0x0800207c                USBWakeUp_IRQHandler
                0x0800207c                DMA2_Channel3_IRQHandler
 *fill*         0x0800207e        0x2 
 .text.HAL_Init
                0x08002080       0x2c ./Drivers/STM32F1xx_HAL_Driver/Src/stm32f1xx_hal.o
                0x08002080                HAL_Init
 .text.HAL_InitTick
                0x080020ac       0x60 ./Drivers/STM32F1xx_HAL_Driver/Src/stm32f1xx_hal.o
                0x080020ac                HAL_InitTick
 .text.HAL_IncTick
                0x0800210c       0x24 ./Drivers/STM32F1xx_HAL_Driver/Src/stm32f1xx_hal.o
                0x0800210c                HAL_IncTick
 .text.HAL_GetTick
                0x08002130       0x14 ./Drivers/STM32F1xx_HAL_Driver/Src/stm32f1xx_hal.o
                0x08002130                HAL_GetTick
 .text.HAL_Delay
                0x08002144       0x48 ./Drivers/STM32F1xx_HAL_Driver/Src/stm32f1xx_hal.o
                0x08002144                HAL_Delay
 .text.__NVIC_SetPriorityGrouping
                0x0800218c       0x48 ./Drivers/STM32F1xx_HAL_Driver/Src/stm32f1xx_hal_cortex.o
 .text.__NVIC_GetPriorityGrouping
                0x080021d4       0x1c ./Drivers/STM32F1xx_HAL_Driver/Src/stm32f1xx_hal_cortex.o
 .text.__NVIC_EnableIRQ
                0x080021f0       0x38 ./Drivers/STM32F1xx_HAL_Driver/Src/stm32f1xx_hal_cortex.o
 .text.__NVIC_SetPriority
                0x08002228       0x54 ./Drivers/STM32F1xx_HAL_Driver/Src/stm32f1xx_hal_cortex.o
 .text.NVIC_EncodePriority
                0x0800227c       0x64 ./Drivers/STM32F1xx_HAL_Driver/Src/stm32f1xx_hal_cortex.o
 .text.SysTick_Config
                0x080022e0       0x44 ./Drivers/STM32F1xx_HAL_Driver/Src/stm32f1xx_hal_cortex.o
 .text.HAL_NVIC_SetPriorityGrouping
                0x08002324       0x16 ./Drivers/STM32F1xx_HAL_Driver/Src/stm32f1xx_hal_cortex.o
                0x08002324                HAL_NVIC_SetPriorityGrouping
 .text.HAL_NVIC_SetPriority
                0x0800233a       0x38 ./Drivers/STM32F1xx_HAL_Driver/Src/stm32f1xx_hal_cortex.o
                0x0800233a                HAL_NVIC_SetPriority
 .text.HAL_NVIC_EnableIRQ
                0x08002372       0x1c ./Drivers/STM32F1xx_HAL_Driver/Src/stm32f1xx_hal_cortex.o
                0x08002372                HAL_NVIC_EnableIRQ
 .text.HAL_SYSTICK_Config
                0x0800238e       0x18 ./Drivers/STM32F1xx_HAL_Driver/Src/stm32f1xx_hal_cortex.o
                0x0800238e                HAL_SYSTICK_Config
 .text.HAL_DMA_Abort
                0x080023a6       0x76 ./Drivers/STM32F1xx_HAL_Driver/Src/stm32f1xx_hal_dma.o
                0x080023a6                HAL_DMA_Abort
 .text.HAL_DMA_Abort_IT
                0x0800241c      0x210 ./Drivers/STM32F1xx_HAL_Driver/Src/stm32f1xx_hal_dma.o
                0x0800241c                HAL_DMA_Abort_IT
 .text.HAL_GPIO_Init
                0x0800262c      0x328 ./Drivers/STM32F1xx_HAL_Driver/Src/stm32f1xx_hal_gpio.o
                0x0800262c                HAL_GPIO_Init
 .text.HAL_GPIO_ReadPin
                0x08002954       0x2e ./Drivers/STM32F1xx_HAL_Driver/Src/stm32f1xx_hal_gpio.o
                0x08002954                HAL_GPIO_ReadPin
 .text.HAL_GPIO_WritePin
                0x08002982       0x30 ./Drivers/STM32F1xx_HAL_Driver/Src/stm32f1xx_hal_gpio.o
                0x08002982                HAL_GPIO_WritePin
 *fill*         0x080029b2        0x2 
 .text.HAL_RCC_OscConfig
                0x080029b4      0x504 ./Drivers/STM32F1xx_HAL_Driver/Src/stm32f1xx_hal_rcc.o
                0x080029b4                HAL_RCC_OscConfig
 .text.HAL_RCC_ClockConfig
                0x08002eb8      0x1d4 ./Drivers/STM32F1xx_HAL_Driver/Src/stm32f1xx_hal_rcc.o
                0x08002eb8                HAL_RCC_ClockConfig
 .text.HAL_RCC_GetSysClockFreq
                0x0800308c       0xa8 ./Drivers/STM32F1xx_HAL_Driver/Src/stm32f1xx_hal_rcc.o
                0x0800308c                HAL_RCC_GetSysClockFreq
 .text.HAL_RCC_GetHCLKFreq
                0x08003134       0x14 ./Drivers/STM32F1xx_HAL_Driver/Src/stm32f1xx_hal_rcc.o
                0x08003134                HAL_RCC_GetHCLKFreq
 .text.HAL_RCC_GetPCLK1Freq
                0x08003148       0x28 ./Drivers/STM32F1xx_HAL_Driver/Src/stm32f1xx_hal_rcc.o
                0x08003148                HAL_RCC_GetPCLK1Freq
 .text.HAL_RCC_GetPCLK2Freq
                0x08003170       0x28 ./Drivers/STM32F1xx_HAL_Driver/Src/stm32f1xx_hal_rcc.o
                0x08003170                HAL_RCC_GetPCLK2Freq
 .text.RCC_Delay
                0x08003198       0x3c ./Drivers/STM32F1xx_HAL_Driver/Src/stm32f1xx_hal_rcc.o
 .text.HAL_TIM_Base_Init
                0x080031d4       0x9e ./Drivers/STM32F1xx_HAL_Driver/Src/stm32f1xx_hal_tim.o
                0x080031d4                HAL_TIM_Base_Init
 *fill*         0x08003272        0x2 
 .text.HAL_TIM_Base_Start_IT
                0x08003274       0xc0 ./Drivers/STM32F1xx_HAL_Driver/Src/stm32f1xx_hal_tim.o
                0x08003274                HAL_TIM_Base_Start_IT
 .text.HAL_TIM_PWM_Init
                0x08003334       0x9e ./Drivers/STM32F1xx_HAL_Driver/Src/stm32f1xx_hal_tim.o
                0x08003334                HAL_TIM_PWM_Init
 .text.HAL_TIM_PWM_MspInit
                0x080033d2       0x12 ./Drivers/STM32F1xx_HAL_Driver/Src/stm32f1xx_hal_tim.o
                0x080033d2                HAL_TIM_PWM_MspInit
 .text.HAL_TIM_PWM_Start
                0x080033e4      0x174 ./Drivers/STM32F1xx_HAL_Driver/Src/stm32f1xx_hal_tim.o
                0x080033e4                HAL_TIM_PWM_Start
 .text.HAL_TIM_Encoder_Init
                0x08003558      0x144 ./Drivers/STM32F1xx_HAL_Driver/Src/stm32f1xx_hal_tim.o
                0x08003558                HAL_TIM_Encoder_Init
 .text.HAL_TIM_IRQHandler
                0x0800369c      0x1e0 ./Drivers/STM32F1xx_HAL_Driver/Src/stm32f1xx_hal_tim.o
                0x0800369c                HAL_TIM_IRQHandler
 .text.HAL_TIM_PWM_ConfigChannel
                0x0800387c      0x184 ./Drivers/STM32F1xx_HAL_Driver/Src/stm32f1xx_hal_tim.o
                0x0800387c                HAL_TIM_PWM_ConfigChannel
 .text.HAL_TIM_ConfigClockSource
                0x08003a00      0x18e ./Drivers/STM32F1xx_HAL_Driver/Src/stm32f1xx_hal_tim.o
                0x08003a00                HAL_TIM_ConfigClockSource
 .text.HAL_TIM_OC_DelayElapsedCallback
                0x08003b8e       0x12 ./Drivers/STM32F1xx_HAL_Driver/Src/stm32f1xx_hal_tim.o
                0x08003b8e                HAL_TIM_OC_DelayElapsedCallback
 .text.HAL_TIM_IC_CaptureCallback
                0x08003ba0       0x12 ./Drivers/STM32F1xx_HAL_Driver/Src/stm32f1xx_hal_tim.o
                0x08003ba0                HAL_TIM_IC_CaptureCallback
 .text.HAL_TIM_PWM_PulseFinishedCallback
                0x08003bb2       0x12 ./Drivers/STM32F1xx_HAL_Driver/Src/stm32f1xx_hal_tim.o
                0x08003bb2                HAL_TIM_PWM_PulseFinishedCallback
 .text.HAL_TIM_TriggerCallback
                0x08003bc4       0x12 ./Drivers/STM32F1xx_HAL_Driver/Src/stm32f1xx_hal_tim.o
                0x08003bc4                HAL_TIM_TriggerCallback
 *fill*         0x08003bd6        0x2 
 .text.TIM_Base_SetConfig
                0x08003bd8      0x10c ./Drivers/STM32F1xx_HAL_Driver/Src/stm32f1xx_hal_tim.o
                0x08003bd8                TIM_Base_SetConfig
 .text.TIM_OC1_SetConfig
                0x08003ce4       0xe0 ./Drivers/STM32F1xx_HAL_Driver/Src/stm32f1xx_hal_tim.o
 .text.TIM_OC2_SetConfig
                0x08003dc4       0xe8 ./Drivers/STM32F1xx_HAL_Driver/Src/stm32f1xx_hal_tim.o
                0x08003dc4                TIM_OC2_SetConfig
 .text.TIM_OC3_SetConfig
                0x08003eac       0xe8 ./Drivers/STM32F1xx_HAL_Driver/Src/stm32f1xx_hal_tim.o
 .text.TIM_OC4_SetConfig
                0x08003f94       0xa8 ./Drivers/STM32F1xx_HAL_Driver/Src/stm32f1xx_hal_tim.o
 .text.TIM_TI1_ConfigInputStage
                0x0800403c       0x5c ./Drivers/STM32F1xx_HAL_Driver/Src/stm32f1xx_hal_tim.o
 .text.TIM_TI2_ConfigInputStage
                0x08004098       0x5e ./Drivers/STM32F1xx_HAL_Driver/Src/stm32f1xx_hal_tim.o
 .text.TIM_ITRx_SetConfig
                0x080040f6       0x34 ./Drivers/STM32F1xx_HAL_Driver/Src/stm32f1xx_hal_tim.o
 .text.TIM_ETR_SetConfig
                0x0800412a       0x3e ./Drivers/STM32F1xx_HAL_Driver/Src/stm32f1xx_hal_tim.o
                0x0800412a                TIM_ETR_SetConfig
 .text.TIM_CCxChannelCmd
                0x08004168       0x48 ./Drivers/STM32F1xx_HAL_Driver/Src/stm32f1xx_hal_tim.o
                0x08004168                TIM_CCxChannelCmd
 .text.HAL_TIMEx_MasterConfigSynchronization
                0x080041b0       0xd8 ./Drivers/STM32F1xx_HAL_Driver/Src/stm32f1xx_hal_tim_ex.o
                0x080041b0                HAL_TIMEx_MasterConfigSynchronization
 .text.HAL_TIMEx_ConfigBreakDeadTime
                0x08004288       0xa2 ./Drivers/STM32F1xx_HAL_Driver/Src/stm32f1xx_hal_tim_ex.o
                0x08004288                HAL_TIMEx_ConfigBreakDeadTime
 .text.HAL_TIMEx_CommutCallback
                0x0800432a       0x12 ./Drivers/STM32F1xx_HAL_Driver/Src/stm32f1xx_hal_tim_ex.o
                0x0800432a                HAL_TIMEx_CommutCallback
 .text.HAL_TIMEx_BreakCallback
                0x0800433c       0x12 ./Drivers/STM32F1xx_HAL_Driver/Src/stm32f1xx_hal_tim_ex.o
                0x0800433c                HAL_TIMEx_BreakCallback
 .text.HAL_UART_Init
                0x0800434e       0xa0 ./Drivers/STM32F1xx_HAL_Driver/Src/stm32f1xx_hal_uart.o
                0x0800434e                HAL_UART_Init
 .text.HAL_UART_Transmit_IT
                0x080043ee       0x6a ./Drivers/STM32F1xx_HAL_Driver/Src/stm32f1xx_hal_uart.o
                0x080043ee                HAL_UART_Transmit_IT
 .text.HAL_UART_Receive_IT
                0x08004458       0x4a ./Drivers/STM32F1xx_HAL_Driver/Src/stm32f1xx_hal_uart.o
                0x08004458                HAL_UART_Receive_IT
 *fill*         0x080044a2        0x2 
 .text.HAL_UART_IRQHandler
                0x080044a4      0x524 ./Drivers/STM32F1xx_HAL_Driver/Src/stm32f1xx_hal_uart.o
                0x080044a4                HAL_UART_IRQHandler
 .text.HAL_UART_TxCpltCallback
                0x080049c8       0x12 ./Drivers/STM32F1xx_HAL_Driver/Src/stm32f1xx_hal_uart.o
                0x080049c8                HAL_UART_TxCpltCallback
 .text.HAL_UART_ErrorCallback
                0x080049da       0x12 ./Drivers/STM32F1xx_HAL_Driver/Src/stm32f1xx_hal_uart.o
                0x080049da                HAL_UART_ErrorCallback
 .text.HAL_UARTEx_RxEventCallback
                0x080049ec       0x16 ./Drivers/STM32F1xx_HAL_Driver/Src/stm32f1xx_hal_uart.o
                0x080049ec                HAL_UARTEx_RxEventCallback
 .text.UART_Start_Receive_IT
                0x08004a02       0x72 ./Drivers/STM32F1xx_HAL_Driver/Src/stm32f1xx_hal_uart.o
                0x08004a02                UART_Start_Receive_IT
 .text.UART_EndRxTransfer
                0x08004a74       0xc4 ./Drivers/STM32F1xx_HAL_Driver/Src/stm32f1xx_hal_uart.o
 .text.UART_DMAAbortOnError
                0x08004b38       0x28 ./Drivers/STM32F1xx_HAL_Driver/Src/stm32f1xx_hal_uart.o
 .text.UART_Transmit_IT
                0x08004b60       0x9e ./Drivers/STM32F1xx_HAL_Driver/Src/stm32f1xx_hal_uart.o
 .text.UART_EndTransmit_IT
                0x08004bfe       0x30 ./Drivers/STM32F1xx_HAL_Driver/Src/stm32f1xx_hal_uart.o
 .text.UART_Receive_IT
                0x08004c2e      0x17c ./Drivers/STM32F1xx_HAL_Driver/Src/stm32f1xx_hal_uart.o
 *fill*         0x08004daa        0x2 
 .text.UART_SetConfig
                0x08004dac      0x11c ./Drivers/STM32F1xx_HAL_Driver/Src/stm32f1xx_hal_uart.o
 .text.Key1_Scan
                0x08004ec8       0xc8 ./mycode/KEY.o
                0x08004ec8                Key1_Scan
 .text.Key2_Scan
                0x08004f90       0xc8 ./mycode/KEY.o
                0x08004f90                Key2_Scan
 .text.Key3_Scan
                0x08005058       0xc8 ./mycode/KEY.o
                0x08005058                Key3_Scan
 .text.XLED_ON  0x08005120       0x18 ./mycode/LED.o
                0x08005120                XLED_ON
 .text.XLED_OFF
                0x08005138       0x18 ./mycode/LED.o
                0x08005138                XLED_OFF
 .text.OLED_I2C_Init
                0x08005150       0x28 ./mycode/OLED.o
                0x08005150                OLED_I2C_Init
 .text.OLED_I2C_Start
                0x08005178       0x3c ./mycode/OLED.o
                0x08005178                OLED_I2C_Start
 .text.OLED_I2C_Stop
                0x080051b4       0x30 ./mycode/OLED.o
                0x080051b4                OLED_I2C_Stop
 .text.OLED_I2C_SendByte
                0x080051e4       0x78 ./mycode/OLED.o
                0x080051e4                OLED_I2C_SendByte
 .text.OLED_WriteCommand
                0x0800525c       0x2e ./mycode/OLED.o
                0x0800525c                OLED_WriteCommand
 .text.OLED_WriteData
                0x0800528a       0x2e ./mycode/OLED.o
                0x0800528a                OLED_WriteData
 .text.OLED_SetCursor
                0x080052b8       0x46 ./mycode/OLED.o
                0x080052b8                OLED_SetCursor
 .text.OLED_Clear
                0x080052fe       0x46 ./mycode/OLED.o
                0x080052fe                OLED_Clear
 .text.OLED_ShowChar
                0x08005344       0xb0 ./mycode/OLED.o
                0x08005344                OLED_ShowChar
 .text.OLED_ShowString
                0x080053f4       0x4a ./mycode/OLED.o
                0x080053f4                OLED_ShowString
 .text.OLED_Pow
                0x0800543e       0x30 ./mycode/OLED.o
                0x0800543e                OLED_Pow
 *fill*         0x0800546e        0x2 
 .text.OLED_ShowNum
                0x08005470       0x7c ./mycode/OLED.o
                0x08005470                OLED_ShowNum
 .text.OLED_ShowSignedNum
                0x080054ec       0xa8 ./mycode/OLED.o
                0x080054ec                OLED_ShowSignedNum
 .text.OLED_Init
                0x08005594       0xc8 ./mycode/OLED.o
                0x08005594                OLED_Init
 .text.pidCompute
                0x0800565c       0xc0 ./mycode/PID.o
                0x0800565c                pidCompute
 .text.Servo_Init
                0x0800571c       0x1c ./mycode/Servo.o
                0x0800571c                Servo_Init
 .text.setServoAngleY
                0x08005738       0x9c ./mycode/Servo.o
                0x08005738                setServoAngleY
 *fill*         0x080057d4        0x4 
 .text.setServoAngleX
                0x080057d8       0x98 ./mycode/Servo.o
                0x080057d8                setServoAngleX
 .text.memset   0x08005870       0x10 D:/STM32CubeIDE/STM32CubeIDE_1.19.0/STM32CubeIDE/plugins/com.st.stm32cube.ide.mcu.externaltools.gnu-tools-for-stm32.13.3.rel1.win32_1.0.0.202411081344/tools/bin/../lib/gcc/arm-none-eabi/13.3.1/../../../../arm-none-eabi/lib/thumb/v7-m/nofp\libc_nano.a(libc_a-memset.o)
                0x08005870                memset
 .text.__libc_init_array
                0x08005880       0x48 D:/STM32CubeIDE/STM32CubeIDE_1.19.0/STM32CubeIDE/plugins/com.st.stm32cube.ide.mcu.externaltools.gnu-tools-for-stm32.13.3.rel1.win32_1.0.0.202411081344/tools/bin/../lib/gcc/arm-none-eabi/13.3.1/../../../../arm-none-eabi/lib/thumb/v7-m/nofp\libc_nano.a(libc_a-init.o)
                0x08005880                __libc_init_array
 *(.glue_7)
 .glue_7        0x080058c8        0x0 linker stubs
 *(.glue_7t)
 .glue_7t       0x080058c8        0x0 linker stubs
 *(.eh_frame)
 .eh_frame      0x080058c8        0x0 D:/STM32CubeIDE/STM32CubeIDE_1.19.0/STM32CubeIDE/plugins/com.st.stm32cube.ide.mcu.externaltools.gnu-tools-for-stm32.13.3.rel1.win32_1.0.0.202411081344/tools/bin/../lib/gcc/arm-none-eabi/13.3.1/thumb/v7-m/nofp/crtbegin.o
 *(.init)
 .init          0x080058c8        0x4 D:/STM32CubeIDE/STM32CubeIDE_1.19.0/STM32CubeIDE/plugins/com.st.stm32cube.ide.mcu.externaltools.gnu-tools-for-stm32.13.3.rel1.win32_1.0.0.202411081344/tools/bin/../lib/gcc/arm-none-eabi/13.3.1/thumb/v7-m/nofp/crti.o
                0x080058c8                _init
 .init          0x080058cc        0x8 D:/STM32CubeIDE/STM32CubeIDE_1.19.0/STM32CubeIDE/plugins/com.st.stm32cube.ide.mcu.externaltools.gnu-tools-for-stm32.13.3.rel1.win32_1.0.0.202411081344/tools/bin/../lib/gcc/arm-none-eabi/13.3.1/thumb/v7-m/nofp/crtn.o
 *(.fini)
 .fini          0x080058d4        0x4 D:/STM32CubeIDE/STM32CubeIDE_1.19.0/STM32CubeIDE/plugins/com.st.stm32cube.ide.mcu.externaltools.gnu-tools-for-stm32.13.3.rel1.win32_1.0.0.202411081344/tools/bin/../lib/gcc/arm-none-eabi/13.3.1/thumb/v7-m/nofp/crti.o
                0x080058d4                _fini
 .fini          0x080058d8        0x8 D:/STM32CubeIDE/STM32CubeIDE_1.19.0/STM32CubeIDE/plugins/com.st.stm32cube.ide.mcu.externaltools.gnu-tools-for-stm32.13.3.rel1.win32_1.0.0.202411081344/tools/bin/../lib/gcc/arm-none-eabi/13.3.1/thumb/v7-m/nofp/crtn.o
                0x080058e0                        . = ALIGN (0x4)
                0x080058e0                        _etext = .

.vfp11_veneer   0x080058e0        0x0
 .vfp11_veneer  0x080058e0        0x0 linker stubs

.v4_bx          0x080058e0        0x0
 .v4_bx         0x080058e0        0x0 linker stubs

.iplt           0x080058e0        0x0
 .iplt          0x080058e0        0x0 D:/STM32CubeIDE/STM32CubeIDE_1.19.0/STM32CubeIDE/plugins/com.st.stm32cube.ide.mcu.externaltools.gnu-tools-for-stm32.13.3.rel1.win32_1.0.0.202411081344/tools/bin/../lib/gcc/arm-none-eabi/13.3.1/thumb/v7-m/nofp/crtbegin.o

.rodata         0x080058e0      0x638
                0x080058e0                        . = ALIGN (0x4)
 *(.rodata)
 .rodata        0x080058e0       0x10 ./Core/Src/main.o
 .rodata        0x080058f0        0xc ./mycode/KEY.o
 *(.rodata*)
 .rodata.AHBPrescTable
                0x080058fc       0x10 ./Core/Src/system_stm32f1xx.o
                0x080058fc                AHBPrescTable
 .rodata.APBPrescTable
                0x0800590c        0x8 ./Core/Src/system_stm32f1xx.o
                0x0800590c                APBPrescTable
 .rodata.aPLLMULFactorTable.1
                0x08005914       0x10 ./Drivers/STM32F1xx_HAL_Driver/Src/stm32f1xx_hal_rcc.o
 .rodata.aPredivFactorTable.0
                0x08005924        0x2 ./Drivers/STM32F1xx_HAL_Driver/Src/stm32f1xx_hal_rcc.o
 *fill*         0x08005926        0x2 
 .rodata.OLED_F8x16
                0x08005928      0x5f0 ./mycode/OLED.o
                0x08005928                OLED_F8x16
                0x08005f18                        . = ALIGN (0x4)

.ARM.extab      0x08005f18        0x0
                0x08005f18                        . = ALIGN (0x4)
 *(.ARM.extab* .gnu.linkonce.armextab.*)
                0x08005f18                        . = ALIGN (0x4)

.ARM            0x08005f18        0x0
                0x08005f18                        . = ALIGN (0x4)
                0x08005f18                        __exidx_start = .
 *(.ARM.exidx*)
                0x08005f18                        __exidx_end = .
                0x08005f18                        . = ALIGN (0x4)

.preinit_array  0x08005f18        0x0
                0x08005f18                        . = ALIGN (0x4)
                0x08005f18                        PROVIDE (__preinit_array_start = .)
 *(.preinit_array*)
                0x08005f18                        PROVIDE (__preinit_array_end = .)
                0x08005f18                        . = ALIGN (0x4)

.init_array     0x08005f18        0x4
                0x08005f18                        . = ALIGN (0x4)
                0x08005f18                        PROVIDE (__init_array_start = .)
 *(SORT_BY_NAME(.init_array.*))
 *(.init_array*)
 .init_array    0x08005f18        0x4 D:/STM32CubeIDE/STM32CubeIDE_1.19.0/STM32CubeIDE/plugins/com.st.stm32cube.ide.mcu.externaltools.gnu-tools-for-stm32.13.3.rel1.win32_1.0.0.202411081344/tools/bin/../lib/gcc/arm-none-eabi/13.3.1/thumb/v7-m/nofp/crtbegin.o
                0x08005f1c                        PROVIDE (__init_array_end = .)
                0x08005f1c                        . = ALIGN (0x4)

.fini_array     0x08005f1c        0x4
                0x08005f1c                        . = ALIGN (0x4)
                [!provide]                        PROVIDE (__fini_array_start = .)
 *(SORT_BY_NAME(.fini_array.*))
 *(.fini_array*)
 .fini_array    0x08005f1c        0x4 D:/STM32CubeIDE/STM32CubeIDE_1.19.0/STM32CubeIDE/plugins/com.st.stm32cube.ide.mcu.externaltools.gnu-tools-for-stm32.13.3.rel1.win32_1.0.0.202411081344/tools/bin/../lib/gcc/arm-none-eabi/13.3.1/thumb/v7-m/nofp/crtbegin.o
                [!provide]                        PROVIDE (__fini_array_end = .)
                0x08005f20                        . = ALIGN (0x4)
                0x08005f20                        _sidata = LOADADDR (.data)

.rel.dyn        0x08005f20        0x0
 .rel.iplt      0x08005f20        0x0 D:/STM32CubeIDE/STM32CubeIDE_1.19.0/STM32CubeIDE/plugins/com.st.stm32cube.ide.mcu.externaltools.gnu-tools-for-stm32.13.3.rel1.win32_1.0.0.202411081344/tools/bin/../lib/gcc/arm-none-eabi/13.3.1/thumb/v7-m/nofp/crtbegin.o

.data           0x20000000       0x10 load address 0x08005f20
                0x20000000                        . = ALIGN (0x4)
                0x20000000                        _sdata = .
 *(.data)
 *(.data*)
 .data.SystemCoreClock
                0x20000000        0x4 ./Core/Src/system_stm32f1xx.o
                0x20000000                SystemCoreClock
 .data.uwTickPrio
                0x20000004        0x4 ./Drivers/STM32F1xx_HAL_Driver/Src/stm32f1xx_hal.o
                0x20000004                uwTickPrio
 .data.uwTickFreq
                0x20000008        0x1 ./Drivers/STM32F1xx_HAL_Driver/Src/stm32f1xx_hal.o
                0x20000008                uwTickFreq
 .data.current1_mode
                0x20000009        0x1 ./mycode/KEY.o
                0x20000009                current1_mode
 .data.current2_mode
                0x2000000a        0x1 ./mycode/KEY.o
                0x2000000a                current2_mode
 .data.current3_mode
                0x2000000b        0x1 ./mycode/KEY.o
                0x2000000b                current3_mode
 .data.key_released.2
                0x2000000c        0x1 ./mycode/KEY.o
 .data.key_released.1
                0x2000000d        0x1 ./mycode/KEY.o
 .data.key_released.0
                0x2000000e        0x1 ./mycode/KEY.o
 *(.RamFunc)
 *(.RamFunc*)
                0x20000010                        . = ALIGN (0x4)
 *fill*         0x2000000f        0x1 
                0x20000010                        _edata = .

.igot.plt       0x20000010        0x0 load address 0x08005f30
 .igot.plt      0x20000010        0x0 D:/STM32CubeIDE/STM32CubeIDE_1.19.0/STM32CubeIDE/plugins/com.st.stm32cube.ide.mcu.externaltools.gnu-tools-for-stm32.13.3.rel1.win32_1.0.0.202411081344/tools/bin/../lib/gcc/arm-none-eabi/13.3.1/thumb/v7-m/nofp/crtbegin.o
                0x20000010                        . = ALIGN (0x4)

.bss            0x20000010      0x2b0 load address 0x08005f30
                0x20000010                        _sbss = .
                0x20000010                        __bss_start__ = _sbss
 *(.bss)
 .bss           0x20000010       0x1c D:/STM32CubeIDE/STM32CubeIDE_1.19.0/STM32CubeIDE/plugins/com.st.stm32cube.ide.mcu.externaltools.gnu-tools-for-stm32.13.3.rel1.win32_1.0.0.202411081344/tools/bin/../lib/gcc/arm-none-eabi/13.3.1/thumb/v7-m/nofp/crtbegin.o
 *(.bss*)
 .bss.sys_state
                0x2000002c        0x1 ./Core/Src/main.o
                0x2000002c                sys_state
 *fill*         0x2000002d        0x3 
 .bss.K230_data
                0x20000030        0x6 ./Core/Src/main.o
                0x20000030                K230_data
 *fill*         0x20000036        0x2 
 .bss.Res       0x20000038        0x7 ./Core/Src/main.o
                0x20000038                Res
 *fill*         0x2000003f        0x1 
 .bss.pidX      0x20000040       0x18 ./Core/Src/main.o
                0x20000040                pidX
 .bss.pidY      0x20000058       0x18 ./Core/Src/main.o
                0x20000058                pidY
 .bss.outX      0x20000070        0x4 ./Core/Src/main.o
                0x20000070                outX
 .bss.outY      0x20000074        0x4 ./Core/Src/main.o
                0x20000074                outY
 .bss.current_angle
                0x20000078        0x4 ./Core/Src/main.o
                0x20000078                current_angle
 .bss.htim1     0x2000007c       0x48 ./Core/Src/tim.o
                0x2000007c                htim1
 .bss.htim2     0x200000c4       0x48 ./Core/Src/tim.o
                0x200000c4                htim2
 .bss.htim3     0x2000010c       0x48 ./Core/Src/tim.o
                0x2000010c                htim3
 .bss.htim4     0x20000154       0x48 ./Core/Src/tim.o
                0x20000154                htim4
 .bss.htim5     0x2000019c       0x48 ./Core/Src/tim.o
                0x2000019c                htim5
 .bss.htim6     0x200001e4       0x48 ./Core/Src/tim.o
                0x200001e4                htim6
 .bss.huart2    0x2000022c       0x48 ./Core/Src/usart.o
                0x2000022c                huart2
 .bss.huart3    0x20000274       0x48 ./Core/Src/usart.o
                0x20000274                huart3
 .bss.uwTick    0x200002bc        0x4 ./Drivers/STM32F1xx_HAL_Driver/Src/stm32f1xx_hal.o
                0x200002bc                uwTick
 *(COMMON)
                0x200002c0                        . = ALIGN (0x4)
                0x200002c0                        _ebss = .
                0x200002c0                        __bss_end__ = _ebss

._user_heap_stack
                0x200002c0      0x600 load address 0x08005f30
                0x200002c0                        . = ALIGN (0x8)
                [!provide]                        PROVIDE (end = .)
                0x200002c0                        PROVIDE (_end = .)
                0x200004c0                        . = (. + _Min_Heap_Size)
 *fill*         0x200002c0      0x200 
                0x200008c0                        . = (. + _Min_Stack_Size)
 *fill*         0x200004c0      0x400 
                0x200008c0                        . = ALIGN (0x8)

/DISCARD/
 libc.a(*)
 libm.a(*)
 libgcc.a(*)

.ARM.attributes
                0x00000000       0x29
 *(.ARM.attributes)
 .ARM.attributes
                0x00000000       0x1d D:/STM32CubeIDE/STM32CubeIDE_1.19.0/STM32CubeIDE/plugins/com.st.stm32cube.ide.mcu.externaltools.gnu-tools-for-stm32.13.3.rel1.win32_1.0.0.202411081344/tools/bin/../lib/gcc/arm-none-eabi/13.3.1/thumb/v7-m/nofp/crti.o
 .ARM.attributes
                0x0000001d       0x2d D:/STM32CubeIDE/STM32CubeIDE_1.19.0/STM32CubeIDE/plugins/com.st.stm32cube.ide.mcu.externaltools.gnu-tools-for-stm32.13.3.rel1.win32_1.0.0.202411081344/tools/bin/../lib/gcc/arm-none-eabi/13.3.1/thumb/v7-m/nofp/crtbegin.o
 .ARM.attributes
                0x0000004a       0x2d ./Core/Src/gpio.o
 .ARM.attributes
                0x00000077       0x2d ./Core/Src/main.o
 .ARM.attributes
                0x000000a4       0x2d ./Core/Src/stm32f1xx_hal_msp.o
 .ARM.attributes
                0x000000d1       0x2d ./Core/Src/stm32f1xx_it.o
 .ARM.attributes
                0x000000fe       0x2d ./Core/Src/system_stm32f1xx.o
 .ARM.attributes
                0x0000012b       0x2d ./Core/Src/tim.o
 .ARM.attributes
                0x00000158       0x2d ./Core/Src/usart.o
 .ARM.attributes
                0x00000185       0x21 ./Core/Startup/startup_stm32f103vetx.o
 .ARM.attributes
                0x000001a6       0x2d ./Drivers/STM32F1xx_HAL_Driver/Src/stm32f1xx_hal.o
 .ARM.attributes
                0x000001d3       0x2d ./Drivers/STM32F1xx_HAL_Driver/Src/stm32f1xx_hal_cortex.o
 .ARM.attributes
                0x00000200       0x2d ./Drivers/STM32F1xx_HAL_Driver/Src/stm32f1xx_hal_dma.o
 .ARM.attributes
                0x0000022d       0x2d ./Drivers/STM32F1xx_HAL_Driver/Src/stm32f1xx_hal_gpio.o
 .ARM.attributes
                0x0000025a       0x2d ./Drivers/STM32F1xx_HAL_Driver/Src/stm32f1xx_hal_rcc.o
 .ARM.attributes
                0x00000287       0x2d ./Drivers/STM32F1xx_HAL_Driver/Src/stm32f1xx_hal_tim.o
 .ARM.attributes
                0x000002b4       0x2d ./Drivers/STM32F1xx_HAL_Driver/Src/stm32f1xx_hal_tim_ex.o
 .ARM.attributes
                0x000002e1       0x2d ./Drivers/STM32F1xx_HAL_Driver/Src/stm32f1xx_hal_uart.o
 .ARM.attributes
                0x0000030e       0x2d ./mycode/KEY.o
 .ARM.attributes
                0x0000033b       0x2d ./mycode/LED.o
 .ARM.attributes
                0x00000368       0x2d ./mycode/OLED.o
 .ARM.attributes
                0x00000395       0x2d ./mycode/PID.o
 .ARM.attributes
                0x000003c2       0x2d ./mycode/Servo.o
 .ARM.attributes
                0x000003ef       0x2d D:/STM32CubeIDE/STM32CubeIDE_1.19.0/STM32CubeIDE/plugins/com.st.stm32cube.ide.mcu.externaltools.gnu-tools-for-stm32.13.3.rel1.win32_1.0.0.202411081344/tools/bin/../lib/gcc/arm-none-eabi/13.3.1/../../../../arm-none-eabi/lib/thumb/v7-m/nofp\libc_nano.a(libc_a-memset.o)
 .ARM.attributes
                0x0000041c       0x2d D:/STM32CubeIDE/STM32CubeIDE_1.19.0/STM32CubeIDE/plugins/com.st.stm32cube.ide.mcu.externaltools.gnu-tools-for-stm32.13.3.rel1.win32_1.0.0.202411081344/tools/bin/../lib/gcc/arm-none-eabi/13.3.1/../../../../arm-none-eabi/lib/thumb/v7-m/nofp\libc_nano.a(libc_a-init.o)
 .ARM.attributes
                0x00000449       0x1d D:/STM32CubeIDE/STM32CubeIDE_1.19.0/STM32CubeIDE/plugins/com.st.stm32cube.ide.mcu.externaltools.gnu-tools-for-stm32.13.3.rel1.win32_1.0.0.202411081344/tools/bin/../lib/gcc/arm-none-eabi/13.3.1/thumb/v7-m/nofp\libgcc.a(_arm_muldf3.o)
 .ARM.attributes
                0x00000466       0x1d D:/STM32CubeIDE/STM32CubeIDE_1.19.0/STM32CubeIDE/plugins/com.st.stm32cube.ide.mcu.externaltools.gnu-tools-for-stm32.13.3.rel1.win32_1.0.0.202411081344/tools/bin/../lib/gcc/arm-none-eabi/13.3.1/thumb/v7-m/nofp\libgcc.a(_arm_addsubdf3.o)
 .ARM.attributes
                0x00000483       0x1d D:/STM32CubeIDE/STM32CubeIDE_1.19.0/STM32CubeIDE/plugins/com.st.stm32cube.ide.mcu.externaltools.gnu-tools-for-stm32.13.3.rel1.win32_1.0.0.202411081344/tools/bin/../lib/gcc/arm-none-eabi/13.3.1/thumb/v7-m/nofp\libgcc.a(_arm_fixunsdfsi.o)
 .ARM.attributes
                0x000004a0       0x1d D:/STM32CubeIDE/STM32CubeIDE_1.19.0/STM32CubeIDE/plugins/com.st.stm32cube.ide.mcu.externaltools.gnu-tools-for-stm32.13.3.rel1.win32_1.0.0.202411081344/tools/bin/../lib/gcc/arm-none-eabi/13.3.1/thumb/v7-m/nofp\libgcc.a(_arm_addsubsf3.o)
 .ARM.attributes
                0x000004bd       0x1d D:/STM32CubeIDE/STM32CubeIDE_1.19.0/STM32CubeIDE/plugins/com.st.stm32cube.ide.mcu.externaltools.gnu-tools-for-stm32.13.3.rel1.win32_1.0.0.202411081344/tools/bin/../lib/gcc/arm-none-eabi/13.3.1/thumb/v7-m/nofp\libgcc.a(_arm_muldivsf3.o)
 .ARM.attributes
                0x000004da       0x1d D:/STM32CubeIDE/STM32CubeIDE_1.19.0/STM32CubeIDE/plugins/com.st.stm32cube.ide.mcu.externaltools.gnu-tools-for-stm32.13.3.rel1.win32_1.0.0.202411081344/tools/bin/../lib/gcc/arm-none-eabi/13.3.1/thumb/v7-m/nofp\libgcc.a(_arm_cmpsf2.o)
 .ARM.attributes
                0x000004f7       0x1d D:/STM32CubeIDE/STM32CubeIDE_1.19.0/STM32CubeIDE/plugins/com.st.stm32cube.ide.mcu.externaltools.gnu-tools-for-stm32.13.3.rel1.win32_1.0.0.202411081344/tools/bin/../lib/gcc/arm-none-eabi/13.3.1/thumb/v7-m/nofp\libgcc.a(_arm_fixsfsi.o)
 .ARM.attributes
                0x00000514       0x1d D:/STM32CubeIDE/STM32CubeIDE_1.19.0/STM32CubeIDE/plugins/com.st.stm32cube.ide.mcu.externaltools.gnu-tools-for-stm32.13.3.rel1.win32_1.0.0.202411081344/tools/bin/../lib/gcc/arm-none-eabi/13.3.1/thumb/v7-m/nofp/crtn.o
OUTPUT(ELS.elf elf32-littlearm)
LOAD linker stubs
LOAD D:/STM32CubeIDE/STM32CubeIDE_1.19.0/STM32CubeIDE/plugins/com.st.stm32cube.ide.mcu.externaltools.gnu-tools-for-stm32.13.3.rel1.win32_1.0.0.202411081344/tools/bin/../lib/gcc/arm-none-eabi/13.3.1/../../../../arm-none-eabi/lib/thumb/v7-m/nofp\libc.a
LOAD D:/STM32CubeIDE/STM32CubeIDE_1.19.0/STM32CubeIDE/plugins/com.st.stm32cube.ide.mcu.externaltools.gnu-tools-for-stm32.13.3.rel1.win32_1.0.0.202411081344/tools/bin/../lib/gcc/arm-none-eabi/13.3.1/../../../../arm-none-eabi/lib/thumb/v7-m/nofp\libm.a
LOAD D:/STM32CubeIDE/STM32CubeIDE_1.19.0/STM32CubeIDE/plugins/com.st.stm32cube.ide.mcu.externaltools.gnu-tools-for-stm32.13.3.rel1.win32_1.0.0.202411081344/tools/bin/../lib/gcc/arm-none-eabi/13.3.1/thumb/v7-m/nofp\libgcc.a

.debug_info     0x00000000     0xe1e6
 .debug_info    0x00000000      0x2ef ./Core/Src/gpio.o
 .debug_info    0x000002ef      0xf8e ./Core/Src/main.o
 .debug_info    0x0000127d      0x1f1 ./Core/Src/stm32f1xx_hal_msp.o
 .debug_info    0x0000146e      0x967 ./Core/Src/stm32f1xx_it.o
 .debug_info    0x00001dd5      0x222 ./Core/Src/system_stm32f1xx.o
 .debug_info    0x00001ff7     0x111e ./Core/Src/tim.o
 .debug_info    0x00003115      0xa98 ./Core/Src/usart.o
 .debug_info    0x00003bad       0x30 ./Core/Startup/startup_stm32f103vetx.o
 .debug_info    0x00003bdd      0x76a ./Drivers/STM32F1xx_HAL_Driver/Src/stm32f1xx_hal.o
 .debug_info    0x00004347      0xaed ./Drivers/STM32F1xx_HAL_Driver/Src/stm32f1xx_hal_cortex.o
 .debug_info    0x00004e34      0x6d2 ./Drivers/STM32F1xx_HAL_Driver/Src/stm32f1xx_hal_dma.o
 .debug_info    0x00005506      0x5ab ./Drivers/STM32F1xx_HAL_Driver/Src/stm32f1xx_hal_gpio.o
 .debug_info    0x00005ab1      0x7d5 ./Drivers/STM32F1xx_HAL_Driver/Src/stm32f1xx_hal_rcc.o
 .debug_info    0x00006286     0x2959 ./Drivers/STM32F1xx_HAL_Driver/Src/stm32f1xx_hal_tim.o
 .debug_info    0x00008bdf     0x149b ./Drivers/STM32F1xx_HAL_Driver/Src/stm32f1xx_hal_tim_ex.o
 .debug_info    0x0000a07a     0x2eed ./Drivers/STM32F1xx_HAL_Driver/Src/stm32f1xx_hal_uart.o
 .debug_info    0x0000cf67      0x2a8 ./mycode/KEY.o
 .debug_info    0x0000d20f      0x202 ./mycode/LED.o
 .debug_info    0x0000d411      0x56d ./mycode/OLED.o
 .debug_info    0x0000d97e      0x146 ./mycode/PID.o
 .debug_info    0x0000dac4      0x722 ./mycode/Servo.o

.debug_abbrev   0x00000000     0x26cf
 .debug_abbrev  0x00000000      0x13f ./Core/Src/gpio.o
 .debug_abbrev  0x0000013f      0x2ea ./Core/Src/main.o
 .debug_abbrev  0x00000429       0xdb ./Core/Src/stm32f1xx_hal_msp.o
 .debug_abbrev  0x00000504      0x19b ./Core/Src/stm32f1xx_it.o
 .debug_abbrev  0x0000069f      0x13f ./Core/Src/system_stm32f1xx.o
 .debug_abbrev  0x000007de      0x276 ./Core/Src/tim.o
 .debug_abbrev  0x00000a54      0x21c ./Core/Src/usart.o
 .debug_abbrev  0x00000c70       0x24 ./Core/Startup/startup_stm32f103vetx.o
 .debug_abbrev  0x00000c94      0x201 ./Drivers/STM32F1xx_HAL_Driver/Src/stm32f1xx_hal.o
 .debug_abbrev  0x00000e95      0x2f8 ./Drivers/STM32F1xx_HAL_Driver/Src/stm32f1xx_hal_cortex.o
 .debug_abbrev  0x0000118d      0x20b ./Drivers/STM32F1xx_HAL_Driver/Src/stm32f1xx_hal_dma.o
 .debug_abbrev  0x00001398      0x1ca ./Drivers/STM32F1xx_HAL_Driver/Src/stm32f1xx_hal_gpio.o
 .debug_abbrev  0x00001562      0x2b3 ./Drivers/STM32F1xx_HAL_Driver/Src/stm32f1xx_hal_rcc.o
 .debug_abbrev  0x00001815      0x277 ./Drivers/STM32F1xx_HAL_Driver/Src/stm32f1xx_hal_tim.o
 .debug_abbrev  0x00001a8c      0x282 ./Drivers/STM32F1xx_HAL_Driver/Src/stm32f1xx_hal_tim_ex.o
 .debug_abbrev  0x00001d0e      0x2f8 ./Drivers/STM32F1xx_HAL_Driver/Src/stm32f1xx_hal_uart.o
 .debug_abbrev  0x00002006      0x164 ./mycode/KEY.o
 .debug_abbrev  0x0000216a       0xe2 ./mycode/LED.o
 .debug_abbrev  0x0000224c      0x1fe ./mycode/OLED.o
 .debug_abbrev  0x0000244a       0xcd ./mycode/PID.o
 .debug_abbrev  0x00002517      0x1b8 ./mycode/Servo.o

.debug_aranges  0x00000000      0xe10
 .debug_aranges
                0x00000000       0x20 ./Core/Src/gpio.o
 .debug_aranges
                0x00000020       0x40 ./Core/Src/main.o
 .debug_aranges
                0x00000060       0x20 ./Core/Src/stm32f1xx_hal_msp.o
 .debug_aranges
                0x00000080       0x78 ./Core/Src/stm32f1xx_it.o
 .debug_aranges
                0x000000f8       0x28 ./Core/Src/system_stm32f1xx.o
 .debug_aranges
                0x00000120       0x70 ./Core/Src/tim.o
 .debug_aranges
                0x00000190       0x38 ./Core/Src/usart.o
 .debug_aranges
                0x000001c8       0x28 ./Core/Startup/startup_stm32f103vetx.o
 .debug_aranges
                0x000001f0       0xe0 ./Drivers/STM32F1xx_HAL_Driver/Src/stm32f1xx_hal.o
 .debug_aranges
                0x000002d0      0x100 ./Drivers/STM32F1xx_HAL_Driver/Src/stm32f1xx_hal_cortex.o
 .debug_aranges
                0x000003d0       0x80 ./Drivers/STM32F1xx_HAL_Driver/Src/stm32f1xx_hal_dma.o
 .debug_aranges
                0x00000450       0x58 ./Drivers/STM32F1xx_HAL_Driver/Src/stm32f1xx_hal_gpio.o
 .debug_aranges
                0x000004a8       0x90 ./Drivers/STM32F1xx_HAL_Driver/Src/stm32f1xx_hal_rcc.o
 .debug_aranges
                0x00000538      0x3d0 ./Drivers/STM32F1xx_HAL_Driver/Src/stm32f1xx_hal_tim.o
 .debug_aranges
                0x00000908      0x168 ./Drivers/STM32F1xx_HAL_Driver/Src/stm32f1xx_hal_tim_ex.o
 .debug_aranges
                0x00000a70      0x208 ./Drivers/STM32F1xx_HAL_Driver/Src/stm32f1xx_hal_uart.o
 .debug_aranges
                0x00000c78       0x30 ./mycode/KEY.o
 .debug_aranges
                0x00000ca8       0x68 ./mycode/LED.o
 .debug_aranges
                0x00000d10       0xa0 ./mycode/OLED.o
 .debug_aranges
                0x00000db0       0x20 ./mycode/PID.o
 .debug_aranges
                0x00000dd0       0x40 ./mycode/Servo.o

.debug_rnglists
                0x00000000      0xae9
 .debug_rnglists
                0x00000000       0x14 ./Core/Src/gpio.o
 .debug_rnglists
                0x00000014       0x2f ./Core/Src/main.o
 .debug_rnglists
                0x00000043       0x13 ./Core/Src/stm32f1xx_hal_msp.o
 .debug_rnglists
                0x00000056       0x55 ./Core/Src/stm32f1xx_it.o
 .debug_rnglists
                0x000000ab       0x1a ./Core/Src/system_stm32f1xx.o
 .debug_rnglists
                0x000000c5       0x58 ./Core/Src/tim.o
 .debug_rnglists
                0x0000011d       0x26 ./Core/Src/usart.o
 .debug_rnglists
                0x00000143       0x19 ./Core/Startup/startup_stm32f103vetx.o
 .debug_rnglists
                0x0000015c       0xa3 ./Drivers/STM32F1xx_HAL_Driver/Src/stm32f1xx_hal.o
 .debug_rnglists
                0x000001ff       0xbb ./Drivers/STM32F1xx_HAL_Driver/Src/stm32f1xx_hal_cortex.o
 .debug_rnglists
                0x000002ba       0x64 ./Drivers/STM32F1xx_HAL_Driver/Src/stm32f1xx_hal_dma.o
 .debug_rnglists
                0x0000031e       0x3f ./Drivers/STM32F1xx_HAL_Driver/Src/stm32f1xx_hal_gpio.o
 .debug_rnglists
                0x0000035d       0x6c ./Drivers/STM32F1xx_HAL_Driver/Src/stm32f1xx_hal_rcc.o
 .debug_rnglists
                0x000003c9      0x31a ./Drivers/STM32F1xx_HAL_Driver/Src/stm32f1xx_hal_tim.o
 .debug_rnglists
                0x000006e3      0x125 ./Drivers/STM32F1xx_HAL_Driver/Src/stm32f1xx_hal_tim_ex.o
 .debug_rnglists
                0x00000808      0x1bc ./Drivers/STM32F1xx_HAL_Driver/Src/stm32f1xx_hal_uart.o
 .debug_rnglists
                0x000009c4       0x22 ./mycode/KEY.o
 .debug_rnglists
                0x000009e6       0x49 ./mycode/LED.o
 .debug_rnglists
                0x00000a2f       0x77 ./mycode/OLED.o
 .debug_rnglists
                0x00000aa6       0x14 ./mycode/PID.o
 .debug_rnglists
                0x00000aba       0x2f ./mycode/Servo.o

.debug_macro    0x00000000    0x1a69f
 .debug_macro   0x00000000      0x1bc ./Core/Src/gpio.o
 .debug_macro   0x000001bc      0xacc ./Core/Src/gpio.o
 .debug_macro   0x00000c88      0x21b ./Core/Src/gpio.o
 .debug_macro   0x00000ea3       0x2e ./Core/Src/gpio.o
 .debug_macro   0x00000ed1       0x22 ./Core/Src/gpio.o
 .debug_macro   0x00000ef3       0x22 ./Core/Src/gpio.o
 .debug_macro   0x00000f15       0x8e ./Core/Src/gpio.o
 .debug_macro   0x00000fa3       0x51 ./Core/Src/gpio.o
 .debug_macro   0x00000ff4      0x103 ./Core/Src/gpio.o
 .debug_macro   0x000010f7       0x6a ./Core/Src/gpio.o
 .debug_macro   0x00001161      0x1df ./Core/Src/gpio.o
 .debug_macro   0x00001340       0x1c ./Core/Src/gpio.o
 .debug_macro   0x0000135c       0x22 ./Core/Src/gpio.o
 .debug_macro   0x0000137e       0xbd ./Core/Src/gpio.o
 .debug_macro   0x0000143b      0xd23 ./Core/Src/gpio.o
 .debug_macro   0x0000215e     0xfd8c ./Core/Src/gpio.o
 .debug_macro   0x00011eea       0x6d ./Core/Src/gpio.o
 .debug_macro   0x00011f57     0x34a2 ./Core/Src/gpio.o
 .debug_macro   0x000153f9      0x190 ./Core/Src/gpio.o
 .debug_macro   0x00015589       0x5c ./Core/Src/gpio.o
 .debug_macro   0x000155e5      0x5bc ./Core/Src/gpio.o
 .debug_macro   0x00015ba1      0x4d5 ./Core/Src/gpio.o
 .debug_macro   0x00016076      0x1cb ./Core/Src/gpio.o
 .debug_macro   0x00016241      0x114 ./Core/Src/gpio.o
 .debug_macro   0x00016355      0x1ea ./Core/Src/gpio.o
 .debug_macro   0x0001653f       0x27 ./Core/Src/gpio.o
 .debug_macro   0x00016566      0x144 ./Core/Src/gpio.o
 .debug_macro   0x000166aa      0x1bc ./Core/Src/gpio.o
 .debug_macro   0x00016866       0x30 ./Core/Src/gpio.o
 .debug_macro   0x00016896       0x3c ./Core/Src/gpio.o
 .debug_macro   0x000168d2       0x57 ./Core/Src/gpio.o
 .debug_macro   0x00016929       0x87 ./Core/Src/gpio.o
 .debug_macro   0x000169b0      0x24f ./Core/Src/gpio.o
 .debug_macro   0x00016bff      0x140 ./Core/Src/gpio.o
 .debug_macro   0x00016d3f      0x8ed ./Core/Src/gpio.o
 .debug_macro   0x0001762c      0x28e ./Core/Src/gpio.o
 .debug_macro   0x000178ba       0xb5 ./Core/Src/gpio.o
 .debug_macro   0x0001796f       0x94 ./Core/Src/gpio.o
 .debug_macro   0x00017a03      0x303 ./Core/Src/main.o
 .debug_macro   0x00017d06       0x61 ./Core/Src/main.o
 .debug_macro   0x00017d67       0x24 ./Core/Src/main.o
 .debug_macro   0x00017d8b       0x43 ./Core/Src/main.o
 .debug_macro   0x00017dce       0x34 ./Core/Src/main.o
 .debug_macro   0x00017e02      0x370 ./Core/Src/main.o
 .debug_macro   0x00018172       0x16 ./Core/Src/main.o
 .debug_macro   0x00018188       0x4a ./Core/Src/main.o
 .debug_macro   0x000181d2       0x34 ./Core/Src/main.o
 .debug_macro   0x00018206       0x10 ./Core/Src/main.o
 .debug_macro   0x00018216       0x58 ./Core/Src/main.o
 .debug_macro   0x0001826e       0x8e ./Core/Src/main.o
 .debug_macro   0x000182fc       0x1c ./Core/Src/main.o
 .debug_macro   0x00018318      0x185 ./Core/Src/main.o
 .debug_macro   0x0001849d       0x10 ./Core/Src/main.o
 .debug_macro   0x000184ad       0x3c ./Core/Src/main.o
 .debug_macro   0x000184e9       0x20 ./Core/Src/main.o
 .debug_macro   0x00018509      0x19b ./Core/Src/main.o
 .debug_macro   0x000186a4      0x1b2 ./Core/Src/stm32f1xx_hal_msp.o
 .debug_macro   0x00018856      0x1bc ./Core/Src/stm32f1xx_it.o
 .debug_macro   0x00018a12      0x1a3 ./Core/Src/system_stm32f1xx.o
 .debug_macro   0x00018bb5      0x1bc ./Core/Src/tim.o
 .debug_macro   0x00018d71      0x1bc ./Core/Src/usart.o
 .debug_macro   0x00018f2d      0x1c7 ./Drivers/STM32F1xx_HAL_Driver/Src/stm32f1xx_hal.o
 .debug_macro   0x000190f4      0x1a3 ./Drivers/STM32F1xx_HAL_Driver/Src/stm32f1xx_hal_cortex.o
 .debug_macro   0x00019297      0x1a3 ./Drivers/STM32F1xx_HAL_Driver/Src/stm32f1xx_hal_dma.o
 .debug_macro   0x0001943a      0x20e ./Drivers/STM32F1xx_HAL_Driver/Src/stm32f1xx_hal_gpio.o
 .debug_macro   0x00019648      0x1b5 ./Drivers/STM32F1xx_HAL_Driver/Src/stm32f1xx_hal_rcc.o
 .debug_macro   0x000197fd      0x1a4 ./Drivers/STM32F1xx_HAL_Driver/Src/stm32f1xx_hal_tim.o
 .debug_macro   0x000199a1      0x1a3 ./Drivers/STM32F1xx_HAL_Driver/Src/stm32f1xx_hal_tim_ex.o
 .debug_macro   0x00019b44      0x1a4 ./Drivers/STM32F1xx_HAL_Driver/Src/stm32f1xx_hal_uart.o
 .debug_macro   0x00019ce8      0x1da ./mycode/KEY.o
 .debug_macro   0x00019ec2      0x1bc ./mycode/LED.o
 .debug_macro   0x0001a07e      0x1e0 ./mycode/OLED.o
 .debug_macro   0x0001a25e      0x27b ./mycode/PID.o
 .debug_macro   0x0001a4d9      0x1c6 ./mycode/Servo.o

.debug_line     0x00000000    0x11d4d
 .debug_line    0x00000000      0x742 ./Core/Src/gpio.o
 .debug_line    0x00000742      0xc7e ./Core/Src/main.o
 .debug_line    0x000013c0      0x6f5 ./Core/Src/stm32f1xx_hal_msp.o
 .debug_line    0x00001ab5      0x7eb ./Core/Src/stm32f1xx_it.o
 .debug_line    0x000022a0      0x773 ./Core/Src/system_stm32f1xx.o
 .debug_line    0x00002a13      0xafc ./Core/Src/tim.o
 .debug_line    0x0000350f      0x7e5 ./Core/Src/usart.o
 .debug_line    0x00003cf4       0x79 ./Core/Startup/startup_stm32f103vetx.o
 .debug_line    0x00003d6d      0x9a4 ./Drivers/STM32F1xx_HAL_Driver/Src/stm32f1xx_hal.o
 .debug_line    0x00004711      0xb6e ./Drivers/STM32F1xx_HAL_Driver/Src/stm32f1xx_hal_cortex.o
 .debug_line    0x0000527f     0x12a8 ./Drivers/STM32F1xx_HAL_Driver/Src/stm32f1xx_hal_dma.o
 .debug_line    0x00006527      0xa29 ./Drivers/STM32F1xx_HAL_Driver/Src/stm32f1xx_hal_gpio.o
 .debug_line    0x00006f50      0xe5d ./Drivers/STM32F1xx_HAL_Driver/Src/stm32f1xx_hal_rcc.o
 .debug_line    0x00007dad     0x36c2 ./Drivers/STM32F1xx_HAL_Driver/Src/stm32f1xx_hal_tim.o
 .debug_line    0x0000b46f     0x18ce ./Drivers/STM32F1xx_HAL_Driver/Src/stm32f1xx_hal_tim_ex.o
 .debug_line    0x0000cd3d     0x24c0 ./Drivers/STM32F1xx_HAL_Driver/Src/stm32f1xx_hal_uart.o
 .debug_line    0x0000f1fd      0x7ea ./mycode/KEY.o
 .debug_line    0x0000f9e7      0x791 ./mycode/LED.o
 .debug_line    0x00010178      0xa71 ./mycode/OLED.o
 .debug_line    0x00010be9      0x974 ./mycode/PID.o
 .debug_line    0x0001155d      0x7f0 ./mycode/Servo.o

.debug_str      0x00000000    0x98d6f
 .debug_str     0x00000000    0x98d6f ./Core/Src/gpio.o
                              0x91d08 (size before relaxing)
 .debug_str     0x00098d6f    0x96244 ./Core/Src/main.o
 .debug_str     0x00098d6f    0x91c90 ./Core/Src/stm32f1xx_hal_msp.o
 .debug_str     0x00098d6f    0x923ff ./Core/Src/stm32f1xx_it.o
 .debug_str     0x00098d6f    0x91abb ./Core/Src/system_stm32f1xx.o
 .debug_str     0x00098d6f    0x929e5 ./Core/Src/tim.o
 .debug_str     0x00098d6f    0x92598 ./Core/Src/usart.o
 .debug_str     0x00098d6f       0x5e ./Core/Startup/startup_stm32f103vetx.o
 .debug_str     0x00098d6f    0x922d2 ./Drivers/STM32F1xx_HAL_Driver/Src/stm32f1xx_hal.o
 .debug_str     0x00098d6f    0x9221e ./Drivers/STM32F1xx_HAL_Driver/Src/stm32f1xx_hal_cortex.o
 .debug_str     0x00098d6f    0x91e64 ./Drivers/STM32F1xx_HAL_Driver/Src/stm32f1xx_hal_dma.o
 .debug_str     0x00098d6f    0x91e41 ./Drivers/STM32F1xx_HAL_Driver/Src/stm32f1xx_hal_gpio.o
 .debug_str     0x00098d6f    0x91eea ./Drivers/STM32F1xx_HAL_Driver/Src/stm32f1xx_hal_rcc.o
 .debug_str     0x00098d6f    0x92eec ./Drivers/STM32F1xx_HAL_Driver/Src/stm32f1xx_hal_tim.o
 .debug_str     0x00098d6f    0x926f8 ./Drivers/STM32F1xx_HAL_Driver/Src/stm32f1xx_hal_tim_ex.o
 .debug_str     0x00098d6f    0x9255b ./Drivers/STM32F1xx_HAL_Driver/Src/stm32f1xx_hal_uart.o
 .debug_str     0x00098d6f    0x91d5a ./mycode/KEY.o
 .debug_str     0x00098d6f    0x91cc5 ./mycode/LED.o
 .debug_str     0x00098d6f    0x91e7d ./mycode/OLED.o
 .debug_str     0x00098d6f    0x955d1 ./mycode/PID.o
 .debug_str     0x00098d6f    0x92194 ./mycode/Servo.o

.comment        0x00000000       0x43
 .comment       0x00000000       0x43 ./Core/Src/gpio.o
                                 0x44 (size before relaxing)
 .comment       0x00000043       0x44 ./Core/Src/main.o
 .comment       0x00000043       0x44 ./Core/Src/stm32f1xx_hal_msp.o
 .comment       0x00000043       0x44 ./Core/Src/stm32f1xx_it.o
 .comment       0x00000043       0x44 ./Core/Src/system_stm32f1xx.o
 .comment       0x00000043       0x44 ./Core/Src/tim.o
 .comment       0x00000043       0x44 ./Core/Src/usart.o
 .comment       0x00000043       0x44 ./Drivers/STM32F1xx_HAL_Driver/Src/stm32f1xx_hal.o
 .comment       0x00000043       0x44 ./Drivers/STM32F1xx_HAL_Driver/Src/stm32f1xx_hal_cortex.o
 .comment       0x00000043       0x44 ./Drivers/STM32F1xx_HAL_Driver/Src/stm32f1xx_hal_dma.o
 .comment       0x00000043       0x44 ./Drivers/STM32F1xx_HAL_Driver/Src/stm32f1xx_hal_gpio.o
 .comment       0x00000043       0x44 ./Drivers/STM32F1xx_HAL_Driver/Src/stm32f1xx_hal_rcc.o
 .comment       0x00000043       0x44 ./Drivers/STM32F1xx_HAL_Driver/Src/stm32f1xx_hal_tim.o
 .comment       0x00000043       0x44 ./Drivers/STM32F1xx_HAL_Driver/Src/stm32f1xx_hal_tim_ex.o
 .comment       0x00000043       0x44 ./Drivers/STM32F1xx_HAL_Driver/Src/stm32f1xx_hal_uart.o
 .comment       0x00000043       0x44 ./mycode/KEY.o
 .comment       0x00000043       0x44 ./mycode/LED.o
 .comment       0x00000043       0x44 ./mycode/OLED.o
 .comment       0x00000043       0x44 ./mycode/PID.o
 .comment       0x00000043       0x44 ./mycode/Servo.o

.debug_frame    0x00000000     0x3aac
 .debug_frame   0x00000000       0x34 ./Core/Src/gpio.o
 .debug_frame   0x00000034       0xb8 ./Core/Src/main.o
 .debug_frame   0x000000ec       0x38 ./Core/Src/stm32f1xx_hal_msp.o
 .debug_frame   0x00000124      0x158 ./Core/Src/stm32f1xx_it.o
 .debug_frame   0x0000027c       0x58 ./Core/Src/system_stm32f1xx.o
 .debug_frame   0x000002d4      0x19c ./Core/Src/tim.o
 .debug_frame   0x00000470       0x90 ./Core/Src/usart.o
 .debug_frame   0x00000500      0x334 ./Drivers/STM32F1xx_HAL_Driver/Src/stm32f1xx_hal.o
 .debug_frame   0x00000834      0x428 ./Drivers/STM32F1xx_HAL_Driver/Src/stm32f1xx_hal_cortex.o
 .debug_frame   0x00000c5c      0x20c ./Drivers/STM32F1xx_HAL_Driver/Src/stm32f1xx_hal_dma.o
 .debug_frame   0x00000e68      0x14c ./Drivers/STM32F1xx_HAL_Driver/Src/stm32f1xx_hal_gpio.o
 .debug_frame   0x00000fb4      0x218 ./Drivers/STM32F1xx_HAL_Driver/Src/stm32f1xx_hal_rcc.o
 .debug_frame   0x000011cc     0x11b8 ./Drivers/STM32F1xx_HAL_Driver/Src/stm32f1xx_hal_tim.o
 .debug_frame   0x00002384      0x638 ./Drivers/STM32F1xx_HAL_Driver/Src/stm32f1xx_hal_tim_ex.o
 .debug_frame   0x000029bc      0x944 ./Drivers/STM32F1xx_HAL_Driver/Src/stm32f1xx_hal_uart.o
 .debug_frame   0x00003300       0x64 ./mycode/KEY.o
 .debug_frame   0x00003364      0x128 ./mycode/LED.o
 .debug_frame   0x0000348c      0x268 ./mycode/OLED.o
 .debug_frame   0x000036f4       0x38 ./mycode/PID.o
 .debug_frame   0x0000372c       0xc4 ./mycode/Servo.o
 .debug_frame   0x000037f0       0x20 D:/STM32CubeIDE/STM32CubeIDE_1.19.0/STM32CubeIDE/plugins/com.st.stm32cube.ide.mcu.externaltools.gnu-tools-for-stm32.13.3.rel1.win32_1.0.0.202411081344/tools/bin/../lib/gcc/arm-none-eabi/13.3.1/../../../../arm-none-eabi/lib/thumb/v7-m/nofp\libc_nano.a(libc_a-memset.o)
 .debug_frame   0x00003810       0x2c D:/STM32CubeIDE/STM32CubeIDE_1.19.0/STM32CubeIDE/plugins/com.st.stm32cube.ide.mcu.externaltools.gnu-tools-for-stm32.13.3.rel1.win32_1.0.0.202411081344/tools/bin/../lib/gcc/arm-none-eabi/13.3.1/../../../../arm-none-eabi/lib/thumb/v7-m/nofp\libc_nano.a(libc_a-init.o)
 .debug_frame   0x0000383c       0x30 D:/STM32CubeIDE/STM32CubeIDE_1.19.0/STM32CubeIDE/plugins/com.st.stm32cube.ide.mcu.externaltools.gnu-tools-for-stm32.13.3.rel1.win32_1.0.0.202411081344/tools/bin/../lib/gcc/arm-none-eabi/13.3.1/thumb/v7-m/nofp\libgcc.a(_arm_muldf3.o)
 .debug_frame   0x0000386c       0xac D:/STM32CubeIDE/STM32CubeIDE_1.19.0/STM32CubeIDE/plugins/com.st.stm32cube.ide.mcu.externaltools.gnu-tools-for-stm32.13.3.rel1.win32_1.0.0.202411081344/tools/bin/../lib/gcc/arm-none-eabi/13.3.1/thumb/v7-m/nofp\libgcc.a(_arm_addsubdf3.o)
 .debug_frame   0x00003918       0x24 D:/STM32CubeIDE/STM32CubeIDE_1.19.0/STM32CubeIDE/plugins/com.st.stm32cube.ide.mcu.externaltools.gnu-tools-for-stm32.13.3.rel1.win32_1.0.0.202411081344/tools/bin/../lib/gcc/arm-none-eabi/13.3.1/thumb/v7-m/nofp\libgcc.a(_arm_fixunsdfsi.o)
 .debug_frame   0x0000393c       0x4c D:/STM32CubeIDE/STM32CubeIDE_1.19.0/STM32CubeIDE/plugins/com.st.stm32cube.ide.mcu.externaltools.gnu-tools-for-stm32.13.3.rel1.win32_1.0.0.202411081344/tools/bin/../lib/gcc/arm-none-eabi/13.3.1/thumb/v7-m/nofp\libgcc.a(_arm_addsubsf3.o)
 .debug_frame   0x00003988       0x38 D:/STM32CubeIDE/STM32CubeIDE_1.19.0/STM32CubeIDE/plugins/com.st.stm32cube.ide.mcu.externaltools.gnu-tools-for-stm32.13.3.rel1.win32_1.0.0.202411081344/tools/bin/../lib/gcc/arm-none-eabi/13.3.1/thumb/v7-m/nofp\libgcc.a(_arm_muldivsf3.o)
 .debug_frame   0x000039c0       0xc8 D:/STM32CubeIDE/STM32CubeIDE_1.19.0/STM32CubeIDE/plugins/com.st.stm32cube.ide.mcu.externaltools.gnu-tools-for-stm32.13.3.rel1.win32_1.0.0.202411081344/tools/bin/../lib/gcc/arm-none-eabi/13.3.1/thumb/v7-m/nofp\libgcc.a(_arm_cmpsf2.o)
 .debug_frame   0x00003a88       0x24 D:/STM32CubeIDE/STM32CubeIDE_1.19.0/STM32CubeIDE/plugins/com.st.stm32cube.ide.mcu.externaltools.gnu-tools-for-stm32.13.3.rel1.win32_1.0.0.202411081344/tools/bin/../lib/gcc/arm-none-eabi/13.3.1/thumb/v7-m/nofp\libgcc.a(_arm_fixsfsi.o)

.debug_line_str
                0x00000000       0x42
 .debug_line_str
                0x00000000       0x42 ./Core/Startup/startup_stm32f103vetx.o
